Component: ARM Compiler 5.06 update 7 (build 960) Tool: armlink [4d3601]

==============================================================================

Section Cross References

    virtual_demo.o(i.callback) refers to led.o(i.LED_On) for LED_On
    virtual_demo.o(i.callback) refers to led.o(i.LED_Off) for LED_Off
    virtual_demo.o(i.callback) refers to rt_cmsis.o(i.osSignalSet) for osSignalSet
    virtual_demo.o(i.callback) refers to virtual_demo.o(i.delay) for delay
    virtual_demo.o(i.callback) refers to virtual_demo.o(.data) for T_led_ID1
    virtual_demo.o(i.led_Thread1) refers to rt_cmsis.o(i.osSignalWait) for osSignalWait
    virtual_demo.o(i.led_Thread1) refers to led.o(i.LED_Off) for LED_Off
    virtual_demo.o(i.led_Thread1) refers to led.o(i.LED_On) for LED_On
    virtual_demo.o(i.led_Thread1) refers to virtual_demo.o(i.delay) for delay
    virtual_demo.o(i.led_Thread2) refers to rt_cmsis.o(i.osSignalWait) for osSignalWait
    virtual_demo.o(i.led_Thread2) refers to led.o(i.LED_Off) for LED_Off
    virtual_demo.o(i.led_Thread2) refers to led.o(i.LED_On) for LED_On
    virtual_demo.o(i.led_Thread2) refers to virtual_demo.o(i.delay) for delay
    virtual_demo.o(i.led_Thread3) refers to rt_cmsis.o(i.osSignalWait) for osSignalWait
    virtual_demo.o(i.led_Thread3) refers to led.o(i.LED_Off) for LED_Off
    virtual_demo.o(i.led_Thread3) refers to led.o(i.LED_On) for LED_On
    virtual_demo.o(i.led_Thread3) refers to virtual_demo.o(i.delay) for delay
    virtual_demo.o(i.main) refers to rt_cmsis.o(i.osKernelInitialize) for osKernelInitialize
    virtual_demo.o(i.main) refers to rt_cmsis.o(i.osTimerCreate) for osTimerCreate
    virtual_demo.o(i.main) refers to led.o(i.LED_Init) for LED_Init
    virtual_demo.o(i.main) refers to rt_cmsis.o(i.osTimerStart) for osTimerStart
    virtual_demo.o(i.main) refers to rt_cmsis.o(i.osThreadCreate) for osThreadCreate
    virtual_demo.o(i.main) refers to rt_cmsis.o(i.osKernelStart) for osKernelStart
    virtual_demo.o(i.main) refers to rt_cmsis.o(i.osDelay) for osDelay
    virtual_demo.o(i.main) refers to virtual_demo.o(.constdata) for os_timer_def_timer0_handle
    virtual_demo.o(i.main) refers to virtual_demo.o(.data) for T_led_ID1
    virtual_demo.o(.constdata) refers to virtual_demo.o(i.led_Thread1) for led_Thread1
    virtual_demo.o(.constdata) refers to virtual_demo.o(i.led_Thread2) for led_Thread2
    virtual_demo.o(.constdata) refers to virtual_demo.o(i.led_Thread3) for led_Thread3
    virtual_demo.o(.constdata) refers to virtual_demo.o(i.callback) for callback
    virtual_demo.o(.constdata) refers to virtual_demo.o(.bss) for os_timer_cb_timer0_handle
    led.o(i.LED_Off) refers to led.o(.constdata) for led_mask
    led.o(i.LED_On) refers to led.o(.constdata) for led_mask
    rtx_conf_cm.o(.emb_text) refers to rt_cmsis.o(i.osKernelInitialize) for osKernelInitialize
    rtx_conf_cm.o(.emb_text) refers to rt_cmsis.o(i.osThreadCreate) for osThreadCreate
    rtx_conf_cm.o(.emb_text) refers to rt_cmsis.o(i.osKernelStart) for osKernelStart
    rtx_conf_cm.o(.emb_text) refers to exit.o(.text) for exit
    rtx_conf_cm.o(.emb_text) refers to rtx_conf_cm.o(.constdata) for os_thread_def_main
    rtx_conf_cm.o(i.__user_perthread_libspace) refers to rt_task.o(i.rt_tsk_self) for rt_tsk_self
    rtx_conf_cm.o(i.__user_perthread_libspace) refers to rt_cmsis.o(.data) for os_running
    rtx_conf_cm.o(i.__user_perthread_libspace) refers to rtx_conf_cm.o(.bss) for .bss
    rtx_conf_cm.o(i.__user_perthread_libspace) refers to libspace.o(.bss) for __libspace_start
    rtx_conf_cm.o(i._mutex_acquire) refers to rt_cmsis.o(.data) for os_running
    rtx_conf_cm.o(i._mutex_acquire) refers to rt_mutex.o(i.rt_mut_wait) for rt_mut_wait
    rtx_conf_cm.o(i._mutex_initialize) refers to rt_mutex.o(i.rt_mut_init) for rt_mut_init
    rtx_conf_cm.o(i._mutex_initialize) refers to rtx_conf_cm.o(.data) for .data
    rtx_conf_cm.o(i._mutex_initialize) refers to rtx_conf_cm.o(.bss) for .bss
    rtx_conf_cm.o(i._mutex_release) refers to rt_cmsis.o(.data) for os_running
    rtx_conf_cm.o(i._mutex_release) refers to rt_mutex.o(i.rt_mut_release) for rt_mut_release
    rtx_conf_cm.o(.constdata) refers to rt_cmsis.o(i.osTimerThread) for osTimerThread
    rtx_conf_cm.o(.constdata) refers to rtx_conf_cm.o(.bss) for os_messageQ_q_osTimerMessageQ
    rtx_conf_cm.o(.constdata) refers to virtual_demo.o(i.main) for main
    startup_lpc17xx.o(STACK) refers (Special) to heapauxi.o(.text) for __use_two_region_memory
    startup_lpc17xx.o(HEAP) refers (Special) to heapauxi.o(.text) for __use_two_region_memory
    startup_lpc17xx.o(RESET) refers (Special) to heapauxi.o(.text) for __use_two_region_memory
    startup_lpc17xx.o(RESET) refers to startup_lpc17xx.o(STACK) for __initial_sp
    startup_lpc17xx.o(RESET) refers to startup_lpc17xx.o(.text) for Reset_Handler
    startup_lpc17xx.o(RESET) refers to hal_cm3.o(.emb_text) for SVC_Handler
[...]
    sys_command.o(.text) refers (Special) to indicate_semi.o(.text) for __semihosting_library_function
    defsig_abrt_inner.o(.text) refers to defsig_general.o(.text) for __default_signal_display
    defsig_rtred_inner.o(.text) refers to defsig_general.o(.text) for __default_signal_display
    defsig_rtmem_inner.o(.text) refers to defsig_general.o(.text) for __default_signal_display
    defsig_rtmem_outer.o(.text) refers to defsig_rtmem_inner.o(.text) for __rt_SIGRTMEM_inner
    defsig_rtmem_outer.o(.text) refers to defsig_exit.o(.text) for __sig_exit
    defsig_rtmem_formal.o(.text) refers to rt_raise.o(.text) for __rt_raise
    defsig_stak_inner.o(.text) refers to defsig_general.o(.text) for __default_signal_display
    defsig_pvfn_inner.o(.text) refers to defsig_general.o(.text) for __default_signal_display
    defsig_cppl_inner.o(.text) refers to defsig_general.o(.text) for __default_signal_display
    defsig_segv_inner.o(.text) refers to defsig_general.o(.text) for __default_signal_display
    defsig_other.o(.text) refers to defsig_general.o(.text) for __default_signal_display


==============================================================================

Removing Unused input sections from the image.

    Removing led.o(.rev16_text), (4 bytes).
    Removing led.o(.revsh_text), (4 bytes).
    Removing led.o(.rrx_text), (6 bytes).
    Removing rtx_conf_cm.o(i.__user_perthread_libspace), (44 bytes).
    Removing rtx_conf_cm.o(i._mutex_initialize), (44 bytes).
    Removing system_lpc17xx.o(.rev16_text), (4 bytes).
    Removing system_lpc17xx.o(.revsh_text), (4 bytes).
    Removing system_lpc17xx.o(.rrx_text), (6 bytes).
    Removing system_lpc17xx.o(i.SystemCoreClockUpdate), (424 bytes).
    Removing system_lpc17xx.o(.data), (4 bytes).
    Removing rt_cmsis.o(.rev16_text), (4 bytes).
    Removing rt_cmsis.o(.revsh_text), (4 bytes).
    Removing rt_cmsis.o(.rrx_text), (6 bytes).
    Removing rt_cmsis.o(i.isrSemaphoreRelease), (40 bytes).
    Removing rt_cmsis.o(i.osKernelRunning), (36 bytes).
    Removing rt_cmsis.o(i.osKernelSysTick), (24 bytes).
    Removing rt_cmsis.o(i.osMailAlloc), (28 bytes).
    Removing rt_cmsis.o(i.osMailCAlloc), (48 bytes).
    Removing rt_cmsis.o(i.osMailCreate), (44 bytes).
    Removing rt_cmsis.o(i.osMailFree), (28 bytes).
    Removing rt_cmsis.o(i.osMailGet), (22 bytes).
    Removing rt_cmsis.o(i.osMailPut), (20 bytes).
    Removing rt_cmsis.o(i.osMessageCreate), (44 bytes).
    Removing rt_cmsis.o(i.osMessagePut), (24 bytes).
    Removing rt_cmsis.o(i.osMutexCreate), (44 bytes).
    Removing rt_cmsis.o(i.osMutexDelete), (24 bytes).
    Removing rt_cmsis.o(i.osMutexRelease), (24 bytes).
    Removing rt_cmsis.o(i.osMutexWait), (24 bytes).
    Removing rt_cmsis.o(i.osPoolAlloc), (32 bytes).
    Removing rt_cmsis.o(i.osPoolCAlloc), (52 bytes).
    Removing rt_cmsis.o(i.osPoolCreate), (44 bytes).
    Removing rt_cmsis.o(i.osPoolFree), (32 bytes).
    Removing rt_cmsis.o(i.osSemaphoreCreate), (44 bytes).
    Removing rt_cmsis.o(i.osSemaphoreDelete), (24 bytes).
    Removing rt_cmsis.o(i.osSemaphoreRelease), (24 bytes).
    Removing rt_cmsis.o(i.osSemaphoreWait), (24 bytes).
    Removing rt_cmsis.o(i.osSignalClear), (24 bytes).
    Removing rt_cmsis.o(i.osThreadGetId), (24 bytes).
    Removing rt_cmsis.o(i.osThreadGetPriority), (24 bytes).
    Removing rt_cmsis.o(i.osThreadSetPriority), (24 bytes).
    Removing rt_cmsis.o(i.osThreadTerminate), (24 bytes).
    Removing rt_cmsis.o(i.osThreadYield), (24 bytes).
    Removing rt_cmsis.o(i.osTimerDelete), (24 bytes).
    Removing rt_cmsis.o(i.osTimerStop), (24 bytes).
    Removing rt_cmsis.o(i.osWait), (4 bytes).
    Removing rt_cmsis.o(i.os_resume), (12 bytes).
    Removing rt_cmsis.o(i.os_suspend), (12 bytes).
    Removing rt_cmsis.o(i.rt_clr_box), (24 bytes).
    Removing rt_cmsis.o(i.svcKernelRunning), (12 bytes).
    Removing rt_cmsis.o(i.svcKernelSysTick), (56 bytes).
    Removing rt_cmsis.o(i.svcMailCreate), (66 bytes).
    Removing rt_cmsis.o(i.svcMessagePut), (54 bytes).
    Removing rt_cmsis.o(i.svcMutexCreate), (28 bytes).
    Removing rt_cmsis.o(i.svcMutexDelete), (26 bytes).
    Removing rt_cmsis.o(i.svcMutexRelease), (34 bytes).
    Removing rt_cmsis.o(i.svcMutexWait), (58 bytes).
    Removing rt_cmsis.o(i.svcPoolCreate), (40 bytes).
    Removing rt_cmsis.o(i.svcSemaphoreCreate), (36 bytes).
    Removing rt_cmsis.o(i.svcSemaphoreDelete), (26 bytes).
    Removing rt_cmsis.o(i.svcSemaphoreRelease), (40 bytes).
    Removing rt_cmsis.o(i.svcSemaphoreWait), (50 bytes).
    Removing rt_cmsis.o(i.svcSignalClear), (36 bytes).
    Removing rt_cmsis.o(i.svcThreadGetPriority), (18 bytes).
    Removing rt_cmsis.o(i.svcThreadSetPriority), (46 bytes).
    Removing rt_cmsis.o(i.svcThreadYield), (10 bytes).
    Removing rt_cmsis.o(i.svcTimerDelete), (40 bytes).
    Removing rt_cmsis.o(i.svcTimerStop), (36 bytes).
    Removing rt_cmsis.o(i.sysMailAlloc), (88 bytes).
    Removing rt_cmsis.o(i.sysMailFree), (96 bytes).
    Removing rt_cmsis.o(i.sysPoolAlloc), (10 bytes).
    Removing rt_cmsis.o(i.sysPoolFree), (20 bytes).
    Removing rt_cmsis.o(i.sysUserTimerUpdate), (48 bytes).
    Removing rt_cmsis.o(i.sysUserTimerWakeupTime), (20 bytes).
    Removing rt_task.o(i.rt_tsk_pass), (48 bytes).
    Removing rt_mutex.o(i.rt_mut_delete), (176 bytes).
    Removing rt_mutex.o(i.rt_mut_init), (16 bytes).
    Removing rt_system.o(.emb_text), (0 bytes).
    Removing rt_system.o(i.os_tick_ovf), (16 bytes).
    Removing rt_system.o(i.os_tick_val), (20 bytes).
    Removing rt_system.o(i.rt_resume), (136 bytes).
    Removing rt_system.o(i.rt_suspend), (36 bytes).
    Removing rt_system.o(i.rt_tsk_lock), (80 bytes).
    Removing rt_system.o(i.rt_tsk_unlock), (80 bytes).
    Removing rt_event.o(i.rt_evt_clr), (28 bytes).
    Removing rt_event.o(i.rt_evt_get), (12 bytes).
    Removing rt_list.o(i.rt_get_same_rdy_prio), (36 bytes).
    Removing rt_mailbox.o(i.rt_mbx_send), (152 bytes).
    Removing rt_semaphore.o(i.isr_sem_send), (16 bytes).
    Removing rt_semaphore.o(i.rt_sem_delete), (92 bytes).
    Removing rt_semaphore.o(i.rt_sem_init), (12 bytes).
    Removing rt_semaphore.o(i.rt_sem_send), (42 bytes).
    Removing rt_semaphore.o(i.rt_sem_wait), (64 bytes).
    Removing rt_time.o(i.rt_itv_set), (24 bytes).
    Removing rt_time.o(i.rt_itv_wait), (40 bytes).
    Removing rt_time.o(i.rt_time_get), (12 bytes).
    Removing rt_membox.o(i._calloc_box), (30 bytes).
    Removing rt_robin.o(i.rt_chk_robin), (72 bytes).
    Removing rt_robin.o(i.rt_init_robin), (24 bytes).
    Removing rt_robin.o(.data), (8 bytes).

99 unused section(s) (total 3818 bytes) removed from the image.

==============================================================================

Image Symbol Table

    Local Symbols

    Symbol Name                              Value     Ov Type        Size  Object(Section)

    RESET                                    0x00000000   Section      204  startup_lpc17xx.o(RESET)
    ../clib/angel/boardlib.s                 0x00000000   Number         0  boardshut.o ABSOLUTE
    ../clib/angel/boardlib.s                 0x00000000   Number         0  boardinit2.o ABSOLUTE
    ../clib/angel/boardlib.s                 0x00000000   Number         0  boardinit1.o ABSOLUTE
    ../clib/angel/handlers.s                 0x00000000   Number         0  __scatter_zi.o ABSOLUTE
    ../clib/angel/handlers.s                 0x00000000   Number         0  __scatter_copy.o ABSOLUTE
    ../clib/angel/kernel.s                   0x00000000   Number         0  __rtentry4.o ABSOLUTE
    ../clib/angel/kernel.s                   0x00000000   Number         0  rtexit.o ABSOLUTE
    ../clib/angel/kernel.s                   0x00000000   Number         0  rtexit2.o ABSOLUTE
    ../clib/angel/kernel.s                   0x00000000   Number         0  __rtentry.o ABSOLUTE
    ../clib/angel/kernel.s                   0x00000000   Number         0  __rtentry2.o ABSOLUTE
    ../clib/angel/rt.s                       0x00000000   Number         0  rt_raise.o ABSOLUTE
    ../clib/angel/rt.s                       0x00000000   Number         0  aeabi_ldiv0.o ABSOLUTE
    ../clib/angel/rt.s                       0x00000000   Number         0  aeabi_ldiv0_sigfpe.o ABSOLUTE
    ../clib/angel/rt.s                       0x00000000   Number         0  rt_div0.o ABSOLUTE
    ../clib/angel/scatter.s                  0x00000000   Number         0  __scatter.o ABSOLUTE
    ../clib/angel/startup.s                  0x00000000   Number         0  __main.o ABSOLUTE
    ../clib/angel/sys.s                      0x00000000   Number         0  indicate_semi.o ABSOLUTE
    ../clib/angel/sys.s                      0x00000000   Number         0  use_no_semi.o ABSOLUTE
    ../clib/angel/sys.s                      0x00000000   Number         0  libspace.o ABSOLUTE
    ../clib/angel/sys.s                      0x00000000   Number         0  sys_stackheap_outer.o ABSOLUTE
    ../clib/angel/sysapp.c                   0x00000000   Number         0  sys_wrch.o ABSOLUTE
    ../clib/angel/sysapp.c                   0x00000000   Number         0  sys_exit.o ABSOLUTE
    ../clib/angel/sysapp.c                   0x00000000   Number         0  sys_command.o ABSOLUTE
    ../clib/armsys.c                         0x00000000   Number         0  _get_argv_nomalloc.o ABSOLUTE
    ../clib/armsys.c                         0x00000000   Number         0  no_argv.o ABSOLUTE
    ../clib/armsys.c                         0x00000000   Number         0  argv_veneer.o ABSOLUTE
    ../clib/armsys.c                         0x00000000   Number         0  argv_veneer.o ABSOLUTE
    ../clib/heapalloc.c                      0x00000000   Number         0  hrguard.o ABSOLUTE
    ../clib/heapaux.c                        0x00000000   Number         0  heapauxi.o ABSOLUTE
    ../clib/libinit.s                        0x00000000   Number         0  libinit2.o ABSOLUTE
    ../clib/libinit.s                        0x00000000   Number         0  libshutdown2.o ABSOLUTE
    ../clib/libinit.s                        0x00000000   Number         0  libinit.o ABSOLUTE
    ../clib/libinit.s                        0x00000000   Number         0  libshutdown.o ABSOLUTE
    ../clib/longlong.s                       0x00000000   Number         0  lludivv7m.o ABSOLUTE
    ../clib/signal.c                         0x00000000   Number         0  defsig_rtmem_formal.o ABSOLUTE
    ../clib/signal.c                         0x00000000   Number         0  defsig_rtmem_outer.o ABSOLUTE
    ../clib/signal.c                         0x00000000   Number         0  defsig_rtmem_inner.o ABSOLUTE
    ../clib/signal.c                         0x00000000   Number         0  defsig_general.o ABSOLUTE
    ../clib/signal.c                         0x00000000   Number         0  defsig_abrt_inner.o ABSOLUTE
    ../clib/signal.c                         0x00000000   Number         0  defsig_rtred_inner.o ABSOLUTE
    ../clib/signal.c                         0x00000000   Number         0  defsig_fpe_formal.o ABSOLUTE
    ../clib/signal.c                         0x00000000   Number         0  defsig_other.o ABSOLUTE
    ../clib/signal.c                         0x00000000   Number         0  defsig_fpe_outer.o ABSOLUTE
    ../clib/signal.c                         0x00000000   Number         0  __raise.o ABSOLUTE
    ../clib/signal.c                         0x00000000   Number         0  defsig_exit.o ABSOLUTE
    ../clib/signal.c                         0x00000000   Number         0  defsig_fpe_inner.o ABSOLUTE
    ../clib/signal.c                         0x00000000   Number         0  defsig_segv_inner.o ABSOLUTE
    ../clib/signal.c                         0x00000000   Number         0  defsig_cppl_inner.o ABSOLUTE
    ../clib/signal.c                         0x00000000   Number         0  defsig_pvfn_inner.o ABSOLUTE
    ../clib/signal.c                         0x00000000   Number         0  defsig_stak_inner.o ABSOLUTE
    ../clib/signal.s                         0x00000000   Number         0  defsig.o ABSOLUTE
    ../clib/stdlib.c                         0x00000000   Number         0  exit.o ABSOLUTE
    ../fplib/fpinit.s                        0x00000000   Number         0  fpinit.o ABSOLUTE
    ..\HAL_CM.c                              0x00000000   Number         0  hal_cm.o ABSOLUTE
    ..\\rt_CMSIS.c                           0x00000000   Number         0  rt_cmsis.o ABSOLUTE
    ..\\rt_System.c                          0x00000000   Number         0  rt_system.o ABSOLUTE
    ..\rt_CMSIS.c                            0x00000000   Number         0  rt_cmsis.o ABSOLUTE
    ..\rt_Event.c                            0x00000000   Number         0  rt_event.o ABSOLUTE
    ..\rt_List.c                             0x00000000   Number         0  rt_list.o ABSOLUTE
    ..\rt_Mailbox.c                          0x00000000   Number         0  rt_mailbox.o ABSOLUTE
    ..\rt_MemBox.c                           0x00000000   Number         0  rt_membox.o ABSOLUTE
    ..\rt_Memory.c                           0x00000000   Number         0  rt_memory.o ABSOLUTE
    ..\rt_Mutex.c                            0x00000000   Number         0  rt_mutex.o ABSOLUTE
    ..\rt_Robin.c                            0x00000000   Number         0  rt_robin.o ABSOLUTE
    ..\rt_Semaphore.c                        0x00000000   Number         0  rt_semaphore.o ABSOLUTE
    ..\rt_System.c                           0x00000000   Number         0  rt_system.o ABSOLUTE
    ..\rt_Task.c                             0x00000000   Number         0  rt_task.o ABSOLUTE
    ..\rt_Time.c                             0x00000000   Number         0  rt_time.o ABSOLUTE
    HAL_CM3.c                                0x00000000   Number         0  hal_cm3.o ABSOLUTE
    HAL_CM3.c                                0x00000000   Number         0  hal_cm3.o ABSOLUTE
    LED.c                                    0x00000000   Number         0  led.o ABSOLUTE
    LED.c                                    0x00000000   Number         0  led.o ABSOLUTE
    RTE/CMSIS/RTX_Conf_CM.c                  0x00000000   Number         0  rtx_conf_cm.o ABSOLUTE
    RTE/Device/LPC1768/startup_LPC17xx.s     0x00000000   Number         0  startup_lpc17xx.o ABSOLUTE
    RTE/Device/LPC1768/system_LPC17xx.c      0x00000000   Number         0  system_lpc17xx.o ABSOLUTE
    RTE\CMSIS\RTX_Conf_CM.c                  0x00000000   Number         0  rtx_conf_cm.o ABSOLUTE
    RTE\Device\LPC1768\system_LPC17xx.c      0x00000000   Number         0  system_lpc17xx.o ABSOLUTE
    SVC_Table.s                              0x00000000   Number         0  svc_table.o ABSOLUTE
    dc.s                                     0x00000000   Number         0  dc.o ABSOLUTE
    virtual_demo.c                           0x00000000   Number         0  virtual_demo.o ABSOLUTE
    !!!main                                  0x000000cc   Section        8  __main.o(!!!main)
    !!!scatter                               0x000000d4   Section       52  __scatter.o(!!!scatter)
    !!handler_copy                           0x00000108   Section       26  __scatter_copy.o(!!handler_copy)
    !!handler_zi                             0x00000124   Section       28  __scatter_zi.o(!!handler_zi)
    .ARM.Collect$$libinit$$00000000          0x00000140   Section        2  libinit.o(.ARM.Collect$$libinit$$00000000)
    .ARM.Collect$$libinit$$00000002          0x00000142   Section        0  libinit2.o(.ARM.Collect$$libinit$$00000002)
    .ARM.Collect$$libinit$$00000004          0x00000142   Section        0  libinit2.o(.ARM.Collect$$libinit$$00000004)
    .ARM.Collect$$libinit$$0000000A          0x00000142   Section        0  libinit2.o(.ARM.Collect$$libinit$$0000000A)
    .ARM.Collect$$libinit$$0000000C          0x00000142   Section        0  libinit2.o(.ARM.Collect$$libinit$$0000000C)
    .ARM.Collect$$libinit$$0000000E          0x00000142   Section        0  libinit2.o(.ARM.Collect$$libinit$$0000000E)
    .ARM.Collect$$libinit$$00000011          0x00000142   Section        0  libinit2.o(.ARM.Collect$$libinit$$00000011)
    .ARM.Collect$$libinit$$00000013          0x00000142   Section        0  libinit2.o(.ARM.Collect$$libinit$$00000013)
    .ARM.Collect$$libinit$$00000015          0x00000142   Section        0  libinit2.o(.ARM.Collect$$libinit$$00000015)
    .ARM.Collect$$libinit$$00000017          0x00000142   Section        0  libinit2.o(.ARM.Collect$$libinit$$00000017)
    .ARM.Collect$$libinit$$00000019          0x00000142   Section        0  libinit2.o(.ARM.Collect$$libinit$$00000019)
    .ARM.Collect$$libinit$$0000001B          0x00000142   Section        0  libinit2.o(.ARM.Collect$$libinit$$0000001B)
    .ARM.Collect$$libinit$$0000001D          0x00000142   Section        0  libinit2.o(.ARM.Collect$$libinit$$0000001D)
    .ARM.Collect$$libinit$$0000001F          0x00000142   Section        0  libinit2.o(.ARM.Collect$$libinit$$0000001F)
    .ARM.Collect$$libinit$$00000021          0x00000142   Section        0  libinit2.o(.ARM.Collect$$libinit$$00000021)
    .ARM.Collect$$libinit$$00000023          0x00000142   Section        0  libinit2.o(.ARM.Collect$$libinit$$00000023)
    .ARM.Collect$$libinit$$00000025          0x00000142   Section        0  libinit2.o(.ARM.Collect$$libinit$$00000025)
    .ARM.Collect$$libinit$$0000002C          0x00000142   Section        0  libinit2.o(.ARM.Collect$$libinit$$0000002C)
    .ARM.Collect$$libinit$$0000002E          0x00000142   Section        0  libinit2.o(.ARM.Collect$$libinit$$0000002E)
    .ARM.Collect$$libinit$$00000030          0x00000142   Section        0  libinit2.o(.ARM.Collect$$libinit$$00000030)
    .ARM.Collect$$libinit$$00000032          0x00000142   Section        0  libinit2.o(.ARM.Collect$$libinit$$00000032)
    .ARM.Collect$$libinit$$00000033          0x00000142   Section        2  libinit2.o(.ARM.Collect$$libinit$$00000033)
    .ARM.Collect$$libshutdown$$00000000      0x00000144   Section        2  libshutdown.o(.ARM.Collect$$libshutdown$$00000000)
    .ARM.Collect$$libshutdown$$00000002      0x00000146   Section        0  libshutdown2.o(.ARM.Collect$$libshutdown$$00000002)
    .ARM.Collect$$libshutdown$$00000004      0x00000146   Section        0  libshutdown2.o(.ARM.Collect$$libshutdown$$00000004)
    .ARM.Collect$$libshutdown$$00000006      0x00000146   Section        0  libshutdown2.o(.ARM.Collect$$libshutdown$$00000006)
    .ARM.Collect$$libshutdown$$00000009      0x00000146   Section        0  libshutdown2.o(.ARM.Collect$$libshutdown$$00000009)
    .ARM.Collect$$libshutdown$$0000000C      0x00000146   Section        0  libshutdown2.o(.ARM.Collect$$libshutdown$$0000000C)
    .ARM.Collect$$libshutdown$$0000000E      0x00000146   Section        0  libshutdown2.o(.ARM.Collect$$libshutdown$$0000000E)
    .ARM.Collect$$libshutdown$$00000011      0x00000146   Section        0  libshutdown2.o(.ARM.Collect$$libshutdown$$00000011)
    .ARM.Collect$$libshutdown$$00000012      0x00000146   Section        2  libshutdown2.o(.ARM.Collect$$libshutdown$$00000012)
    .ARM.Collect$$rtentry$$00000000          0x00000148   Section        0  __rtentry.o(.ARM.Collect$$rtentry$$00000000)
    .ARM.Collect$$rtentry$$00000002          0x00000148   Section        0  __rtentry2.o(.ARM.Collect$$rtentry$$00000002)
    .ARM.Collect$$rtentry$$00000004          0x00000148   Section        6  __rtentry4.o(.ARM.Collect$$rtentry$$00000004)
    .ARM.Collect$$rtentry$$00000009          0x0000014e   Section        0  __rtentry2.o(.ARM.Collect$$rtentry$$00000009)
    .ARM.Collect$$rtentry$$0000000A          0x0000014e   Section        4  __rtentry2.o(.ARM.Collect$$rtentry$$0000000A)
    .ARM.Collect$$rtentry$$0000000B          0x00000152   Section        8  __rtentry2.o(.ARM.Collect$$rtentry$$0000000B)
    .ARM.Collect$$rtentry$$0000000D          0x0000015a   Section        8  __rtentry2.o(.ARM.Collect$$rtentry$$0000000D)
    .ARM.Collect$$rtexit$$00000000           0x00000162   Section        2  rtexit.o(.ARM.Collect$$rtexit$$00000000)
    .ARM.Collect$$rtexit$$00000002           0x00000164   Section        0  rtexit2.o(.ARM.Collect$$rtexit$$00000002)
    .ARM.Collect$$rtexit$$00000003           0x00000164   Section        4  rtexit2.o(.ARM.Collect$$rtexit$$00000003)
    .ARM.Collect$$rtexit$$00000004           0x00000168   Section        6  rtexit2.o(.ARM.Collect$$rtexit$$00000004)
    .emb_text                                0x00000170   Section       28  rtx_conf_cm.o(.emb_text)
    .emb_text                                0x0000018c   Section      304  hal_cm3.o(.emb_text)
    .text                                    0x000002bc   Section       60  startup_lpc17xx.o(.text)
    .text                                    0x000002f8   Section        2  use_no_semi.o(.text)
    .text                                    0x000002fa   Section        0  indicate_semi.o(.text)
    i.os_tick_irqack                         0x000002fa   Section        0  rt_system.o(i.os_tick_irqack)
    .ARM.__at_0x02FC                         0x000002fc   Section        4  startup_lpc17xx.o(.ARM.__at_0x02FC)
    .text                                    0x00000300   Section        8  libspace.o(.text)
    .text                                    0x00000308   Section      238  lludivv7m.o(.text)
    .text                                    0x000003f6   Section        0  exit.o(.text)
    .text                                    0x00000408   Section        0  heapauxi.o(.text)
    .text                                    0x00000410   Section        0  sys_exit.o(.text)
    .text                                    0x0000041c   Section       74  sys_stackheap_outer.o(.text)
    SVC_TABLE                                0x00000468   Section        4  svc_table.o(SVC_TABLE)
    i.LED_Init                               0x0000046c   Section        0  led.o(i.LED_Init)
    i.LED_Off                                0x0000049c   Section        0  led.o(i.LED_Off)
    i.LED_On                                 0x000004cc   Section        0  led.o(i.LED_On)
    i.SystemInit                             0x000004fc   Section        0  system_lpc17xx.o(i.SystemInit)
    i._init_box                              0x0000063c   Section        0  rt_membox.o(i._init_box)
    i._mutex_acquire                         0x00000684   Section        0  rtx_conf_cm.o(i._mutex_acquire)
    __tagsym$$used                           0x00000685   Number         0  rtx_conf_cm.o(i._mutex_acquire)
    i._mutex_release                         0x000006a4   Section        0  rtx_conf_cm.o(i._mutex_release)
    __tagsym$$used                           0x000006a5   Number         0  rtx_conf_cm.o(i._mutex_release)
    i.callback                               0x000006c0   Section        0  virtual_demo.o(i.callback)
    i.dbg_init                               0x00000788   Section        0  hal_cm.o(i.dbg_init)
    i.dbg_task_notify                        0x000007b8   Section        0  hal_cm.o(i.dbg_task_notify)
    i.dbg_task_switch                        0x000007d8   Section        0  hal_cm.o(i.dbg_task_switch)
    i.delay                                  0x000007e8   Section        0  virtual_demo.o(i.delay)
    i.isrMessageGet                          0x00000800   Section        0  rt_cmsis.o(i.isrMessageGet)
    i.isrMessagePut                          0x0000082a   Section        0  rt_cmsis.o(i.isrMessagePut)
    i.isrSignalSet                           0x00000856   Section        0  rt_cmsis.o(i.isrSignalSet)
    i.isr_evt_set                            0x0000087c   Section        0  rt_event.o(i.isr_evt_set)
    i.isr_mbx_receive                        0x000008a4   Section        0  rt_mailbox.o(i.isr_mbx_receive)
    i.isr_mbx_send                           0x000008fa   Section        0  rt_mailbox.o(i.isr_mbx_send)
    i.led_Thread1                            0x00000908   Section        0  virtual_demo.o(i.led_Thread1)
    i.led_Thread2                            0x00000950   Section        0  virtual_demo.o(i.led_Thread2)
    i.led_Thread3                            0x00000998   Section        0  virtual_demo.o(i.led_Thread3)
    i.main                                   0x000009e0   Section        0  virtual_demo.o(i.main)
    i.osDelay                                0x00000a84   Section        0  rt_cmsis.o(i.osDelay)
    i.osKernelInitialize                     0x00000a9c   Section        0  rt_cmsis.o(i.osKernelInitialize)
    i.osKernelStart                          0x00000ac0   Section        0  rt_cmsis.o(i.osKernelStart)
    i.osMessageGet                           0x00000b2c   Section        0  rt_cmsis.o(i.osMessageGet)
    i.osSignalSet                            0x00000b44   Section        0  rt_cmsis.o(i.osSignalSet)
    i.osSignalWait                           0x00000b5c   Section        0  rt_cmsis.o(i.osSignalWait)
    i.osThreadCreate                         0x00000b74   Section        0  rt_cmsis.o(i.osThreadCreate)
    i.osThreadExit                           0x00000ba0   Section        0  rt_cmsis.o(i.osThreadExit)
    i.osTimerCall                            0x00000bb8   Section        0  rt_cmsis.o(i.osTimerCall)
    i.osTimerCreate                          0x00000bc4   Section        0  rt_cmsis.o(i.osTimerCreate)
    i.osTimerStart                           0x00000bf0   Section        0  rt_cmsis.o(i.osTimerStart)
    i.osTimerThread                          0x00000c08   Section        0  rt_cmsis.o(i.osTimerThread)
    i.os_error                               0x00000c34   Section        0  rtx_conf_cm.o(i.os_error)
    i.os_idle_demon                          0x00000c56   Section        0  rtx_conf_cm.o(i.os_idle_demon)
    i.os_tick_init                           0x00000c5c   Section        0  rt_system.o(i.os_tick_init)
    i.rt_alloc_box                           0x00000c84   Section        0  rt_membox.o(i.rt_alloc_box)
    i.rt_alloc_mem                           0x00000c9e   Section        0  rt_memory.o(i.rt_alloc_mem)
    i.rt_block                               0x00000cdc   Section        0  rt_task.o(i.rt_block)
    i.rt_chk_robin                           0x00000d14   Section        0  rtx_conf_cm.o(i.rt_chk_robin)
    i.rt_dec_dly                             0x00000d18   Section        0  rt_list.o(i.rt_dec_dly)
    i.rt_dispatch                            0x00000d88   Section        0  rt_task.o(i.rt_dispatch)
    i.rt_dly_wait                            0x00000dcc   Section        0  rt_time.o(i.rt_dly_wait)
    i.rt_evt_psh                             0x00000dd4   Section        0  rt_event.o(i.rt_evt_psh)
    i.rt_evt_set                             0x00000e24   Section        0  rt_event.o(i.rt_evt_set)
    i.rt_evt_wait                            0x00000e80   Section        0  rt_event.o(i.rt_evt_wait)
    i.rt_free_box                            0x00000ebc   Section        0  rt_membox.o(i.rt_free_box)
    i.rt_free_mem                            0x00000ee8   Section        0  rt_memory.o(i.rt_free_mem)
    i.rt_get_first                           0x00000f10   Section        0  rt_list.o(i.rt_get_first)
    i.rt_id2obj                              0x00000f38   Section        0  rt_cmsis.o(i.rt_id2obj)
    rt_id2obj                                0x00000f39   Thumb Code     8  rt_cmsis.o(i.rt_id2obj)
    i.rt_init_context                        0x00000f40   Section        0  rt_task.o(i.rt_init_context)
    rt_init_context                          0x00000f41   Thumb Code    66  rt_task.o(i.rt_init_context)
    i.rt_init_mem                            0x00000f88   Section        0  rt_memory.o(i.rt_init_mem)
    i.rt_init_robin                          0x00000fa2   Section        0  rtx_conf_cm.o(i.rt_init_robin)
    i.rt_init_stack                          0x00000fa4   Section        0  hal_cm.o(i.rt_init_stack)
    i.rt_mbx_check                           0x00001024   Section        0  rt_mailbox.o(i.rt_mbx_check)
    i.rt_mbx_init                            0x0000102c   Section        0  rt_mailbox.o(i.rt_mbx_init)
    i.rt_mbx_psh                             0x00001048   Section        0  rt_mailbox.o(i.rt_mbx_psh)
    i.rt_mbx_wait                            0x00001138   Section        0  rt_mailbox.o(i.rt_mbx_wait)
    i.rt_ms2tick                             0x000011ec   Section        0  rt_cmsis.o(i.rt_ms2tick)
    rt_ms2tick                               0x000011ed   Thumb Code    58  rt_cmsis.o(i.rt_ms2tick)
    i.rt_mut_release                         0x00001230   Section        0  rt_mutex.o(i.rt_mut_release)
    i.rt_mut_wait                            0x00001308   Section        0  rt_mutex.o(i.rt_mut_wait)
    i.rt_pop_req                             0x00001380   Section        0  rt_system.o(i.rt_pop_req)
    i.rt_psh_req                             0x000013fc   Section        0  rt_system.o(i.rt_psh_req)
    i.rt_psq_enq                             0x0000141c   Section        0  rt_list.o(i.rt_psq_enq)
    i.rt_put_dly                             0x00001478   Section        0  rt_list.o(i.rt_put_dly)
    i.rt_put_prio                            0x000014c0   Section        0  rt_list.o(i.rt_put_prio)
    i.rt_put_rdy_first                       0x000014f8   Section        0  rt_list.o(i.rt_put_rdy_first)
    i.rt_resort_prio                         0x0000150c   Section        0  rt_list.o(i.rt_resort_prio)
    i.rt_ret_val                             0x00001540   Section        0  hal_cm.o(i.rt_ret_val)
    i.rt_ret_val2                            0x00001546   Section        0  hal_cm.o(i.rt_ret_val2)
    i.rt_rmv_dly                             0x0000154e   Section        0  rt_list.o(i.rt_rmv_dly)
    i.rt_rmv_list                            0x00001578   Section        0  rt_list.o(i.rt_rmv_list)
    i.rt_sem_psh                             0x000015a8   Section        0  rt_semaphore.o(i.rt_sem_psh)
    i.rt_stk_check                           0x000015dc   Section        0  rt_system.o(i.rt_stk_check)
    i.rt_switch_req                          0x00001600   Section        0  rt_task.o(i.rt_switch_req)
    i.rt_sys_init                            0x00001628   Section        0  rt_task.o(i.rt_sys_init)
    i.rt_sys_start                           0x000016f4   Section        0  rt_task.o(i.rt_sys_start)
    i.rt_systick                             0x0000176c   Section        0  rt_system.o(i.rt_systick)
    i.rt_tid2ptcb                            0x000017ac   Section        0  rt_cmsis.o(i.rt_tid2ptcb)
    rt_tid2ptcb                              0x000017ad   Thumb Code    18  rt_cmsis.o(i.rt_tid2ptcb)
    i.rt_timer_insert                        0x000017c0   Section        0  rt_cmsis.o(i.rt_timer_insert)
    rt_timer_insert                          0x000017c1   Thumb Code    48  rt_cmsis.o(i.rt_timer_insert)
    i.rt_timer_remove                        0x000017f4   Section        0  rt_cmsis.o(i.rt_timer_remove)
    rt_timer_remove                          0x000017f5   Thumb Code    56  rt_cmsis.o(i.rt_timer_remove)
    i.rt_tsk_create                          0x00001830   Section        0  rt_task.o(i.rt_tsk_create)
    i.rt_tsk_delete                          0x000018b8   Section        0  rt_task.o(i.rt_tsk_delete)
    i.rt_tsk_prio                            0x00001a34   Section        0  rt_task.o(i.rt_tsk_prio)
    i.rt_tsk_self                            0x00001ab0   Section        0  rt_task.o(i.rt_tsk_self)
    i.svcDelay                               0x00001ac0   Section        0  rt_cmsis.o(i.svcDelay)
    i.svcKernelInitialize                    0x00001ad4   Section        0  rt_cmsis.o(i.svcKernelInitialize)
    i.svcKernelStart                         0x00001b44   Section        0  rt_cmsis.o(i.svcKernelStart)
    i.svcMessageCreate                       0x00001b8c   Section        0  rt_cmsis.o(i.svcMessageCreate)
    i.svcMessageGet                          0x00001bb0   Section        0  rt_cmsis.o(i.svcMessageGet)
    i.svcSignalSet                           0x00001bea   Section        0  rt_cmsis.o(i.svcSignalSet)
    i.svcSignalWait                          0x00001c10   Section        0  rt_cmsis.o(i.svcSignalWait)
    i.svcThreadCreate                        0x00001c64   Section        0  rt_cmsis.o(i.svcThreadCreate)
    i.svcThreadGetId                         0x00001cd0   Section        0  rt_cmsis.o(i.svcThreadGetId)
    i.svcThreadTerminate                     0x00001cec   Section        0  rt_cmsis.o(i.svcThreadTerminate)
    i.svcTimerCall                           0x00001d24   Section        0  rt_cmsis.o(i.svcTimerCall)
    i.svcTimerCreate                         0x00001d3c   Section        0  rt_cmsis.o(i.svcTimerCreate)
    i.svcTimerStart                          0x00001d74   Section        0  rt_cmsis.o(i.svcTimerStart)
    i.sysTimerTick                           0x00001dd8   Section        0  rt_cmsis.o(i.sysTimerTick)
    .constdata                               0x00001e34   Section       72  virtual_demo.o(.constdata)
    .constdata                               0x00001e7c   Section       32  led.o(.constdata)
    .constdata                               0x00001e9c   Section      104  rtx_conf_cm.o(.constdata)
    __tagsym$$used                           0x00001eb8   Number         0  rtx_conf_cm.o(.constdata)
    __tagsym$$used                           0x00001ebc   Number         0  rtx_conf_cm.o(.constdata)
    __tagsym$$used                           0x00001ec0   Number         0  rtx_conf_cm.o(.constdata)
    __tagsym$$used                           0x00001ec4   Number         0  rtx_conf_cm.o(.constdata)
    .bss                                     0x10000000   Section     3016  rtx_conf_cm.o(.bss)
    std_libspace                             0x100008a8   Data         672  rtx_conf_cm.o(.bss)
    std_libmutex                             0x10000b48   Data         128  rtx_conf_cm.o(.bss)
    .data                                    0x2007c000   Section       12  virtual_demo.o(.data)
    .data                                    0x2007c00c   Section       20  rtx_conf_cm.o(.data)
    nr_mutex                                 0x2007c01c   Data           4  rtx_conf_cm.o(.data)
    .data                                    0x2007c020   Section        8  rt_cmsis.o(.data)
    .data                                    0x2007c028   Section        8  rt_task.o(.data)
    .data                                    0x2007c030   Section        8  rt_system.o(.data)
    os_lock                                  0x2007c030   Data           1  rt_system.o(.data)
    os_psh_flag                              0x2007c031   Data           1  rt_system.o(.data)
    pend_flags                               0x2007c032   Data           1  rt_system.o(.data)
    .data                                    0x2007c038   Section        4  rt_time.o(.data)
    .data                                    0x2007c03c   Section        1  hal_cm.o(.data)
    .bss                                     0x2007c040   Section       72  virtual_demo.o(.bss)
    .bss                                     0x2007c088   Section       52  rt_task.o(.bss)
    .bss                                     0x2007c0bc   Section       48  rt_list.o(.bss)
    .bss                                     0x2007c0ec   Section       96  libspace.o(.bss)
    HEAP                                     0x2007c150   Section        0  startup_lpc17xx.o(HEAP)
    STACK                                    0x2007c150   Section      512  startup_lpc17xx.o(STACK)
    Heap_Mem                                 0x2007c150   Data           0  startup_lpc17xx.o(HEAP)
    Stack_Mem                                0x2007c150   Data         512  startup_lpc17xx.o(STACK)
    __initial_sp                             0x2007c350   Data           0  startup_lpc17xx.o(STACK)

    Global Symbols

    Symbol Name                              Value     Ov Type        Size  Object(Section)

    BuildAttributes$$THM_ISAv4$P$D$K$B$S$PE$A:L22UL41UL21$X:L11$S22US41US21$IEEE1$IW$USESV6$~STKCKD$USESV7$~SHL$OSPACE$ROPI$EBA8$UX$STANDARDLIB$REQ8$PRES8$EABIv2 0x00000000   Number         0  anon$$obj.o ABSOLUTE
    __ARM_use_no_argv                        0x00000000   Number         0  virtual_demo.o ABSOLUTE
    __Vectors                                0x00000000   Data           4  startup_lpc17xx.o(RESET)
    __ARM_exceptions_init                     - Undefined Weak Reference
    __alloca_initialize                       - Undefined Weak Reference
    __arm_fini_                               - Undefined Weak Reference
    __arm_preinit_                            - Undefined Weak Reference
    __cpp_initialize__aeabi_                  - Undefined Weak Reference
    __cxa_finalize                            - Undefined Weak Reference
    __rt_locale                               - Undefined Weak Reference
    __sigvec_lookup                           - Undefined Weak Reference
    _atexit_init                              - Undefined Weak Reference
    _call_atexit_fns                          - Undefined Weak Reference
    _clock_init                               - Undefined Weak Reference
    _fp_trap_init                             - Undefined Weak Reference
    _fp_trap_shutdown                         - Undefined Weak Reference
    _get_lc_collate                           - Undefined Weak Reference
    _get_lc_ctype                             - Undefined Weak Reference
    _get_lc_monetary                          - Undefined Weak Reference
    _get_lc_numeric                           - Undefined Weak Reference
    _get_lc_time                              - Undefined Weak Reference
    _getenv_init                              - Undefined Weak Reference
    _handle_redirection                       - Undefined Weak Reference
    _init_alloc                               - Undefined Weak Reference
    _init_user_alloc                          - Undefined Weak Reference
    _initio                                   - Undefined Weak Reference
    _rand_init                                - Undefined Weak Reference
    _signal_finish                            - Undefined Weak Reference
    _signal_init                              - Undefined Weak Reference
    _terminate_alloc                          - Undefined Weak Reference
    _terminate_user_alloc                     - Undefined Weak Reference
    _terminateio                              - Undefined Weak Reference
    __main                                   0x000000cd   Thumb Code     8  __main.o(!!!main)
    __scatterload                            0x000000d5   Thumb Code     0  __scatter.o(!!!scatter)
    __scatterload_rt2                        0x000000d5   Thumb Code    44  __scatter.o(!!!scatter)
    __scatterload_rt2_thumb_only             0x000000d5   Thumb Code     0  __scatter.o(!!!scatter)
    __scatterload_null                       0x000000e3   Thumb Code     0  __scatter.o(!!!scatter)
    __scatterload_copy                       0x00000109   Thumb Code    26  __scatter_copy.o(!!handler_copy)
    __scatterload_zeroinit                   0x00000125   Thumb Code    28  __scatter_zi.o(!!handler_zi)
    __rt_lib_init                            0x00000141   Thumb Code     0  libinit.o(.ARM.Collect$$libinit$$00000000)
    __rt_lib_init_alloca_1                   0x00000143   Thumb Code     0  libinit2.o(.ARM.Collect$$libinit$$0000002E)
    __rt_lib_init_argv_1                     0x00000143   Thumb Code     0  libinit2.o(.ARM.Collect$$libinit$$0000002C)
    __rt_lib_init_atexit_1                   0x00000143   Thumb Code     0  libinit2.o(.ARM.Collect$$libinit$$0000001B)
    __rt_lib_init_clock_1                    0x00000143   Thumb Code     0  libinit2.o(.ARM.Collect$$libinit$$00000021)
    __rt_lib_init_cpp_1                      0x00000143   Thumb Code     0  libinit2.o(.ARM.Collect$$libinit$$00000032)
    __rt_lib_init_exceptions_1               0x00000143   Thumb Code     0  libinit2.o(.ARM.Collect$$libinit$$00000030)
    __rt_lib_init_fp_1                       0x00000143   Thumb Code     0  libinit2.o(.ARM.Collect$$libinit$$00000002)
    __rt_lib_init_fp_trap_1                  0x00000143   Thumb Code     0  libinit2.o(.ARM.Collect$$libinit$$0000001F)
    __rt_lib_init_getenv_1                   0x00000143   Thumb Code     0  libinit2.o(.ARM.Collect$$libinit$$00000023)
    __rt_lib_init_heap_1                     0x00000143   Thumb Code     0  libinit2.o(.ARM.Collect$$libinit$$0000000A)
    __rt_lib_init_lc_collate_1               0x00000143   Thumb Code     0  libinit2.o(.ARM.Collect$$libinit$$00000011)
    __rt_lib_init_lc_ctype_1                 0x00000143   Thumb Code     0  libinit2.o(.ARM.Collect$$libinit$$00000013)
    __rt_lib_init_lc_monetary_1              0x00000143   Thumb Code     0  libinit2.o(.ARM.Collect$$libinit$$00000015)
    __rt_lib_init_lc_numeric_1               0x00000143   Thumb Code     0  libinit2.o(.ARM.Collect$$libinit$$00000017)
    __rt_lib_init_lc_time_1                  0x00000143   Thumb Code     0  libinit2.o(.ARM.Collect$$libinit$$00000019)
    __rt_lib_init_preinit_1                  0x00000143   Thumb Code     0  libinit2.o(.ARM.Collect$$libinit$$00000004)
    __rt_lib_init_rand_1                     0x00000143   Thumb Code     0  libinit2.o(.ARM.Collect$$libinit$$0000000E)
    __rt_lib_init_return                     0x00000143   Thumb Code     0  libinit2.o(.ARM.Collect$$libinit$$00000033)
    __rt_lib_init_signal_1                   0x00000143   Thumb Code     0  libinit2.o(.ARM.Collect$$libinit$$0000001D)
    __rt_lib_init_stdio_1                    0x00000143   Thumb Code     0  libinit2.o(.ARM.Collect$$libinit$$00000025)
    __rt_lib_init_user_alloc_1               0x00000143   Thumb Code     0  libinit2.o(.ARM.Collect$$libinit$$0000000C)
    __rt_lib_shutdown                        0x00000145   Thumb Code     0  libshutdown.o(.ARM.Collect$$libshutdown$$00000000)
    __rt_lib_shutdown_cpp_1                  0x00000147   Thumb Code     0  libshutdown2.o(.ARM.Collect$$libshutdown$$00000004)
    __rt_lib_shutdown_fini_1                 0x00000147   Thumb Code     0  libshutdown2.o(.ARM.Collect$$libshutdown$$00000002)
    __rt_lib_shutdown_fp_trap_1              0x00000147   Thumb Code     0  libshutdown2.o(.ARM.Collect$$libshutdown$$00000009)
    __rt_lib_shutdown_heap_1                 0x00000147   Thumb Code     0  libshutdown2.o(.ARM.Collect$$libshutdown$$00000011)
    __rt_lib_shutdown_return                 0x00000147   Thumb Code     0  libshutdown2.o(.ARM.Collect$$libshutdown$$00000012)
    __rt_lib_shutdown_signal_1               0x00000147   Thumb Code     0  libshutdown2.o(.ARM.Collect$$libshutdown$$0000000C)
    __rt_lib_shutdown_stdio_1                0x00000147   Thumb Code     0  libshutdown2.o(.ARM.Collect$$libshutdown$$00000006)
    __rt_lib_shutdown_user_alloc_1           0x00000147   Thumb Code     0  libshutdown2.o(.ARM.Collect$$libshutdown$$0000000E)
    __rt_entry                               0x00000149   Thumb Code     0  __rtentry.o(.ARM.Collect$$rtentry$$00000000)
    __rt_entry_presh_1                       0x00000149   Thumb Code     0  __rtentry2.o(.ARM.Collect$$rtentry$$00000002)
    __rt_entry_sh                            0x00000149   Thumb Code     0  __rtentry4.o(.ARM.Collect$$rtentry$$00000004)
    __rt_entry_li                            0x0000014f   Thumb Code     0  __rtentry2.o(.ARM.Collect$$rtentry$$0000000A)
    __rt_entry_postsh_1                      0x0000014f   Thumb Code     0  __rtentry2.o(.ARM.Collect$$rtentry$$00000009)
    __rt_entry_postli_1                      0x00000153   Thumb Code     0  __rtentry2.o(.ARM.Collect$$rtentry$$0000000B)
    __rt_entry_main                          0x0000015b   Thumb Code     0  __rtentry2.o(.ARM.Collect$$rtentry$$0000000D)
    __rt_exit                                0x00000163   Thumb Code     0  rtexit.o(.ARM.Collect$$rtexit$$00000000)
    __rt_exit_ls                             0x00000165   Thumb Code     0  rtexit2.o(.ARM.Collect$$rtexit$$00000003)
    __rt_exit_prels_1                        0x00000165   Thumb Code     0  rtexit2.o(.ARM.Collect$$rtexit$$00000002)
    __rt_exit_exit                           0x00000169   Thumb Code     0  rtexit2.o(.ARM.Collect$$rtexit$$00000004)
    _platform_post_lib_init                  0x00000171   Thumb Code    24  rtx_conf_cm.o(.emb_text)
    rt_set_PSP                               0x0000018d   Thumb Code     6  hal_cm3.o(.emb_text)
    rt_get_PSP                               0x00000193   Thumb Code     6  hal_cm3.o(.emb_text)
    os_set_env                               0x00000199   Thumb Code    24  hal_cm3.o(.emb_text)
    _alloc_box                               0x000001b5   Thumb Code    28  hal_cm3.o(.emb_text)
    _free_box                                0x000001d5   Thumb Code    28  hal_cm3.o(.emb_text)
    SVC_Handler                              0x000001f5   Thumb Code   108  hal_cm3.o(.emb_text)
    PendSV_Handler                           0x0000026d   Thumb Code    56  hal_cm3.o(.emb_text)
    SysTick_Handler                          0x000002a9   Thumb Code     8  hal_cm3.o(.emb_text)
    OS_Tick_Handler                          0x000002b1   Thumb Code    12  hal_cm3.o(.emb_text)
    Reset_Handler                            0x000002bd   Thumb Code     8  startup_lpc17xx.o(.text)
    NMI_Handler                              0x000002c5   Thumb Code     2  startup_lpc17xx.o(.text)
    HardFault_Handler                        0x000002c7   Thumb Code     2  startup_lpc17xx.o(.text)
    MemManage_Handler                        0x000002c9   Thumb Code     2  startup_lpc17xx.o(.text)
    BusFault_Handler                         0x000002cb   Thumb Code     2  startup_lpc17xx.o(.text)
    UsageFault_Handler                       0x000002cd   Thumb Code     2  startup_lpc17xx.o(.text)
    DebugMon_Handler                         0x000002d1   Thumb Code     2  startup_lpc17xx.o(.text)
    ADC_IRQHandler                           0x000002d7   Thumb Code     0  startup_lpc17xx.o(.text)
    BOD_IRQHandler                           0x000002d7   Thumb Code     0  startup_lpc17xx.o(.text)
    CANActivity_IRQHandler                   0x000002d7   Thumb Code     0  startup_lpc17xx.o(.text)
    CAN_IRQHandler                           0x000002d7   Thumb Code     0  startup_lpc17xx.o(.text)
    DMA_IRQHandler                           0x000002d7   Thumb Code     0  startup_lpc17xx.o(.text)
    EINT0_IRQHandler                         0x000002d7   Thumb Code     0  startup_lpc17xx.o(.text)
    EINT1_IRQHandler                         0x000002d7   Thumb Code     0  startup_lpc17xx.o(.text)
    EINT2_IRQHandler                         0x000002d7   Thumb Code     0  startup_lpc17xx.o(.text)
    EINT3_IRQHandler                         0x000002d7   Thumb Code     0  startup_lpc17xx.o(.text)
    ENET_IRQHandler                          0x000002d7   Thumb Code     0  startup_lpc17xx.o(.text)
    I2C0_IRQHandler                          0x000002d7   Thumb Code     0  startup_lpc17xx.o(.text)
    I2C1_IRQHandler                          0x000002d7   Thumb Code     0  startup_lpc17xx.o(.text)
    I2C2_IRQHandler                          0x000002d7   Thumb Code     0  startup_lpc17xx.o(.text)
    I2S_IRQHandler                           0x000002d7   Thumb Code     0  startup_lpc17xx.o(.text)
    MCPWM_IRQHandler                         0x000002d7   Thumb Code     0  startup_lpc17xx.o(.text)
    PLL0_IRQHandler                          0x000002d7   Thumb Code     0  startup_lpc17xx.o(.text)
    PLL1_IRQHandler                          0x000002d7   Thumb Code     0  startup_lpc17xx.o(.text)
    PWM1_IRQHandler                          0x000002d7   Thumb Code     0  startup_lpc17xx.o(.text)
    QEI_IRQHandler                           0x000002d7   Thumb Code     0  startup_lpc17xx.o(.text)
    RIT_IRQHandler                           0x000002d7   Thumb Code     0  startup_lpc17xx.o(.text)
    RTC_IRQHandler                           0x000002d7   Thumb Code     0  startup_lpc17xx.o(.text)
    SPI_IRQHandler                           0x000002d7   Thumb Code     0  startup_lpc17xx.o(.text)
    SSP0_IRQHandler                          0x000002d7   Thumb Code     0  startup_lpc17xx.o(.text)
    SSP1_IRQHandler                          0x000002d7   Thumb Code     0  startup_lpc17xx.o(.text)
    TIMER0_IRQHandler                        0x000002d7   Thumb Code     0  startup_lpc17xx.o(.text)
    TIMER1_IRQHandler                        0x000002d7   Thumb Code     0  startup_lpc17xx.o(.text)
    TIMER2_IRQHandler                        0x000002d7   Thumb Code     0  startup_lpc17xx.o(.text)
    TIMER3_IRQHandler                        0x000002d7   Thumb Code     0  startup_lpc17xx.o(.text)
    UART0_IRQHandler                         0x000002d7   Thumb Code     0  startup_lpc17xx.o(.text)
    UART1_IRQHandler                         0x000002d7   Thumb Code     0  startup_lpc17xx.o(.text)
    UART2_IRQHandler                         0x000002d7   Thumb Code     0  startup_lpc17xx.o(.text)
    UART3_IRQHandler                         0x000002d7   Thumb Code     0  startup_lpc17xx.o(.text)
    USBActivity_IRQHandler                   0x000002d7   Thumb Code     0  startup_lpc17xx.o(.text)
    USB_IRQHandler                           0x000002d7   Thumb Code     0  startup_lpc17xx.o(.text)
    WDT_IRQHandler                           0x000002d7   Thumb Code     0  startup_lpc17xx.o(.text)
    __user_initial_stackheap                 0x000002d9   Thumb Code     0  startup_lpc17xx.o(.text)
    __I$use$semihosting                      0x000002f9   Thumb Code     0  use_no_semi.o(.text)
    __use_no_semihosting_swi                 0x000002f9   Thumb Code     2  use_no_semi.o(.text)
    __semihosting_library_function           0x000002fb   Thumb Code     0  indicate_semi.o(.text)
    os_tick_irqack                           0x000002fb   Thumb Code     2  rt_system.o(i.os_tick_irqack)
    __user_libspace                          0x00000301   Thumb Code     8  libspace.o(.text)
    __user_perproc_libspace                  0x00000301   Thumb Code     0  libspace.o(.text)
    __aeabi_uldivmod                         0x00000309   Thumb Code     0  lludivv7m.o(.text)
    _ll_udiv                                 0x00000309   Thumb Code   238  lludivv7m.o(.text)
    exit                                     0x000003f7   Thumb Code    18  exit.o(.text)
    __use_two_region_memory                  0x00000409   Thumb Code     2  heapauxi.o(.text)
    __rt_heap_escrow$2region                 0x0000040b   Thumb Code     2  heapauxi.o(.text)
    __rt_heap_expand$2region                 0x0000040d   Thumb Code     2  heapauxi.o(.text)
    _sys_exit                                0x00000411   Thumb Code     8  sys_exit.o(.text)
    __user_setup_stackheap                   0x0000041d   Thumb Code    74  sys_stackheap_outer.o(.text)
    SVC_Count                                0x00000468   Data           4  svc_table.o(SVC_TABLE)
    LED_Init                                 0x0000046d   Thumb Code    40  led.o(i.LED_Init)
    SVC_Table                                0x0000046c   Data           0  svc_table.o(SVC_TABLE)
    __RL_RTX_VER                             0x00000482   Number         0  rt_system.o ABSOLUTE
    LED_Off                                  0x0000049d   Thumb Code    40  led.o(i.LED_Off)
    LED_On                                   0x000004cd   Thumb Code    40  led.o(i.LED_On)
    SystemInit                               0x000004fd   Thumb Code   302  system_lpc17xx.o(i.SystemInit)
    _init_box                                0x0000063d   Thumb Code    70  rt_membox.o(i._init_box)
    _mutex_acquire                           0x00000685   Thumb Code    22  rtx_conf_cm.o(i._mutex_acquire)
    _mutex_release                           0x000006a5   Thumb Code    18  rtx_conf_cm.o(i._mutex_release)
    callback                                 0x000006c1   Thumb Code   188  virtual_demo.o(i.callback)
    dbg_init                                 0x00000789   Thumb Code    34  hal_cm.o(i.dbg_init)
    dbg_task_notify                          0x000007b9   Thumb Code    32  hal_cm.o(i.dbg_task_notify)
    dbg_task_switch                          0x000007d9   Thumb Code    16  hal_cm.o(i.dbg_task_switch)
    delay                                    0x000007e9   Thumb Code    18  virtual_demo.o(i.delay)
    isrMessageGet                            0x00000801   Thumb Code    42  rt_cmsis.o(i.isrMessageGet)
    isrMessagePut                            0x0000082b   Thumb Code    44  rt_cmsis.o(i.isrMessagePut)
    isrSignalSet                             0x00000857   Thumb Code    36  rt_cmsis.o(i.isrSignalSet)
    isr_evt_set                              0x0000087d   Thumb Code    34  rt_event.o(i.isr_evt_set)
    isr_mbx_receive                          0x000008a5   Thumb Code    86  rt_mailbox.o(i.isr_mbx_receive)
    isr_mbx_send                             0x000008fb   Thumb Code    14  rt_mailbox.o(i.isr_mbx_send)
    led_Thread1                              0x00000909   Thumb Code    68  virtual_demo.o(i.led_Thread1)
    led_Thread2                              0x00000951   Thumb Code    66  virtual_demo.o(i.led_Thread2)
    led_Thread3                              0x00000999   Thumb Code    66  virtual_demo.o(i.led_Thread3)
    main                                     0x000009e1   Thumb Code   126  virtual_demo.o(i.main)
    osDelay                                  0x00000a85   Thumb Code    18  rt_cmsis.o(i.osDelay)
    osKernelInitialize                       0x00000a9d   Thumb Code    30  rt_cmsis.o(i.osKernelInitialize)
    osKernelStart                            0x00000ac1   Thumb Code    98  rt_cmsis.o(i.osKernelStart)
    osMessageGet                             0x00000b2d   Thumb Code    18  rt_cmsis.o(i.osMessageGet)
    osSignalSet                              0x00000b45   Thumb Code    18  rt_cmsis.o(i.osSignalSet)
    osSignalWait                             0x00000b5d   Thumb Code    18  rt_cmsis.o(i.osSignalWait)
    osThreadCreate                           0x00000b75   Thumb Code    36  rt_cmsis.o(i.osThreadCreate)
    osThreadExit                             0x00000ba1   Thumb Code    14  rt_cmsis.o(i.osThreadExit)
    osTimerCall                              0x00000bb9   Thumb Code     8  rt_cmsis.o(i.osTimerCall)
    osTimerCreate                            0x00000bc5   Thumb Code    36  rt_cmsis.o(i.osTimerCreate)
    osTimerStart                             0x00000bf1   Thumb Code    18  rt_cmsis.o(i.osTimerStart)
    osTimerThread                            0x00000c09   Thumb Code    38  rt_cmsis.o(i.osTimerThread)
    os_error                                 0x00000c35   Thumb Code    34  rtx_conf_cm.o(i.os_error)
    os_idle_demon                            0x00000c57   Thumb Code     4  rtx_conf_cm.o(i.os_idle_demon)
    os_tick_init                             0x00000c5d   Thumb Code    32  rt_system.o(i.os_tick_init)
    rt_alloc_box                             0x00000c85   Thumb Code    26  rt_membox.o(i.rt_alloc_box)
    rt_alloc_mem                             0x00000c9f   Thumb Code    62  rt_memory.o(i.rt_alloc_mem)
    rt_block                                 0x00000cdd   Thumb Code    48  rt_task.o(i.rt_block)
    rt_chk_robin                             0x00000d15   Thumb Code     2  rtx_conf_cm.o(i.rt_chk_robin)
    rt_dec_dly                               0x00000d19   Thumb Code   102  rt_list.o(i.rt_dec_dly)
    rt_dispatch                              0x00000d89   Thumb Code    60  rt_task.o(i.rt_dispatch)
    rt_dly_wait                              0x00000dcd   Thumb Code     6  rt_time.o(i.rt_dly_wait)
    rt_evt_psh                               0x00000dd5   Thumb Code    76  rt_event.o(i.rt_evt_psh)
    rt_evt_set                               0x00000e25   Thumb Code    88  rt_event.o(i.rt_evt_set)
    rt_evt_wait                              0x00000e81   Thumb Code    56  rt_event.o(i.rt_evt_wait)
    rt_free_box                              0x00000ebd   Thumb Code    44  rt_membox.o(i.rt_free_box)
    rt_free_mem                              0x00000ee9   Thumb Code    40  rt_memory.o(i.rt_free_mem)
    rt_get_first                             0x00000f11   Thumb Code    40  rt_list.o(i.rt_get_first)
    rt_init_mem                              0x00000f89   Thumb Code    26  rt_memory.o(i.rt_init_mem)
    rt_init_robin                            0x00000fa3   Thumb Code     2  rtx_conf_cm.o(i.rt_init_robin)
    rt_init_stack                            0x00000fa5   Thumb Code   118  hal_cm.o(i.rt_init_stack)
    rt_mbx_check                             0x00001025   Thumb Code     8  rt_mailbox.o(i.rt_mbx_check)
    rt_mbx_init                              0x0000102d   Thumb Code    26  rt_mailbox.o(i.rt_mbx_init)
    rt_mbx_psh                               0x00001049   Thumb Code   236  rt_mailbox.o(i.rt_mbx_psh)
    rt_mbx_wait                              0x00001139   Thumb Code   174  rt_mailbox.o(i.rt_mbx_wait)
    rt_mut_release                           0x00001231   Thumb Code   208  rt_mutex.o(i.rt_mut_release)
    rt_mut_wait                              0x00001309   Thumb Code   114  rt_mutex.o(i.rt_mut_wait)
    rt_pop_req                               0x00001381   Thumb Code   112  rt_system.o(i.rt_pop_req)
    rt_psh_req                               0x000013fd   Thumb Code    22  rt_system.o(i.rt_psh_req)
    rt_psq_enq                               0x0000141d   Thumb Code    88  rt_list.o(i.rt_psq_enq)
    rt_put_dly                               0x00001479   Thumb Code    68  rt_list.o(i.rt_put_dly)
    rt_put_prio                              0x000014c1   Thumb Code    54  rt_list.o(i.rt_put_prio)
    rt_put_rdy_first                         0x000014f9   Thumb Code    14  rt_list.o(i.rt_put_rdy_first)
    rt_resort_prio                           0x0000150d   Thumb Code    46  rt_list.o(i.rt_resort_prio)
    rt_ret_val                               0x00001541   Thumb Code     6  hal_cm.o(i.rt_ret_val)
    rt_ret_val2                              0x00001547   Thumb Code     8  hal_cm.o(i.rt_ret_val2)
    rt_rmv_dly                               0x0000154f   Thumb Code    40  rt_list.o(i.rt_rmv_dly)
    rt_rmv_list                              0x00001579   Thumb Code    44  rt_list.o(i.rt_rmv_list)
    rt_sem_psh                               0x000015a9   Thumb Code    48  rt_semaphore.o(i.rt_sem_psh)
    rt_stk_check                             0x000015dd   Thumb Code    28  rt_system.o(i.rt_stk_check)
    rt_switch_req                            0x00001601   Thumb Code    30  rt_task.o(i.rt_switch_req)
    rt_sys_init                              0x00001629   Thumb Code   138  rt_task.o(i.rt_sys_init)
    rt_sys_start                             0x000016f5   Thumb Code   110  rt_task.o(i.rt_sys_start)
    rt_systick                               0x0000176d   Thumb Code    50  rt_system.o(i.rt_systick)
    rt_tsk_create                            0x00001831   Thumb Code   118  rt_task.o(i.rt_tsk_create)
    rt_tsk_delete                            0x000018b9   Thumb Code   352  rt_task.o(i.rt_tsk_delete)
    rt_tsk_prio                              0x00001a35   Thumb Code   108  rt_task.o(i.rt_tsk_prio)
    rt_tsk_self                              0x00001ab1   Thumb Code    12  rt_task.o(i.rt_tsk_self)
    svcDelay                                 0x00001ac1   Thumb Code    18  rt_cmsis.o(i.svcDelay)
    svcKernelInitialize                      0x00001ad5   Thumb Code    80  rt_cmsis.o(i.svcKernelInitialize)
    svcKernelStart                           0x00001b45   Thumb Code    62  rt_cmsis.o(i.svcKernelStart)
    svcMessageCreate                         0x00001b8d   Thumb Code    36  rt_cmsis.o(i.svcMessageCreate)
    svcMessageGet                            0x00001bb1   Thumb Code    58  rt_cmsis.o(i.svcMessageGet)
    svcSignalSet                             0x00001beb   Thumb Code    36  rt_cmsis.o(i.svcSignalSet)
    svcSignalWait                            0x00001c11   Thumb Code    80  rt_cmsis.o(i.svcSignalWait)
    svcThreadCreate                          0x00001c65   Thumb Code    96  rt_cmsis.o(i.svcThreadCreate)
    svcThreadGetId                           0x00001cd1   Thumb Code    22  rt_cmsis.o(i.svcThreadGetId)
    svcThreadTerminate                       0x00001ced   Thumb Code    50  rt_cmsis.o(i.svcThreadTerminate)
    svcTimerCall                             0x00001d25   Thumb Code    24  rt_cmsis.o(i.svcTimerCall)
    svcTimerCreate                           0x00001d3d   Thumb Code    52  rt_cmsis.o(i.svcTimerCreate)
    svcTimerStart                            0x00001d75   Thumb Code    96  rt_cmsis.o(i.svcTimerStart)
    sysTimerTick                             0x00001dd9   Thumb Code    84  rt_cmsis.o(i.sysTimerTick)
    os_thread_def_led_Thread1                0x00001e34   Data          16  virtual_demo.o(.constdata)
    os_thread_def_led_Thread2                0x00001e44   Data          16  virtual_demo.o(.constdata)
    os_thread_def_led_Thread3                0x00001e54   Data          16  virtual_demo.o(.constdata)
    os_timer_def_timer0_handle               0x00001e64   Data           8  virtual_demo.o(.constdata)
    os_timer_def_timer1_handle               0x00001e6c   Data           8  virtual_demo.o(.constdata)
    os_timer_def_timer2_handle               0x00001e74   Data           8  virtual_demo.o(.constdata)
    led_mask                                 0x00001e7c   Data          32  led.o(.constdata)
    os_maxtaskrun                            0x00001e9c   Data           2  rtx_conf_cm.o(.constdata)
    os_stackinfo                             0x00001ea0   Data           4  rtx_conf_cm.o(.constdata)
    os_rrobin                                0x00001ea4   Data           4  rtx_conf_cm.o(.constdata)
    os_tickfreq                              0x00001ea8   Data           4  rtx_conf_cm.o(.constdata)
    os_tickus_i                              0x00001eac   Data           2  rtx_conf_cm.o(.constdata)
    os_tickus_f                              0x00001eae   Data           2  rtx_conf_cm.o(.constdata)
    os_trv                                   0x00001eb0   Data           4  rtx_conf_cm.o(.constdata)
    os_flags                                 0x00001eb4   Data           1  rtx_conf_cm.o(.constdata)
    CMSIS_RTOS_API_Version                   0x00001eb8   Data           4  rtx_conf_cm.o(.constdata)
    CMSIS_RTOS_RTX_Version                   0x00001ebc   Data           4  rtx_conf_cm.o(.constdata)
    os_clockrate                             0x00001ec0   Data           4  rtx_conf_cm.o(.constdata)
    os_timernum                              0x00001ec4   Data           4  rtx_conf_cm.o(.constdata)
    mp_tcb_size                              0x00001ec8   Data           2  rtx_conf_cm.o(.constdata)
    mp_stk_size                              0x00001ecc   Data           4  rtx_conf_cm.o(.constdata)
    os_stack_sz                              0x00001ed0   Data           4  rtx_conf_cm.o(.constdata)
    os_fifo_size                             0x00001ed4   Data           1  rtx_conf_cm.o(.constdata)
    os_thread_def_osTimerThread              0x00001ed8   Data          16  rtx_conf_cm.o(.constdata)
    os_messageQ_def_osTimerMessageQ          0x00001ee8   Data           8  rtx_conf_cm.o(.constdata)
    mp_tmr_size                              0x00001ef0   Data           2  rtx_conf_cm.o(.constdata)
    os_thread_def_main                       0x00001ef4   Data          16  rtx_conf_cm.o(.constdata)
    Region$$Table$$Base                      0x00001f04   Number         0  anon$$obj.o(Region$$Table)
    Region$$Table$$Limit                     0x00001f34   Number         0  anon$$obj.o(Region$$Table)
    mp_tcb                                   0x10000000   Data         376  rtx_conf_cm.o(.bss)
    mp_stk                                   0x10000178   Data        1216  rtx_conf_cm.o(.bss)
    os_stack_mem                             0x10000638   Data         432  rtx_conf_cm.o(.bss)
    os_fifo                                  0x100007e8   Data         132  rtx_conf_cm.o(.bss)
    os_active_TCB                            0x1000086c   Data          28  rtx_conf_cm.o(.bss)
    os_messageQ_q_osTimerMessageQ            0x10000888   Data          32  rtx_conf_cm.o(.bss)
    T_led_ID1                                0x2007c000   Data           4  virtual_demo.o(.data)
    T_led_ID2                                0x2007c004   Data           4  virtual_demo.o(.data)
    T_led_ID3                                0x2007c008   Data           4  virtual_demo.o(.data)
    osThreadId_osTimerThread                 0x2007c00c   Data           4  rtx_conf_cm.o(.data)
    osMessageQId_osTimerMessageQ             0x2007c010   Data           4  rtx_conf_cm.o(.data)
    os_tmr                                   0x2007c014   Data           4  rtx_conf_cm.o(.data)
    m_tmr                                    0x2007c018   Data           4  rtx_conf_cm.o(.data)
    os_initialized                           0x2007c020   Data           1  rt_cmsis.o(.data)
    os_running                               0x2007c021   Data           1  rt_cmsis.o(.data)
    os_timer_head                            0x2007c024   Data           4  rt_cmsis.o(.data)
    os_tsk                                   0x2007c028   Data           8  rt_task.o(.data)
    os_tick_irqn                             0x2007c034   Data           4  rt_system.o(.data)
    os_time                                  0x2007c038   Data           4  rt_time.o(.data)
    dbg_msg                                  0x2007c03c   Data           1  hal_cm.o(.data)
    os_timer_cb_timer0_handle                0x2007c040   Data          24  virtual_demo.o(.bss)
    os_timer_cb_timer1_handle                0x2007c058   Data          24  virtual_demo.o(.bss)
    os_timer_cb_timer2_handle                0x2007c070   Data          24  virtual_demo.o(.bss)
    os_idle_TCB                              0x2007c088   Data          52  rt_task.o(.bss)
    os_rdy                                   0x2007c0bc   Data          24  rt_list.o(.bss)
    os_dly                                   0x2007c0d4   Data          24  rt_list.o(.bss)
    __libspace_start                         0x2007c0ec   Data          96  libspace.o(.bss)
    __temporary_stack_top$libspace           0x2007c14c   Data           0  libspace.o(.bss)



==============================================================================

Memory Map of the image

  Image Entry point : 0x000000cd

  Load Region LR_IROM1 (Base: 0x00000000, Size: 0x00001f74, Max: 0x00080000, ABSOLUTE)

    Execution Region ER_IROM1 (Exec base: 0x00000000, Load base: 0x00000000, Size: 0x00001f34, Max: 0x00080000, ABSOLUTE)

    Exec Addr    Load Addr    Size         Type   Attr      Idx    E Section Name        Object

    0x00000000   0x00000000   0x000000cc   Data   RO          209    RESET               startup_lpc17xx.o
    0x000000cc   0x000000cc   0x00000008   Code   RO         1475  * !!!main             c_w.l(__main.o)
    0x000000d4   0x000000d4   0x00000034   Code   RO         1638    !!!scatter          c_w.l(__scatter.o)
    0x00000108   0x00000108   0x0000001a   Code   RO         1640    !!handler_copy      c_w.l(__scatter_copy.o)
    0x00000122   0x00000122   0x00000002   PAD
    0x00000124   0x00000124   0x0000001c   Code   RO         1642    !!handler_zi        c_w.l(__scatter_zi.o)
    0x00000140   0x00000140   0x00000002   Code   RO         1522    .ARM.Collect$$libinit$$00000000  c_w.l(libinit.o)
    0x00000142   0x00000142   0x00000000   Code   RO         1534    .ARM.Collect$$libinit$$00000002  c_w.l(libinit2.o)
    0x00000142   0x00000142   0x00000000   Code   RO         1536    .ARM.Collect$$libinit$$00000004  c_w.l(libinit2.o)
    0x00000142   0x00000142   0x00000000   Code   RO         1539    .ARM.Collect$$libinit$$0000000A  c_w.l(libinit2.o)
    0x00000142   0x00000142   0x00000000   Code   RO         1541    .ARM.Collect$$libinit$$0000000C  c_w.l(libinit2.o)
    0x00000142   0x00000142   0x00000000   Code   RO         1543    .ARM.Collect$$libinit$$0000000E  c_w.l(libinit2.o)
    0x00000142   0x00000142   0x00000000   Code   RO         1546    .ARM.Collect$$libinit$$00000011  c_w.l(libinit2.o)
    0x00000142   0x00000142   0x00000000   Code   RO         1548    .ARM.Collect$$libinit$$00000013  c_w.l(libinit2.o)
    0x00000142   0x00000142   0x00000000   Code   RO         1550    .ARM.Collect$$libinit$$00000015  c_w.l(libinit2.o)
    0x00000142   0x00000142   0x00000000   Code   RO         1552    .ARM.Collect$$libinit$$00000017  c_w.l(libinit2.o)
    0x00000142   0x00000142   0x00000000   Code   RO         1554    .ARM.Collect$$libinit$$00000019  c_w.l(libinit2.o)
    0x00000142   0x00000142   0x00000000   Code   RO         1556    .ARM.Collect$$libinit$$0000001B  c_w.l(libinit2.o)
    0x00000142   0x00000142   0x00000000   Code   RO         1558    .ARM.Collect$$libinit$$0000001D  c_w.l(libinit2.o)
    0x00000142   0x00000142   0x00000000   Code   RO         1560    .ARM.Collect$$libinit$$0000001F  c_w.l(libinit2.o)
    0x00000142   0x00000142   0x00000000   Code   RO         1562    .ARM.Collect$$libinit$$00000021  c_w.l(libinit2.o)
    0x00000142   0x00000142   0x00000000   Code   RO         1564    .ARM.Collect$$libinit$$00000023  c_w.l(libinit2.o)
    0x00000142   0x00000142   0x00000000   Code   RO         1566    .ARM.Collect$$libinit$$00000025  c_w.l(libinit2.o)
    0x00000142   0x00000142   0x00000000   Code   RO         1570    .ARM.Collect$$libinit$$0000002C  c_w.l(libinit2.o)
    0x00000142   0x00000142   0x00000000   Code   RO         1572    .ARM.Collect$$libinit$$0000002E  c_w.l(libinit2.o)
    0x00000142   0x00000142   0x00000000   Code   RO         1574    .ARM.Collect$$libinit$$00000030  c_w.l(libinit2.o)
    0x00000142   0x00000142   0x00000000   Code   RO         1576    .ARM.Collect$$libinit$$00000032  c_w.l(libinit2.o)
    0x00000142   0x00000142   0x00000002   Code   RO         1577    .ARM.Collect$$libinit$$00000033  c_w.l(libinit2.o)
    0x00000144   0x00000144   0x00000002   Code   RO         1523    .ARM.Collect$$libshutdown$$00000000  c_w.l(libshutdown.o)
    0x00000146   0x00000146   0x00000000   Code   RO         1579    .ARM.Collect$$libshutdown$$00000002  c_w.l(libshutdown2.o)
    0x00000146   0x00000146   0x00000000   Code   RO         1581    .ARM.Collect$$libshutdown$$00000004  c_w.l(libshutdown2.o)
    0x00000146   0x00000146   0x00000000   Code   RO         1583    .ARM.Collect$$libshutdown$$00000006  c_w.l(libshutdown2.o)
    0x00000146   0x00000146   0x00000000   Code   RO         1586    .ARM.Collect$$libshutdown$$00000009  c_w.l(libshutdown2.o)
    0x00000146   0x00000146   0x00000000   Code   RO         1589    .ARM.Collect$$libshutdown$$0000000C  c_w.l(libshutdown2.o)
    0x00000146   0x00000146   0x00000000   Code   RO         1591    .ARM.Collect$$libshutdown$$0000000E  c_w.l(libshutdown2.o)
    0x00000146   0x00000146   0x00000000   Code   RO         1594    .ARM.Collect$$libshutdown$$00000011  c_w.l(libshutdown2.o)
    0x00000146   0x00000146   0x00000002   Code   RO         1595    .ARM.Collect$$libshutdown$$00000012  c_w.l(libshutdown2.o)
    0x00000148   0x00000148   0x00000000   Code   RO         1477    .ARM.Collect$$rtentry$$00000000  c_w.l(__rtentry.o)
    0x00000148   0x00000148   0x00000000   Code   RO         1485    .ARM.Collect$$rtentry$$00000002  c_w.l(__rtentry2.o)
    0x00000148   0x00000148   0x00000006   Code   RO         1497    .ARM.Collect$$rtentry$$00000004  c_w.l(__rtentry4.o)
    0x0000014e   0x0000014e   0x00000000   Code   RO         1487    .ARM.Collect$$rtentry$$00000009  c_w.l(__rtentry2.o)
    0x0000014e   0x0000014e   0x00000004   Code   RO         1488    .ARM.Collect$$rtentry$$0000000A  c_w.l(__rtentry2.o)
    0x00000152   0x00000152   0x00000008   Code   RO         1489    .ARM.Collect$$rtentry$$0000000B  c_w.l(__rtentry2.o)
    0x0000015a   0x0000015a   0x00000008   Code   RO         1491    .ARM.Collect$$rtentry$$0000000D  c_w.l(__rtentry2.o)
    0x00000162   0x00000162   0x00000002   Code   RO         1478    .ARM.Collect$$rtexit$$00000000  c_w.l(rtexit.o)
    0x00000164   0x00000164   0x00000000   Code   RO         1500    .ARM.Collect$$rtexit$$00000002  c_w.l(rtexit2.o)
    0x00000164   0x00000164   0x00000004   Code   RO         1501    .ARM.Collect$$rtexit$$00000003  c_w.l(rtexit2.o)
    0x00000168   0x00000168   0x00000006   Code   RO         1502    .ARM.Collect$$rtexit$$00000004  c_w.l(rtexit2.o)
    0x0000016e   0x0000016e   0x00000002   PAD
    0x00000170   0x00000170   0x0000001c   Code   RO          137    .emb_text           rtx_conf_cm.o
    0x0000018c   0x0000018c   0x00000130   Code   RO         1430    .emb_text           RTX_CM3.lib(hal_cm3.o)
    0x000002bc   0x000002bc   0x0000003c   Code   RO          211    .text               startup_lpc17xx.o
    0x000002f8   0x000002f8   0x00000002   Code   RO         1524    .text               c_w.l(use_no_semi.o)
    0x000002fa   0x000002fa   0x00000000   Code   RO         1526    .text               c_w.l(indicate_semi.o)
    0x000002fa   0x000002fa   0x00000002   Code   RO          998    i.os_tick_irqack    RTX_CM3.lib(rt_system.o)
    0x000002fc   0x000002fc   0x00000004   Code   RO          210    .ARM.__at_0x02FC    startup_lpc17xx.o
    0x00000300   0x00000300   0x00000008   Code   RO         1466    .text               c_w.l(libspace.o)
    0x00000308   0x00000308   0x000000ee   Code   RO         1469    .text               c_w.l(lludivv7m.o)
    0x000003f6   0x000003f6   0x00000012   Code   RO         1471    .text               c_w.l(exit.o)
    0x00000408   0x00000408   0x00000006   Code   RO         1473    .text               c_w.l(heapauxi.o)
    0x0000040e   0x0000040e   0x00000002   PAD
    0x00000410   0x00000410   0x0000000c   Code   RO         1508    .text               c_w.l(sys_exit.o)
    0x0000041c   0x0000041c   0x0000004a   Code   RO         1510    .text               c_w.l(sys_stackheap_outer.o)
    0x00000466   0x00000466   0x00000002   PAD
    0x00000468   0x00000468   0x00000004   Code   RO         1461    SVC_TABLE           RTX_CM3.lib(svc_table.o)
    0x0000046c   0x0000046c   0x00000030   Code   RO           77    i.LED_Init          led.o
    0x0000049c   0x0000049c   0x00000030   Code   RO           78    i.LED_Off           led.o
    0x000004cc   0x000004cc   0x00000030   Code   RO           79    i.LED_On            led.o
    0x000004fc   0x000004fc   0x00000140   Code   RO          221    i.SystemInit        system_lpc17xx.o
    0x0000063c   0x0000063c   0x00000046   Code   RO         1329    i._init_box         RTX_CM3.lib(rt_membox.o)
    0x00000682   0x00000682   0x00000002   PAD
    0x00000684   0x00000684   0x00000020   Code   RO          139    i._mutex_acquire    rtx_conf_cm.o
    0x000006a4   0x000006a4   0x0000001c   Code   RO          141    i._mutex_release    rtx_conf_cm.o
    0x000006c0   0x000006c0   0x000000c8   Code   RO            1    i.callback          virtual_demo.o
    0x00000788   0x00000788   0x00000030   Code   RO         1382    i.dbg_init          RTX_CM3.lib(hal_cm.o)
    0x000007b8   0x000007b8   0x00000020   Code   RO         1383    i.dbg_task_notify   RTX_CM3.lib(hal_cm.o)
    0x000007d8   0x000007d8   0x00000010   Code   RO         1384    i.dbg_task_switch   RTX_CM3.lib(hal_cm.o)
    0x000007e8   0x000007e8   0x00000018   Code   RO            2    i.delay             virtual_demo.o
    0x00000800   0x00000800   0x0000002a   Code   RO          256    i.isrMessageGet     RTX_CM3.lib(rt_cmsis.o)
    0x0000082a   0x0000082a   0x0000002c   Code   RO          257    i.isrMessagePut     RTX_CM3.lib(rt_cmsis.o)
    0x00000856   0x00000856   0x00000024   Code   RO          259    i.isrSignalSet      RTX_CM3.lib(rt_cmsis.o)
    0x0000087a   0x0000087a   0x00000002   PAD
    0x0000087c   0x0000087c   0x00000028   Code   RO         1087    i.isr_evt_set       RTX_CM3.lib(rt_event.o)
    0x000008a4   0x000008a4   0x00000056   Code   RO         1205    i.isr_mbx_receive   RTX_CM3.lib(rt_mailbox.o)
    0x000008fa   0x000008fa   0x0000000e   Code   RO         1206    i.isr_mbx_send      RTX_CM3.lib(rt_mailbox.o)
    0x00000908   0x00000908   0x00000048   Code   RO            3    i.led_Thread1       virtual_demo.o
    0x00000950   0x00000950   0x00000048   Code   RO            4    i.led_Thread2       virtual_demo.o
    0x00000998   0x00000998   0x00000048   Code   RO            5    i.led_Thread3       virtual_demo.o
    0x000009e0   0x000009e0   0x000000a4   Code   RO            6    i.main              virtual_demo.o
    0x00000a84   0x00000a84   0x00000018   Code   RO          260    i.osDelay           RTX_CM3.lib(rt_cmsis.o)
    0x00000a9c   0x00000a9c   0x00000024   Code   RO          261    i.osKernelInitialize  RTX_CM3.lib(rt_cmsis.o)
    0x00000ac0   0x00000ac0   0x0000006c   Code   RO          263    i.osKernelStart     RTX_CM3.lib(rt_cmsis.o)
    0x00000b2c   0x00000b2c   0x00000018   Code   RO          272    i.osMessageGet      RTX_CM3.lib(rt_cmsis.o)
    0x00000b44   0x00000b44   0x00000018   Code   RO          287    i.osSignalSet       RTX_CM3.lib(rt_cmsis.o)
    0x00000b5c   0x00000b5c   0x00000018   Code   RO          288    i.osSignalWait      RTX_CM3.lib(rt_cmsis.o)
    0x00000b74   0x00000b74   0x0000002c   Code   RO          289    i.osThreadCreate    RTX_CM3.lib(rt_cmsis.o)
    0x00000ba0   0x00000ba0   0x00000018   Code   RO          290    i.osThreadExit      RTX_CM3.lib(rt_cmsis.o)
    0x00000bb8   0x00000bb8   0x0000000c   Code   RO          296    i.osTimerCall       RTX_CM3.lib(rt_cmsis.o)
    0x00000bc4   0x00000bc4   0x0000002c   Code   RO          297    i.osTimerCreate     RTX_CM3.lib(rt_cmsis.o)
    0x00000bf0   0x00000bf0   0x00000018   Code   RO          299    i.osTimerStart      RTX_CM3.lib(rt_cmsis.o)
    0x00000c08   0x00000c08   0x0000002c   Code   RO          301    i.osTimerThread     RTX_CM3.lib(rt_cmsis.o)
    0x00000c34   0x00000c34   0x00000022   Code   RO          142    i.os_error          rtx_conf_cm.o
    0x00000c56   0x00000c56   0x00000004   Code   RO          143    i.os_idle_demon     rtx_conf_cm.o
    0x00000c5a   0x00000c5a   0x00000002   PAD
    0x00000c5c   0x00000c5c   0x00000028   Code   RO          997    i.os_tick_init      RTX_CM3.lib(rt_system.o)
    0x00000c84   0x00000c84   0x0000001a   Code   RO         1330    i.rt_alloc_box      RTX_CM3.lib(rt_membox.o)
    0x00000c9e   0x00000c9e   0x0000003e   Code   RO         1358    i.rt_alloc_mem      RTX_CM3.lib(rt_memory.o)
    0x00000cdc   0x00000cdc   0x00000038   Code   RO          878    i.rt_block          RTX_CM3.lib(rt_task.o)
    0x00000d14   0x00000d14   0x00000002   Code   RO          144    i.rt_chk_robin      rtx_conf_cm.o
    0x00000d16   0x00000d16   0x00000002   PAD
    0x00000d18   0x00000d18   0x00000070   Code   RO         1129    i.rt_dec_dly        RTX_CM3.lib(rt_list.o)
    0x00000d88   0x00000d88   0x00000044   Code   RO          879    i.rt_dispatch       RTX_CM3.lib(rt_task.o)
    0x00000dcc   0x00000dcc   0x00000006   Code   RO         1295    i.rt_dly_wait       RTX_CM3.lib(rt_time.o)
    0x00000dd2   0x00000dd2   0x00000002   PAD
    0x00000dd4   0x00000dd4   0x00000050   Code   RO         1090    i.rt_evt_psh        RTX_CM3.lib(rt_event.o)
    0x00000e24   0x00000e24   0x0000005c   Code   RO         1091    i.rt_evt_set        RTX_CM3.lib(rt_event.o)
    0x00000e80   0x00000e80   0x0000003c   Code   RO         1092    i.rt_evt_wait       RTX_CM3.lib(rt_event.o)
    0x00000ebc   0x00000ebc   0x0000002c   Code   RO         1331    i.rt_free_box       RTX_CM3.lib(rt_membox.o)
    0x00000ee8   0x00000ee8   0x00000028   Code   RO         1359    i.rt_free_mem       RTX_CM3.lib(rt_memory.o)
    0x00000f10   0x00000f10   0x00000028   Code   RO         1130    i.rt_get_first      RTX_CM3.lib(rt_list.o)
    0x00000f38   0x00000f38   0x00000008   Code   RO          306    i.rt_id2obj         RTX_CM3.lib(rt_cmsis.o)
    0x00000f40   0x00000f40   0x00000048   Code   RO          880    i.rt_init_context   RTX_CM3.lib(rt_task.o)
    0x00000f88   0x00000f88   0x0000001a   Code   RO         1360    i.rt_init_mem       RTX_CM3.lib(rt_memory.o)
    0x00000fa2   0x00000fa2   0x00000002   Code   RO          145    i.rt_init_robin     rtx_conf_cm.o
    0x00000fa4   0x00000fa4   0x00000080   Code   RO         1385    i.rt_init_stack     RTX_CM3.lib(hal_cm.o)
    0x00001024   0x00001024   0x00000008   Code   RO         1207    i.rt_mbx_check      RTX_CM3.lib(rt_mailbox.o)
    0x0000102c   0x0000102c   0x0000001a   Code   RO         1208    i.rt_mbx_init       RTX_CM3.lib(rt_mailbox.o)
    0x00001046   0x00001046   0x00000002   PAD
    0x00001048   0x00001048   0x000000f0   Code   RO         1209    i.rt_mbx_psh        RTX_CM3.lib(rt_mailbox.o)
    0x00001138   0x00001138   0x000000b4   Code   RO         1211    i.rt_mbx_wait       RTX_CM3.lib(rt_mailbox.o)
    0x000011ec   0x000011ec   0x00000044   Code   RO          307    i.rt_ms2tick        RTX_CM3.lib(rt_cmsis.o)
    0x00001230   0x00001230   0x000000d8   Code   RO          964    i.rt_mut_release    RTX_CM3.lib(rt_mutex.o)
    0x00001308   0x00001308   0x00000078   Code   RO          965    i.rt_mut_wait       RTX_CM3.lib(rt_mutex.o)
    0x00001380   0x00001380   0x0000007c   Code   RO         1001    i.rt_pop_req        RTX_CM3.lib(rt_system.o)
    0x000013fc   0x000013fc   0x00000020   Code   RO         1002    i.rt_psh_req        RTX_CM3.lib(rt_system.o)
    0x0000141c   0x0000141c   0x0000005c   Code   RO         1132    i.rt_psq_enq        RTX_CM3.lib(rt_list.o)
    0x00001478   0x00001478   0x00000048   Code   RO         1133    i.rt_put_dly        RTX_CM3.lib(rt_list.o)
    0x000014c0   0x000014c0   0x00000036   Code   RO         1134    i.rt_put_prio       RTX_CM3.lib(rt_list.o)
    0x000014f6   0x000014f6   0x00000002   PAD
    0x000014f8   0x000014f8   0x00000014   Code   RO         1135    i.rt_put_rdy_first  RTX_CM3.lib(rt_list.o)
    0x0000150c   0x0000150c   0x00000034   Code   RO         1136    i.rt_resort_prio    RTX_CM3.lib(rt_list.o)
    0x00001540   0x00001540   0x00000006   Code   RO         1386    i.rt_ret_val        RTX_CM3.lib(hal_cm.o)
    0x00001546   0x00001546   0x00000008   Code   RO         1387    i.rt_ret_val2       RTX_CM3.lib(hal_cm.o)
    0x0000154e   0x0000154e   0x00000028   Code   RO         1137    i.rt_rmv_dly        RTX_CM3.lib(rt_list.o)
    0x00001576   0x00001576   0x00000002   PAD
    0x00001578   0x00001578   0x00000030   Code   RO         1138    i.rt_rmv_list       RTX_CM3.lib(rt_list.o)
    0x000015a8   0x000015a8   0x00000034   Code   RO         1256    i.rt_sem_psh        RTX_CM3.lib(rt_semaphore.o)
    0x000015dc   0x000015dc   0x00000024   Code   RO         1004    i.rt_stk_check      RTX_CM3.lib(rt_system.o)
    0x00001600   0x00001600   0x00000028   Code   RO          881    i.rt_switch_req     RTX_CM3.lib(rt_task.o)
    0x00001628   0x00001628   0x000000cc   Code   RO          882    i.rt_sys_init       RTX_CM3.lib(rt_task.o)
    0x000016f4   0x000016f4   0x00000078   Code   RO          883    i.rt_sys_start      RTX_CM3.lib(rt_task.o)
    0x0000176c   0x0000176c   0x00000040   Code   RO         1006    i.rt_systick        RTX_CM3.lib(rt_system.o)
    0x000017ac   0x000017ac   0x00000012   Code   RO          308    i.rt_tid2ptcb       RTX_CM3.lib(rt_cmsis.o)
    0x000017be   0x000017be   0x00000002   PAD
    0x000017c0   0x000017c0   0x00000034   Code   RO          309    i.rt_timer_insert   RTX_CM3.lib(rt_cmsis.o)
    0x000017f4   0x000017f4   0x0000003c   Code   RO          310    i.rt_timer_remove   RTX_CM3.lib(rt_cmsis.o)
    0x00001830   0x00001830   0x00000088   Code   RO          884    i.rt_tsk_create     RTX_CM3.lib(rt_task.o)
    0x000018b8   0x000018b8   0x0000017c   Code   RO          885    i.rt_tsk_delete     RTX_CM3.lib(rt_task.o)
    0x00001a34   0x00001a34   0x0000007c   Code   RO          887    i.rt_tsk_prio       RTX_CM3.lib(rt_task.o)
    0x00001ab0   0x00001ab0   0x00000010   Code   RO          888    i.rt_tsk_self       RTX_CM3.lib(rt_task.o)
    0x00001ac0   0x00001ac0   0x00000012   Code   RO          311    i.svcDelay          RTX_CM3.lib(rt_cmsis.o)
    0x00001ad2   0x00001ad2   0x00000002   PAD
    0x00001ad4   0x00001ad4   0x00000070   Code   RO          312    i.svcKernelInitialize  RTX_CM3.lib(rt_cmsis.o)
    0x00001b44   0x00001b44   0x00000048   Code   RO          314    i.svcKernelStart    RTX_CM3.lib(rt_cmsis.o)
    0x00001b8c   0x00001b8c   0x00000024   Code   RO          317    i.svcMessageCreate  RTX_CM3.lib(rt_cmsis.o)
    0x00001bb0   0x00001bb0   0x0000003a   Code   RO          318    i.svcMessageGet     RTX_CM3.lib(rt_cmsis.o)
    0x00001bea   0x00001bea   0x00000024   Code   RO          330    i.svcSignalSet      RTX_CM3.lib(rt_cmsis.o)
    0x00001c0e   0x00001c0e   0x00000002   PAD
    0x00001c10   0x00001c10   0x00000054   Code   RO          331    i.svcSignalWait     RTX_CM3.lib(rt_cmsis.o)
    0x00001c64   0x00001c64   0x0000006c   Code   RO          332    i.svcThreadCreate   RTX_CM3.lib(rt_cmsis.o)
    0x00001cd0   0x00001cd0   0x0000001c   Code   RO          333    i.svcThreadGetId    RTX_CM3.lib(rt_cmsis.o)
    0x00001cec   0x00001cec   0x00000038   Code   RO          336    i.svcThreadTerminate  RTX_CM3.lib(rt_cmsis.o)
    0x00001d24   0x00001d24   0x00000018   Code   RO          338    i.svcTimerCall      RTX_CM3.lib(rt_cmsis.o)
    0x00001d3c   0x00001d3c   0x00000038   Code   RO          339    i.svcTimerCreate    RTX_CM3.lib(rt_cmsis.o)
    0x00001d74   0x00001d74   0x00000064   Code   RO          341    i.svcTimerStart     RTX_CM3.lib(rt_cmsis.o)
    0x00001dd8   0x00001dd8   0x0000005c   Code   RO          347    i.sysTimerTick      RTX_CM3.lib(rt_cmsis.o)
    0x00001e34   0x00001e34   0x00000048   Data   RO            8    .constdata          virtual_demo.o
    0x00001e7c   0x00001e7c   0x00000020   Data   RO           80    .constdata          led.o
    0x00001e9c   0x00001e9c   0x00000068   Data   RO          147    .constdata          rtx_conf_cm.o
    0x00001f04   0x00001f04   0x00000030   Data   RO         1636    Region$$Table       anon$$obj.o


    Execution Region RW_IRAM1 (Exec base: 0x10000000, Load base: 0x00001f34, Size: 0x00000bc8, Max: 0x00008000, ABSOLUTE)

    Exec Addr    Load Addr    Size         Type   Attr      Idx    E Section Name        Object

    0x10000000        -       0x00000bc8   Zero   RW          146    .bss                rtx_conf_cm.o


    Execution Region RW_IRAM2 (Exec base: 0x2007c000, Load base: 0x00001f34, Size: 0x00000350, Max: 0x00008000, ABSOLUTE)

    Exec Addr    Load Addr    Size         Type   Attr      Idx    E Section Name        Object

    0x2007c000   0x00001f34   0x0000000c   Data   RW            9    .data               virtual_demo.o
    0x2007c00c   0x00001f40   0x00000014   Data   RW          148    .data               rtx_conf_cm.o
    0x2007c020   0x00001f54   0x00000008   Data   RW          350    .data               RTX_CM3.lib(rt_cmsis.o)
    0x2007c028   0x00001f5c   0x00000008   Data   RW          890    .data               RTX_CM3.lib(rt_task.o)
    0x2007c030   0x00001f64   0x00000008   Data   RW         1009    .data               RTX_CM3.lib(rt_system.o)
    0x2007c038   0x00001f6c   0x00000004   Data   RW         1299    .data               RTX_CM3.lib(rt_time.o)
    0x2007c03c   0x00001f70   0x00000001   Data   RW         1388    .data               RTX_CM3.lib(hal_cm.o)
    0x2007c03d   0x00001f71   0x00000003   PAD
    0x2007c040        -       0x00000048   Zero   RW            7    .bss                virtual_demo.o
    0x2007c088        -       0x00000034   Zero   RW          889    .bss                RTX_CM3.lib(rt_task.o)
    0x2007c0bc        -       0x00000030   Zero   RW         1139    .bss                RTX_CM3.lib(rt_list.o)
    0x2007c0ec        -       0x00000060   Zero   RW         1467    .bss                c_w.l(libspace.o)
    0x2007c14c   0x00001f71   0x00000004   PAD
    0x2007c150        -       0x00000000   Zero   RW          208    HEAP                startup_lpc17xx.o
    0x2007c150        -       0x00000200   Zero   RW          207    STACK               startup_lpc17xx.o


==============================================================================

Image component sizes


      Code (inc. data)   RO Data    RW Data    ZI Data      Debug   Object Name

       144         24         32          0          0       1857   led.o
       130         26        104         20       3016      10270   rtx_conf_cm.o
        64         26        204          0        512       1036   startup_lpc17xx.o
       320         18          0          0          0        593   system_lpc17xx.o
       604         72         72         12         72      13431   virtual_demo.o

    ----------------------------------------------------------------------
      1266        166        460         32       3600      27187   Object Totals
         0          0         48          0          0          0   (incl. Generated)
         4          0          0          0          0          0   (incl. Padding)

    ----------------------------------------------------------------------

      Code (inc. data)   RO Data    RW Data    ZI Data      Debug   Library Member Name

       238         24          0          1          0       3244   hal_cm.o
       304         36          0          0          0        756   hal_cm3.o
      1640        186          0          8          0      40042   rt_cmsis.o
       272         18          0          0          0       2606   rt_event.o
       530         34          0          0         48       8157   rt_list.o
       554         10          0          0          0       3889   rt_mailbox.o
       140          0          0          0          0       1889   rt_membox.o
       128          0          0          0          0       2267   rt_memory.o
       336         14          0          0          0       1623   rt_mutex.o
        52          4          0          0          0        565   rt_semaphore.o
       298         52          0          8          0       6139   rt_system.o
      1216        174          0          8         52       9537   rt_task.o
         6          0          0          4          0        636   rt_time.o
         4          4          0          0          0        196   svc_table.o
         8          0          0          0          0         68   __main.o
         0          0          0          0          0          0   __rtentry.o
        20          0          0          0          0          0   __rtentry2.o
         6          0          0          0          0          0   __rtentry4.o
        52          8          0          0          0          0   __scatter.o
        26          0          0          0          0          0   __scatter_copy.o
        28          0          0          0          0          0   __scatter_zi.o
        18          0          0          0          0         80   exit.o
         6          0          0          0          0        152   heapauxi.o
         0          0          0          0          0          0   indicate_semi.o
         2          0          0          0          0          0   libinit.o
         2          0          0          0          0          0   libinit2.o
         2          0          0          0          0          0   libshutdown.o
         2          0          0          0          0          0   libshutdown2.o
         8          4          0          0         96         68   libspace.o
       238          0          0          0          0        100   lludivv7m.o
         2          0          0          0          0          0   rtexit.o
        10          0          0          0          0          0   rtexit2.o
        12          4          0          0          0         68   sys_exit.o
        74          0          0          0          0         80   sys_stackheap_outer.o
         2          0          0          0          0         68   use_no_semi.o

    ----------------------------------------------------------------------
      6262        572          0         32        200      82230   Library Totals
        26          0          0          3          4          0   (incl. Padding)

    ----------------------------------------------------------------------

      Code (inc. data)   RO Data    RW Data    ZI Data      Debug   Library Name

      5718        556          0         29        100      81546   RTX_CM3.lib
       518         16          0          0         96        684   c_w.l

    ----------------------------------------------------------------------
      6262        572          0         32        200      82230   Library Totals

    ----------------------------------------------------------------------

==============================================================================


      Code (inc. data)   RO Data    RW Data    ZI Data      Debug   

      7528        738        460         64       3800     104317   Grand Totals
      7528        738        460         64       3800     104317   ELF Image Totals
      7528        738        460         64          0          0   ROM Totals

==============================================================================

    Total RO  Size (Code + RO Data)                 7988 (   7.80kB)
    Total RW  Size (RW Data + ZI Data)              3864 (   3.77kB)
    Total ROM Size (Code + RO Data + RW Data)       8052 (   7.86kB)

==============================================================================

