Component: ARM Compiler 5.06 update 7 (build 960) Tool: armlink [4d3601]

==============================================================================

Section Cross References

    main.o(i.main) refers to rt_cmsis.o(i.osKernelInitialize) for osKernelInitialize
    main.o(i.main) refers to led.o(i.LED_Init) for LED_Init
    main.o(i.main) refers to thread.o(i.Init_Thread) for Init_Thread
    main.o(i.main) refers to rt_cmsis.o(i.osKernelStart) for osKernelStart
    main.o(i.main) refers to rt_cmsis.o(i.osDelay) for osDelay
    thread.o(i.Init_Thread) refers to rt_cmsis.o(i.osMutexCreate) for osMutexCreate
    thread.o(i.Init_Thread) refers to rt_cmsis.o(i.osThreadCreate) for osThreadCreate
    thread.o(i.Init_Thread) refers to thread.o(.constdata) for os_mutex_def_LOGGER_MUTEX
    thread.o(i.Init_Thread) refers to thread.o(.data) for logger_mutex
    thread.o(i.Thread1) refers to rt_cmsis.o(i.osThreadYield) for osThreadYield
    thread.o(i.Thread1) refers to rt_cmsis.o(i.osSignalWait) for osSignalWait
    thread.o(i.Thread1) refers to rt_cmsis.o(i.osDelay) for osDelay
    thread.o(i.Thread1) refers to rt_cmsis.o(i.osThreadTerminate) for osThreadTerminate
    thread.o(i.Thread1) refers to thread.o(.data) for memory_access_counter
    thread.o(i.Thread2) refers to rt_cmsis.o(i.osSignalSet) for osSignalSet
    thread.o(i.Thread2) refers to rt_cmsis.o(i.osThreadTerminate) for osThreadTerminate
    thread.o(i.Thread2) refers to thread.o(.data) for cpu_mgmt_access_counter
    thread.o(i.Thread3) refers to rt_cmsis.o(i.osMutexWait) for osMutexWait
    thread.o(i.Thread3) refers to printfb.o(i.__0sprintf$bare) for __2sprintf
    thread.o(i.Thread3) refers to rt_cmsis.o(i.osSignalSet) for osSignalSet
    thread.o(i.Thread3) refers to rt_cmsis.o(i.osThreadYield) for osThreadYield
    thread.o(i.Thread3) refers to rt_cmsis.o(i.osSignalWait) for osSignalWait
    thread.o(i.Thread3) refers to rt_cmsis.o(i.osDelay) for osDelay
    thread.o(i.Thread3) refers to rt_cmsis.o(i.osThreadTerminate) for osThreadTerminate
    thread.o(i.Thread3) refers to thread.o(.data) for logger_mutex
    thread.o(i.Thread3) refers to thread.o(.bss) for logger
    thread.o(i.Thread4) refers to rt_cmsis.o(i.osSignalWait) for osSignalWait
    thread.o(i.Thread4) refers to strcat.o(.text) for strcat
    thread.o(i.Thread4) refers to rt_cmsis.o(i.osSignalSet) for osSignalSet
    thread.o(i.Thread4) refers to rt_cmsis.o(i.osThreadYield) for osThreadYield
    thread.o(i.Thread4) refers to rt_cmsis.o(i.osDelay) for osDelay
    thread.o(i.Thread4) refers to rt_cmsis.o(i.osThreadTerminate) for osThreadTerminate
    thread.o(i.Thread4) refers to thread.o(.bss) for logger
    thread.o(i.Thread4) refers to thread.o(.data) for tid3_Thread
    thread.o(i.Thread5) refers to rt_cmsis.o(i.osDelay) for osDelay
    thread.o(i.Thread5) refers to rt_cmsis.o(i.osThreadTerminate) for osThreadTerminate
    thread.o(i.Thread5) refers to thread.o(.data) for num_of_users
    thread.o(.constdata) refers to thread.o(.bss) for os_mutex_cb_LOGGER_MUTEX
    thread.o(.constdata) refers to thread.o(i.Thread1) for Thread1
    thread.o(.constdata) refers to thread.o(i.Thread2) for Thread2
    thread.o(.constdata) refers to thread.o(i.Thread3) for Thread3
    thread.o(.constdata) refers to thread.o(i.Thread4) for Thread4
    thread.o(.constdata) refers to thread.o(i.Thread5) for Thread5
    glcd_spi_lpc1700.o(i.GLCD_Bargraph) refers to glcd_spi_lpc1700.o(i.GLCD_SetWindow) for GLCD_SetWindow
    glcd_spi_lpc1700.o(i.GLCD_Bargraph) refers to glcd_spi_lpc1700.o(i.wr_cmd) for wr_cmd
    glcd_spi_lpc1700.o(i.GLCD_Bargraph) refers to glcd_spi_lpc1700.o(i.wr_dat_start) for wr_dat_start
    glcd_spi_lpc1700.o(i.GLCD_Bargraph) refers to glcd_spi_lpc1700.o(i.wr_dat_only) for wr_dat_only
    glcd_spi_lpc1700.o(i.GLCD_Bargraph) refers to glcd_spi_lpc1700.o(i.wr_dat_stop) for wr_dat_stop
    glcd_spi_lpc1700.o(i.GLCD_Bargraph) refers to glcd_spi_lpc1700.o(.data) for Color
    glcd_spi_lpc1700.o(i.GLCD_Bitmap) refers to glcd_spi_lpc1700.o(i.GLCD_SetWindow) for GLCD_SetWindow
    glcd_spi_lpc1700.o(i.GLCD_Bitmap) refers to glcd_spi_lpc1700.o(i.wr_cmd) for wr_cmd
    glcd_spi_lpc1700.o(i.GLCD_Bitmap) refers to glcd_spi_lpc1700.o(i.wr_dat_start) for wr_dat_start
    glcd_spi_lpc1700.o(i.GLCD_Bitmap) refers to glcd_spi_lpc1700.o(i.wr_dat_only) for wr_dat_only
    glcd_spi_lpc1700.o(i.GLCD_Bitmap) refers to glcd_spi_lpc1700.o(i.wr_dat_stop) for wr_dat_stop
    glcd_spi_lpc1700.o(i.GLCD_Clear) refers to glcd_spi_lpc1700.o(i.GLCD_WindowMax) for GLCD_WindowMax
    glcd_spi_lpc1700.o(i.GLCD_Clear) refers to glcd_spi_lpc1700.o(i.wr_cmd) for wr_cmd
    glcd_spi_lpc1700.o(i.GLCD_Clear) refers to glcd_spi_lpc1700.o(i.wr_dat_start) for wr_dat_start
    glcd_spi_lpc1700.o(i.GLCD_Clear) refers to glcd_spi_lpc1700.o(i.wr_dat_only) for wr_dat_only
    glcd_spi_lpc1700.o(i.GLCD_Clear) refers to glcd_spi_lpc1700.o(i.wr_dat_stop) for wr_dat_stop
[...]
    printf1.o(i.__0printf$1) refers to stdout.o(.data) for __stdout
    printf1.o(i.__0snprintf$1) refers to printf1.o(i._printf_core) for _printf_core
    printf1.o(i.__0snprintf$1) refers to printf1.o(i._snputc) for _snputc
    printf1.o(i.__0sprintf$1) refers to printf1.o(i._printf_core) for _printf_core
    printf1.o(i.__0sprintf$1) refers to printf1.o(i._sputc) for _sputc
    printf1.o(i.__0vfprintf$1) refers to printf1.o(i._printf_core) for _printf_core
    printf1.o(i.__0vfprintf$1) refers to fputc.o(i.fputc) for fputc
    printf1.o(i.__0vprintf$1) refers to printf1.o(i._printf_core) for _printf_core
    printf1.o(i.__0vprintf$1) refers to fputc.o(i.fputc) for fputc
    printf1.o(i.__0vprintf$1) refers to stdout.o(.data) for __stdout
    printf1.o(i.__0vsnprintf$1) refers to printf1.o(i._printf_core) for _printf_core
    printf1.o(i.__0vsnprintf$1) refers to printf1.o(i._snputc) for _snputc
    printf1.o(i.__0vsprintf$1) refers to printf1.o(i._printf_core) for _printf_core
    printf1.o(i.__0vsprintf$1) refers to printf1.o(i._sputc) for _sputc
    printf1.o(i._printf_core) refers to uidiv.o(.text) for __aeabi_uidivmod
    printf2.o(i.__0fprintf$2) refers to printf2.o(i._printf_core) for _printf_core
    printf2.o(i.__0fprintf$2) refers to fputc.o(i.fputc) for fputc
    printf2.o(i.__0printf$2) refers to printf2.o(i._printf_core) for _printf_core
    printf2.o(i.__0printf$2) refers to fputc.o(i.fputc) for fputc
    printf2.o(i.__0printf$2) refers to stdout.o(.data) for __stdout
    printf2.o(i.__0snprintf$2) refers to printf2.o(i._printf_core) for _printf_core
    printf2.o(i.__0snprintf$2) refers to printf2.o(i._snputc) for _snputc
    printf2.o(i.__0sprintf$2) refers to printf2.o(i._printf_core) for _printf_core
    printf2.o(i.__0sprintf$2) refers to printf2.o(i._sputc) for _sputc
    printf2.o(i.__0vfprintf$2) refers to printf2.o(i._printf_core) for _printf_core
    printf2.o(i.__0vfprintf$2) refers to fputc.o(i.fputc) for fputc
    printf2.o(i.__0vprintf$2) refers to printf2.o(i._printf_core) for _printf_core
    printf2.o(i.__0vprintf$2) refers to fputc.o(i.fputc) for fputc
    printf2.o(i.__0vprintf$2) refers to stdout.o(.data) for __stdout
    printf2.o(i.__0vsnprintf$2) refers to printf2.o(i._printf_core) for _printf_core
    printf2.o(i.__0vsnprintf$2) refers to printf2.o(i._snputc) for _snputc
    printf2.o(i.__0vsprintf$2) refers to printf2.o(i._printf_core) for _printf_core
    printf2.o(i.__0vsprintf$2) refers to printf2.o(i._sputc) for _sputc
    printf3.o(i.__0fprintf$3) refers to printf3.o(i._printf_core) for _printf_core
    printf3.o(i.__0fprintf$3) refers to fputc.o(i.fputc) for fputc
    printf3.o(i.__0printf$3) refers to printf3.o(i._printf_core) for _printf_core
    printf3.o(i.__0printf$3) refers to fputc.o(i.fputc) for fputc
    printf3.o(i.__0printf$3) refers to stdout.o(.data) for __stdout
    printf3.o(i.__0snprintf$3) refers to printf3.o(i._printf_core) for _printf_core
    printf3.o(i.__0snprintf$3) refers to printf3.o(i._snputc) for _snputc
    printf3.o(i.__0sprintf$3) refers to printf3.o(i._printf_core) for _printf_core
    printf3.o(i.__0sprintf$3) refers to printf3.o(i._sputc) for _sputc
    printf3.o(i.__0vfprintf$3) refers to printf3.o(i._printf_core) for _printf_core
    printf3.o(i.__0vfprintf$3) refers to fputc.o(i.fputc) for fputc
    printf3.o(i.__0vprintf$3) refers to printf3.o(i._printf_core) for _printf_core
    printf3.o(i.__0vprintf$3) refers to fputc.o(i.fputc) for fputc
    printf3.o(i.__0vprintf$3) refers to stdout.o(.data) for __stdout
    printf3.o(i.__0vsnprintf$3) refers to printf3.o(i._printf_core) for _printf_core
    printf3.o(i.__0vsnprintf$3) refers to printf3.o(i._snputc) for _snputc
    printf3.o(i.__0vsprintf$3) refers to printf3.o(i._printf_core) for _printf_core
    printf3.o(i.__0vsprintf$3) refers to printf3.o(i._sputc) for _sputc
    printf3.o(i._printf_core) refers to uidiv.o(.text) for __aeabi_uidivmod
    printf4.o(i.__0fprintf$4) refers to printf4.o(i._printf_core) for _printf_core
    printf4.o(i.__0fprintf$4) refers to fputc.o(i.fputc) for fputc
    printf4.o(i.__0printf$4) refers to printf4.o(i._printf_core) for _printf_core
    printf4.o(i.__0printf$4) refers to fputc.o(i.fputc) for fputc
    printf4.o(i.__0printf$4) refers to stdout.o(.data) for __stdout
    printf4.o(i.__0snprintf$4) refers to printf4.o(i._printf_core) for _printf_core
    printf4.o(i.__0snprintf$4) refers to printf4.o(i._snputc) for _snputc
    printf4.o(i.__0sprintf$4) refers to printf4.o(i._printf_core) for _printf_core
    printf4.o(i.__0sprintf$4) refers to printf4.o(i._sputc) for _sputc
    printf4.o(i.__0vfprintf$4) refers to printf4.o(i._printf_core) for _printf_core
    printf4.o(i.__0vfprintf$4) refers to fputc.o(i.fputc) for fputc
    printf4.o(i.__0vprintf$4) refers to printf4.o(i._printf_core) for _printf_core
    printf4.o(i.__0vprintf$4) refers to fputc.o(i.fputc) for fputc
    printf4.o(i.__0vprintf$4) refers to stdout.o(.data) for __stdout
    printf4.o(i.__0vsnprintf$4) refers to printf4.o(i._printf_core) for _printf_core
    printf4.o(i.__0vsnprintf$4) refers to printf4.o(i._snputc) for _snputc
    printf4.o(i.__0vsprintf$4) refers to printf4.o(i._printf_core) for _printf_core
    printf4.o(i.__0vsprintf$4) refers to printf4.o(i._sputc) for _sputc
    printf4.o(i._printf_core) refers to uldiv.o(.text) for __aeabi_uldivmod
    printf5.o(i.__0fprintf$5) refers to printf5.o(i._printf_core) for _printf_core
    printf5.o(i.__0fprintf$5) refers to fputc.o(i.fputc) for fputc
    printf5.o(i.__0printf$5) refers to printf5.o(i._printf_core) for _printf_core
    printf5.o(i.__0printf$5) refers to fputc.o(i.fputc) for fputc
    printf5.o(i.__0printf$5) refers to stdout.o(.data) for __stdout
    printf5.o(i.__0snprintf$5) refers to printf5.o(i._printf_core) for _printf_core
    printf5.o(i.__0snprintf$5) refers to printf5.o(i._snputc) for _snputc
    printf5.o(i.__0sprintf$5) refers to printf5.o(i._printf_core) for _printf_core
    printf5.o(i.__0sprintf$5) refers to printf5.o(i._sputc) for _sputc
    printf5.o(i.__0vfprintf$5) refers to printf5.o(i._printf_core) for _printf_core
    printf5.o(i.__0vfprintf$5) refers to fputc.o(i.fputc) for fputc
    printf5.o(i.__0vprintf$5) refers to printf5.o(i._printf_core) for _printf_core
    printf5.o(i.__0vprintf$5) refers to fputc.o(i.fputc) for fputc
    printf5.o(i.__0vprintf$5) refers to stdout.o(.data) for __stdout
    printf5.o(i.__0vsnprintf$5) refers to printf5.o(i._printf_core) for _printf_core
    printf5.o(i.__0vsnprintf$5) refers to printf5.o(i._snputc) for _snputc
    printf5.o(i.__0vsprintf$5) refers to printf5.o(i._printf_core) for _printf_core
    printf5.o(i.__0vsprintf$5) refers to printf5.o(i._sputc) for _sputc
    printf5.o(i._printf_core) refers to uldiv.o(.text) for __aeabi_uldivmod
    printf6.o(i.__0fprintf$6) refers to printf6.o(i._printf_core) for _printf_core
    printf6.o(i.__0fprintf$6) refers to fputc.o(i.fputc) for fputc
    printf6.o(i.__0printf$6) refers to printf6.o(i._printf_core) for _printf_core
    printf6.o(i.__0printf$6) refers to fputc.o(i.fputc) for fputc
    printf6.o(i.__0printf$6) refers to stdout.o(.data) for __stdout
    printf6.o(i.__0snprintf$6) refers to printf6.o(i._printf_core) for _printf_core
    printf6.o(i.__0snprintf$6) refers to printf6.o(i._snputc) for _snputc
    printf6.o(i.__0sprintf$6) refers to printf6.o(i._printf_core) for _printf_core
    printf6.o(i.__0sprintf$6) refers to printf6.o(i._sputc) for _sputc
    printf6.o(i.__0vfprintf$6) refers to printf6.o(i._printf_core) for _printf_core
    printf6.o(i.__0vfprintf$6) refers to fputc.o(i.fputc) for fputc
    printf6.o(i.__0vprintf$6) refers to printf6.o(i._printf_core) for _printf_core
    printf6.o(i.__0vprintf$6) refers to fputc.o(i.fputc) for fputc
    printf6.o(i.__0vprintf$6) refers to stdout.o(.data) for __stdout
    printf6.o(i.__0vsnprintf$6) refers to printf6.o(i._printf_core) for _printf_core
    printf6.o(i.__0vsnprintf$6) refers to printf6.o(i._snputc) for _snputc
    printf6.o(i.__0vsprintf$6) refers to printf6.o(i._printf_core) for _printf_core
    printf6.o(i.__0vsprintf$6) refers to printf6.o(i._sputc) for _sputc
    printf6.o(i._printf_core) refers to printf6.o(i._printf_pre_padding) for _printf_pre_padding
    printf6.o(i._printf_core) refers to uidiv.o(.text) for __aeabi_uidivmod
    printf6.o(i._printf_core) refers to printf6.o(i._printf_post_padding) for _printf_post_padding
    printf7.o(i.__0fprintf$7) refers to printf7.o(i._printf_core) for _printf_core
    printf7.o(i.__0fprintf$7) refers to fputc.o(i.fputc) for fputc
    printf7.o(i.__0printf$7) refers to printf7.o(i._printf_core) for _printf_core
    printf7.o(i.__0printf$7) refers to fputc.o(i.fputc) for fputc
    printf7.o(i.__0printf$7) refers to stdout.o(.data) for __stdout
    printf7.o(i.__0snprintf$7) refers to printf7.o(i._printf_core) for _printf_core
    printf7.o(i.__0snprintf$7) refers to printf7.o(i._snputc) for _snputc
    printf7.o(i.__0sprintf$7) refers to printf7.o(i._printf_core) for _printf_core
    printf7.o(i.__0sprintf$7) refers to printf7.o(i._sputc) for _sputc
    printf7.o(i.__0vfprintf$7) refers to printf7.o(i._printf_core) for _printf_core
    printf7.o(i.__0vfprintf$7) refers to fputc.o(i.fputc) for fputc
    printf7.o(i.__0vprintf$7) refers to printf7.o(i._printf_core) for _printf_core
    printf7.o(i.__0vprintf$7) refers to fputc.o(i.fputc) for fputc
    printf7.o(i.__0vprintf$7) refers to stdout.o(.data) for __stdout
    printf7.o(i.__0vsnprintf$7) refers to printf7.o(i._printf_core) for _printf_core
    printf7.o(i.__0vsnprintf$7) refers to printf7.o(i._snputc) for _snputc
    printf7.o(i.__0vsprintf$7) refers to printf7.o(i._printf_core) for _printf_core
    printf7.o(i.__0vsprintf$7) refers to printf7.o(i._sputc) for _sputc
    printf7.o(i._printf_core) refers to printf7.o(i._printf_pre_padding) for _printf_pre_padding
    printf7.o(i._printf_core) refers to uldiv.o(.text) for __aeabi_uldivmod
    printf7.o(i._printf_core) refers to printf7.o(i._printf_post_padding) for _printf_post_padding
    printf8.o(i.__0fprintf$8) refers to printf8.o(i._printf_core) for _printf_core
    printf8.o(i.__0fprintf$8) refers to fputc.o(i.fputc) for fputc
    printf8.o(i.__0printf$8) refers to printf8.o(i._printf_core) for _printf_core
    printf8.o(i.__0printf$8) refers to fputc.o(i.fputc) for fputc
    printf8.o(i.__0printf$8) refers to stdout.o(.data) for __stdout
    printf8.o(i.__0snprintf$8) refers to printf8.o(i._printf_core) for _printf_core
    printf8.o(i.__0snprintf$8) refers to printf8.o(i._snputc) for _snputc
    printf8.o(i.__0sprintf$8) refers to printf8.o(i._printf_core) for _printf_core
    printf8.o(i.__0sprintf$8) refers to printf8.o(i._sputc) for _sputc
    printf8.o(i.__0vfprintf$8) refers to printf8.o(i._printf_core) for _printf_core
    printf8.o(i.__0vfprintf$8) refers to fputc.o(i.fputc) for fputc
    printf8.o(i.__0vprintf$8) refers to printf8.o(i._printf_core) for _printf_core
    printf8.o(i.__0vprintf$8) refers to fputc.o(i.fputc) for fputc
    printf8.o(i.__0vprintf$8) refers to stdout.o(.data) for __stdout
    printf8.o(i.__0vsnprintf$8) refers to printf8.o(i._printf_core) for _printf_core
    printf8.o(i.__0vsnprintf$8) refers to printf8.o(i._snputc) for _snputc
    printf8.o(i.__0vsprintf$8) refers to printf8.o(i._printf_core) for _printf_core
    printf8.o(i.__0vsprintf$8) refers to printf8.o(i._sputc) for _sputc
    printf8.o(i._printf_core) refers to printf8.o(i._printf_pre_padding) for _printf_pre_padding
    printf8.o(i._printf_core) refers to uldiv.o(.text) for __aeabi_uldivmod
    printf8.o(i._printf_core) refers to printf8.o(i._printf_post_padding) for _printf_post_padding
    printfa.o(i.__0fprintf) refers (Special) to iusefp.o(.text) for __I$use$fp
    printfa.o(i.__0fprintf) refers to printfa.o(i._printf_core) for _printf_core
    printfa.o(i.__0fprintf) refers to fputc.o(i.fputc) for fputc
    printfa.o(i.__0printf) refers (Special) to iusefp.o(.text) for __I$use$fp
    printfa.o(i.__0printf) refers to printfa.o(i._printf_core) for _printf_core
    printfa.o(i.__0printf) refers to fputc.o(i.fputc) for fputc
    printfa.o(i.__0printf) refers to stdout.o(.data) for __stdout
    printfa.o(i.__0snprintf) refers (Special) to iusefp.o(.text) for __I$use$fp
    printfa.o(i.__0snprintf) refers to printfa.o(i._printf_core) for _printf_core
    printfa.o(i.__0snprintf) refers to printfa.o(i._snputc) for _snputc
    printfa.o(i.__0sprintf) refers (Special) to iusefp.o(.text) for __I$use$fp
    printfa.o(i.__0sprintf) refers to printfa.o(i._printf_core) for _printf_core
    printfa.o(i.__0sprintf) refers to printfa.o(i._sputc) for _sputc
    printfa.o(i.__0vfprintf) refers (Special) to iusefp.o(.text) for __I$use$fp
    printfa.o(i.__0vfprintf) refers to printfa.o(i._printf_core) for _printf_core
    printfa.o(i.__0vfprintf) refers to fputc.o(i.fputc) for fputc
    printfa.o(i.__0vprintf) refers (Special) to iusefp.o(.text) for __I$use$fp
    printfa.o(i.__0vprintf) refers to printfa.o(i._printf_core) for _printf_core
    printfa.o(i.__0vprintf) refers to fputc.o(i.fputc) for fputc
    printfa.o(i.__0vprintf) refers to stdout.o(.data) for __stdout
    printfa.o(i.__0vsnprintf) refers (Special) to iusefp.o(.text) for __I$use$fp
    printfa.o(i.__0vsnprintf) refers to printfa.o(i._printf_core) for _printf_core
    printfa.o(i.__0vsnprintf) refers to printfa.o(i._snputc) for _snputc
    printfa.o(i.__0vsprintf) refers (Special) to iusefp.o(.text) for __I$use$fp
    printfa.o(i.__0vsprintf) refers to printfa.o(i._printf_core) for _printf_core
    printfa.o(i.__0vsprintf) refers to printfa.o(i._sputc) for _sputc
    printfa.o(i._fp_digits) refers (Special) to iusefp.o(.text) for __I$use$fp
    printfa.o(i._fp_digits) refers to dmul.o(.text) for __aeabi_dmul
    printfa.o(i._fp_digits) refers to ddiv.o(.text) for __aeabi_ddiv
    printfa.o(i._fp_digits) refers to cdrcmple.o(.text) for __aeabi_cdrcmple
    printfa.o(i._fp_digits) refers to dadd.o(.text) for __aeabi_dadd
    printfa.o(i._fp_digits) refers to dfixul.o(.text) for __aeabi_d2ulz
    printfa.o(i._fp_digits) refers to uldiv.o(.text) for __aeabi_uldivmod
    printfa.o(i._printf_core) refers (Special) to iusefp.o(.text) for __I$use$fp
    printfa.o(i._printf_core) refers to printfa.o(i._printf_pre_padding) for _printf_pre_padding
    printfa.o(i._printf_core) refers to uldiv.o(.text) for __aeabi_uldivmod
    printfa.o(i._printf_core) refers to printfa.o(i._printf_post_padding) for _printf_post_padding
    printfa.o(i._printf_core) refers to printfa.o(i._fp_digits) for _fp_digits
    printfa.o(i._printf_core) refers to uidiv.o(.text) for __aeabi_uidivmod
    printfa.o(i._printf_post_padding) refers (Special) to iusefp.o(.text) for __I$use$fp
    printfa.o(i._printf_pre_padding) refers (Special) to iusefp.o(.text) for __I$use$fp
    printfa.o(i._snputc) refers (Special) to iusefp.o(.text) for __I$use$fp
    printfa.o(i._sputc) refers (Special) to iusefp.o(.text) for __I$use$fp
    entry2.o(.ARM.Collect$$$$00000001) refers to entry2.o(.ARM.Collect$$$$00002712) for __lit__00000000
    entry2.o(.ARM.Collect$$$$00002712) refers to startup_lpc17xx.o(STACK) for __initial_sp
    entry2.o(__vectab_stack_and_reset_area) refers to startup_lpc17xx.o(STACK) for __initial_sp
    entry2.o(__vectab_stack_and_reset_area) refers to entry.o(.ARM.Collect$$$$00000000) for __main
    entry5.o(.ARM.Collect$$$$00000004) refers to init.o(.text) for __scatterload
    fputc.o(i.fputc) refers (Special) to iusesemip.o(.text) for __I$use$semihosting$fputc
    fputc.o(i.fputc) refers (Special) to semi.o(.text) for __semihosting_library_function
    dadd.o(.text) refers to llshl.o(.text) for __aeabi_llsl
    dadd.o(.text) refers to llsshr.o(.text) for __aeabi_lasr
    dadd.o(.text) refers to depilogue.o(.text) for _double_epilogue
    dmul.o(.text) refers to depilogue.o(.text) for _double_epilogue
    ddiv.o(.text) refers to depilogue.o(.text) for _double_round
    dfixul.o(.text) refers to llushr.o(.text) for __aeabi_llsr
    dfixul.o(.text) refers to llshl.o(.text) for __aeabi_llsl
    init.o(.text) refers to entry5.o(.ARM.Collect$$$$00000004) for __main_after_scatterload
    depilogue.o(.text) refers to llshl.o(.text) for __aeabi_llsl
    depilogue.o(.text) refers to llushr.o(.text) for __aeabi_llsr


==============================================================================

Removing Unused input sections from the image.

    Removing thread.o(.rev16_text), (4 bytes).
    Removing thread.o(.revsh_text), (4 bytes).
    Removing thread.o(.rrx_text), (6 bytes).
    Removing thread.o(i.delay), (22 bytes).
    Removing glcd_spi_lpc1700.o(.rev16_text), (4 bytes).
    Removing glcd_spi_lpc1700.o(.revsh_text), (4 bytes).
    Removing glcd_spi_lpc1700.o(.rrx_text), (6 bytes).
    Removing glcd_spi_lpc1700.o(i.GLCD_Bargraph), (104 bytes).
    Removing glcd_spi_lpc1700.o(i.GLCD_Bitmap), (82 bytes).
    Removing glcd_spi_lpc1700.o(i.GLCD_Clear), (42 bytes).
    Removing glcd_spi_lpc1700.o(i.GLCD_ClearLn), (94 bytes).
    Removing glcd_spi_lpc1700.o(i.GLCD_DisplayChar), (92 bytes).
    Removing glcd_spi_lpc1700.o(i.GLCD_DisplayString), (40 bytes).
    Removing glcd_spi_lpc1700.o(i.GLCD_DrawChar), (156 bytes).
    Removing glcd_spi_lpc1700.o(i.GLCD_Init), (1512 bytes).
    Removing glcd_spi_lpc1700.o(i.GLCD_PutPixel), (128 bytes).
    Removing glcd_spi_lpc1700.o(i.GLCD_ScrollVertical), (2 bytes).
    Removing glcd_spi_lpc1700.o(i.GLCD_SetBackColor), (12 bytes).
    Removing glcd_spi_lpc1700.o(i.GLCD_SetTextColor), (12 bytes).
    Removing glcd_spi_lpc1700.o(i.GLCD_SetWindow), (172 bytes).
    Removing glcd_spi_lpc1700.o(i.GLCD_WindowMax), (18 bytes).
    Removing glcd_spi_lpc1700.o(i.GLCD_WrCmd), (12 bytes).
    Removing glcd_spi_lpc1700.o(i.GLCD_WrReg), (16 bytes).
    Removing glcd_spi_lpc1700.o(i.delay), (14 bytes).
    Removing glcd_spi_lpc1700.o(i.rd_id_man), (140 bytes).
    Removing glcd_spi_lpc1700.o(i.rd_reg), (72 bytes).
    Removing glcd_spi_lpc1700.o(i.spi_tran), (32 bytes).
    Removing glcd_spi_lpc1700.o(i.spi_tran_man), (128 bytes).
    Removing glcd_spi_lpc1700.o(i.wr_cmd), (40 bytes).
    Removing glcd_spi_lpc1700.o(i.wr_dat), (40 bytes).
    Removing glcd_spi_lpc1700.o(i.wr_dat_only), (18 bytes).
    Removing glcd_spi_lpc1700.o(i.wr_dat_start), (20 bytes).
    Removing glcd_spi_lpc1700.o(i.wr_dat_stop), (12 bytes).
    Removing glcd_spi_lpc1700.o(i.wr_reg), (20 bytes).
    Removing glcd_spi_lpc1700.o(.constdata), (6272 bytes).
    Removing glcd_spi_lpc1700.o(.data), (5 bytes).
    Removing led.o(.rev16_text), (4 bytes).
    Removing led.o(.revsh_text), (4 bytes).
    Removing led.o(.rrx_text), (6 bytes).
    Removing led.o(i.LED_Off), (48 bytes).
    Removing led.o(i.LED_On), (48 bytes).
    Removing led.o(.constdata), (32 bytes).
    Removing startup_lpc17xx.o(HEAP), (0 bytes).
    Removing system_lpc17xx.o(.rev16_text), (4 bytes).
    Removing system_lpc17xx.o(.revsh_text), (4 bytes).
    Removing system_lpc17xx.o(.rrx_text), (6 bytes).
    Removing system_lpc17xx.o(i.SystemCoreClockUpdate), (424 bytes).
    Removing system_lpc17xx.o(.data), (4 bytes).
    Removing rt_cmsis.o(.rev16_text), (4 bytes).
    Removing rt_cmsis.o(.revsh_text), (4 bytes).
    Removing rt_cmsis.o(.rrx_text), (6 bytes).
    Removing rt_cmsis.o(i.isrSemaphoreRelease), (40 bytes).
    Removing rt_cmsis.o(i.osKernelRunning), (36 bytes).
    Removing rt_cmsis.o(i.osKernelSysTick), (24 bytes).
    Removing rt_cmsis.o(i.osMailAlloc), (28 bytes).
    Removing rt_cmsis.o(i.osMailCAlloc), (48 bytes).
    Removing rt_cmsis.o(i.osMailCreate), (44 bytes).
    Removing rt_cmsis.o(i.osMailFree), (28 bytes).
    Removing rt_cmsis.o(i.osMailGet), (22 bytes).
    Removing rt_cmsis.o(i.osMailPut), (20 bytes).
    Removing rt_cmsis.o(i.osMessageCreate), (44 bytes).
    Removing rt_cmsis.o(i.osMessagePut), (24 bytes).
    Removing rt_cmsis.o(i.osMutexDelete), (24 bytes).
    Removing rt_cmsis.o(i.osMutexRelease), (24 bytes).
    Removing rt_cmsis.o(i.osPoolAlloc), (32 bytes).
    Removing rt_cmsis.o(i.osPoolCAlloc), (52 bytes).
    Removing rt_cmsis.o(i.osPoolCreate), (44 bytes).
    Removing rt_cmsis.o(i.osPoolFree), (32 bytes).
    Removing rt_cmsis.o(i.osSemaphoreCreate), (44 bytes).
    Removing rt_cmsis.o(i.osSemaphoreDelete), (24 bytes).
    Removing rt_cmsis.o(i.osSemaphoreRelease), (24 bytes).
    Removing rt_cmsis.o(i.osSemaphoreWait), (24 bytes).
    Removing rt_cmsis.o(i.osSignalClear), (24 bytes).
    Removing rt_cmsis.o(i.osThreadGetId), (24 bytes).
    Removing rt_cmsis.o(i.osThreadGetPriority), (24 bytes).
    Removing rt_cmsis.o(i.osThreadSetPriority), (24 bytes).
    Removing rt_cmsis.o(i.osTimerCreate), (44 bytes).
    Removing rt_cmsis.o(i.osTimerDelete), (24 bytes).
    Removing rt_cmsis.o(i.osTimerStart), (24 bytes).
    Removing rt_cmsis.o(i.osTimerStop), (24 bytes).
    Removing rt_cmsis.o(i.osWait), (4 bytes).
    Removing rt_cmsis.o(i.os_resume), (12 bytes).
    Removing rt_cmsis.o(i.os_suspend), (12 bytes).
    Removing rt_cmsis.o(i.rt_clr_box), (24 bytes).
    Removing rt_cmsis.o(i.rt_timer_remove), (60 bytes).
    Removing rt_cmsis.o(i.svcKernelRunning), (12 bytes).
    Removing rt_cmsis.o(i.svcKernelSysTick), (56 bytes).
    Removing rt_cmsis.o(i.svcMailCreate), (66 bytes).
    Removing rt_cmsis.o(i.svcMessagePut), (54 bytes).
    Removing rt_cmsis.o(i.svcMutexDelete), (26 bytes).
    Removing rt_cmsis.o(i.svcMutexRelease), (34 bytes).
    Removing rt_cmsis.o(i.svcPoolCreate), (40 bytes).
    Removing rt_cmsis.o(i.svcSemaphoreCreate), (36 bytes).
    Removing rt_cmsis.o(i.svcSemaphoreDelete), (26 bytes).
    Removing rt_cmsis.o(i.svcSemaphoreRelease), (40 bytes).
    Removing rt_cmsis.o(i.svcSemaphoreWait), (50 bytes).
    Removing rt_cmsis.o(i.svcSignalClear), (36 bytes).
    Removing rt_cmsis.o(i.svcThreadGetPriority), (18 bytes).
    Removing rt_cmsis.o(i.svcThreadSetPriority), (46 bytes).
    Removing rt_cmsis.o(i.svcTimerCreate), (56 bytes).
    Removing rt_cmsis.o(i.svcTimerDelete), (40 bytes).
    Removing rt_cmsis.o(i.svcTimerStart), (100 bytes).
    Removing rt_cmsis.o(i.svcTimerStop), (36 bytes).
    Removing rt_cmsis.o(i.sysMailAlloc), (88 bytes).
    Removing rt_cmsis.o(i.sysMailFree), (96 bytes).
    Removing rt_cmsis.o(i.sysPoolAlloc), (10 bytes).
    Removing rt_cmsis.o(i.sysPoolFree), (20 bytes).
    Removing rt_cmsis.o(i.sysUserTimerUpdate), (48 bytes).
    Removing rt_cmsis.o(i.sysUserTimerWakeupTime), (20 bytes).
    Removing rt_system.o(.emb_text), (0 bytes).
    Removing rt_system.o(i.os_tick_ovf), (16 bytes).
    Removing rt_system.o(i.os_tick_val), (20 bytes).
    Removing rt_system.o(i.rt_resume), (136 bytes).
    Removing rt_system.o(i.rt_suspend), (36 bytes).
    Removing rt_system.o(i.rt_tsk_lock), (80 bytes).
    Removing rt_system.o(i.rt_tsk_unlock), (80 bytes).
    Removing rt_event.o(i.rt_evt_clr), (28 bytes).
    Removing rt_event.o(i.rt_evt_get), (12 bytes).
    Removing rt_mailbox.o(i.rt_mbx_send), (152 bytes).
    Removing rt_semaphore.o(i.isr_sem_send), (16 bytes).
    Removing rt_semaphore.o(i.rt_sem_delete), (92 bytes).
    Removing rt_semaphore.o(i.rt_sem_init), (12 bytes).
    Removing rt_semaphore.o(i.rt_sem_send), (42 bytes).
    Removing rt_semaphore.o(i.rt_sem_wait), (64 bytes).
    Removing rt_time.o(i.rt_itv_set), (24 bytes).
    Removing rt_time.o(i.rt_itv_wait), (40 bytes).
    Removing rt_time.o(i.rt_time_get), (12 bytes).
    Removing rt_mutex.o(i.rt_mut_delete), (176 bytes).
    Removing rt_mutex.o(i.rt_mut_release), (216 bytes).
    Removing rt_membox.o(i._calloc_box), (30 bytes).
    Removing dadd.o(.text), (334 bytes).
    Removing dmul.o(.text), (228 bytes).
    Removing ddiv.o(.text), (222 bytes).
    Removing dfixul.o(.text), (48 bytes).
    Removing cdrcmple.o(.text), (48 bytes).
    Removing depilogue.o(.text), (186 bytes).

136 unused section(s) (total 14365 bytes) removed from the image.

==============================================================================

Image Symbol Table

    Local Symbols

    Symbol Name                              Value     Ov Type        Size  Object(Section)

    RESET                                    0x00000000   Section      204  startup_lpc17xx.o(RESET)
    ../clib/microlib/division.c              0x00000000   Number         0  uidiv.o ABSOLUTE
    ../clib/microlib/division.c              0x00000000   Number         0  uldiv.o ABSOLUTE
    ../clib/microlib/init/entry.s            0x00000000   Number         0  entry5.o ABSOLUTE
    ../clib/microlib/init/entry.s            0x00000000   Number         0  entry2.o ABSOLUTE
    ../clib/microlib/init/entry.s            0x00000000   Number         0  entry11b.o ABSOLUTE
    ../clib/microlib/init/entry.s            0x00000000   Number         0  entry12a.o ABSOLUTE
    ../clib/microlib/init/entry.s            0x00000000   Number         0  entry.o ABSOLUTE
    ../clib/microlib/init/entry.s            0x00000000   Number         0  entry7b.o ABSOLUTE
    ../clib/microlib/init/entry.s            0x00000000   Number         0  entry7a.o ABSOLUTE
    ../clib/microlib/init/entry.s            0x00000000   Number         0  entry8a.o ABSOLUTE
    ../clib/microlib/init/entry.s            0x00000000   Number         0  entry8b.o ABSOLUTE
    ../clib/microlib/init/entry.s            0x00000000   Number         0  entry10a.o ABSOLUTE
    ../clib/microlib/init/entry.s            0x00000000   Number         0  entry10b.o ABSOLUTE
    ../clib/microlib/init/entry.s            0x00000000   Number         0  entry12b.o ABSOLUTE
    ../clib/microlib/init/entry.s            0x00000000   Number         0  entry11a.o ABSOLUTE
    ../clib/microlib/longlong.c              0x00000000   Number         0  llushr.o ABSOLUTE
    ../clib/microlib/longlong.c              0x00000000   Number         0  llsshr.o ABSOLUTE
    ../clib/microlib/longlong.c              0x00000000   Number         0  llshl.o ABSOLUTE
    ../clib/microlib/printf/printf.c         0x00000000   Number         0  printf3.o ABSOLUTE
    ../clib/microlib/printf/printf.c         0x00000000   Number         0  printf2.o ABSOLUTE
    ../clib/microlib/printf/printf.c         0x00000000   Number         0  printf0.o ABSOLUTE
    ../clib/microlib/printf/printf.c         0x00000000   Number         0  printfb.o ABSOLUTE
    ../clib/microlib/printf/printf.c         0x00000000   Number         0  printf6.o ABSOLUTE
    ../clib/microlib/printf/printf.c         0x00000000   Number         0  printf8.o ABSOLUTE
    ../clib/microlib/printf/printf.c         0x00000000   Number         0  printfa.o ABSOLUTE
    ../clib/microlib/printf/printf.c         0x00000000   Number         0  printf1.o ABSOLUTE
    ../clib/microlib/printf/printf.c         0x00000000   Number         0  printf7.o ABSOLUTE
    ../clib/microlib/printf/printf.c         0x00000000   Number         0  printf5.o ABSOLUTE
    ../clib/microlib/printf/printf.c         0x00000000   Number         0  printf4.o ABSOLUTE
    ../clib/microlib/stdio/fputc.c           0x00000000   Number         0  fputc.o ABSOLUTE
    ../clib/microlib/stdio/semi.s            0x00000000   Number         0  semi.o ABSOLUTE
    ../clib/microlib/stdio/streams.c         0x00000000   Number         0  stdout.o ABSOLUTE
    ../clib/microlib/string/strcat.c         0x00000000   Number         0  strcat.o ABSOLUTE
    ../clib/microlib/stubs.s                 0x00000000   Number         0  iusesemip.o ABSOLUTE
    ../clib/microlib/stubs.s                 0x00000000   Number         0  iusefp.o ABSOLUTE
    ../fplib/microlib/fpadd.c                0x00000000   Number         0  dadd.o ABSOLUTE
    ../fplib/microlib/fpdiv.c                0x00000000   Number         0  ddiv.o ABSOLUTE
    ../fplib/microlib/fpepilogue.c           0x00000000   Number         0  depilogue.o ABSOLUTE
    ../fplib/microlib/fpfix.c                0x00000000   Number         0  dfixul.o ABSOLUTE
    ../fplib/microlib/fpmul.c                0x00000000   Number         0  dmul.o ABSOLUTE
    ..\HAL_CM.c                              0x00000000   Number         0  hal_cm.o ABSOLUTE
    ..\\rt_CMSIS.c                           0x00000000   Number         0  rt_cmsis.o ABSOLUTE
    ..\\rt_System.c                          0x00000000   Number         0  rt_system.o ABSOLUTE
    ..\rt_CMSIS.c                            0x00000000   Number         0  rt_cmsis.o ABSOLUTE
    ..\rt_Event.c                            0x00000000   Number         0  rt_event.o ABSOLUTE
    ..\rt_List.c                             0x00000000   Number         0  rt_list.o ABSOLUTE
    ..\rt_Mailbox.c                          0x00000000   Number         0  rt_mailbox.o ABSOLUTE
    ..\rt_MemBox.c                           0x00000000   Number         0  rt_membox.o ABSOLUTE
    ..\rt_Memory.c                           0x00000000   Number         0  rt_memory.o ABSOLUTE
    ..\rt_Mutex.c                            0x00000000   Number         0  rt_mutex.o ABSOLUTE
    ..\rt_Robin.c                            0x00000000   Number         0  rt_robin.o ABSOLUTE
    ..\rt_Semaphore.c                        0x00000000   Number         0  rt_semaphore.o ABSOLUTE
    ..\rt_System.c                           0x00000000   Number         0  rt_system.o ABSOLUTE
    ..\rt_Task.c                             0x00000000   Number         0  rt_task.o ABSOLUTE
    ..\rt_Time.c                             0x00000000   Number         0  rt_time.o ABSOLUTE
    GLCD_SPI_LPC1700.c                       0x00000000   Number         0  glcd_spi_lpc1700.o ABSOLUTE
    GLCD_SPI_LPC1700.c                       0x00000000   Number         0  glcd_spi_lpc1700.o ABSOLUTE
    HAL_CM3.c                                0x00000000   Number         0  hal_cm3.o ABSOLUTE
    HAL_CM3.c                                0x00000000   Number         0  hal_cm3.o ABSOLUTE
    LED.c                                    0x00000000   Number         0  led.o ABSOLUTE
    LED.c                                    0x00000000   Number         0  led.o ABSOLUTE
    RTE/CMSIS/RTX_Conf_CM.c                  0x00000000   Number         0  rtx_conf_cm.o ABSOLUTE
    RTE/Device/LPC1768/startup_LPC17xx.s     0x00000000   Number         0  startup_lpc17xx.o ABSOLUTE
    RTE/Device/LPC1768/system_LPC17xx.c      0x00000000   Number         0  system_lpc17xx.o ABSOLUTE
    RTE\Device\LPC1768\system_LPC17xx.c      0x00000000   Number         0  system_lpc17xx.o ABSOLUTE
    SVC_Table.s                              0x00000000   Number         0  svc_table.o ABSOLUTE
    Thread.c                                 0x00000000   Number         0  thread.o ABSOLUTE
    Thread.c                                 0x00000000   Number         0  thread.o ABSOLUTE
    cdrcmple.s                               0x00000000   Number         0  cdrcmple.o ABSOLUTE
    dc.s                                     0x00000000   Number         0  dc.o ABSOLUTE
    handlers.s                               0x00000000   Number         0  handlers.o ABSOLUTE
    init.s                                   0x00000000   Number         0  init.o ABSOLUTE
    main.c                                   0x00000000   Number         0  main.o ABSOLUTE
    .ARM.Collect$$$$00000000                 0x000000cc   Section        0  entry.o(.ARM.Collect$$$$00000000)
    .ARM.Collect$$$$00000001                 0x000000cc   Section        4  entry2.o(.ARM.Collect$$$$00000001)
    .ARM.Collect$$$$00000004                 0x000000d0   Section        4  entry5.o(.ARM.Collect$$$$00000004)
    .ARM.Collect$$$$00000008                 0x000000d4   Section        0  entry7b.o(.ARM.Collect$$$$00000008)
    .ARM.Collect$$$$0000000A                 0x000000d4   Section        0  entry8b.o(.ARM.Collect$$$$0000000A)
    .ARM.Collect$$$$0000000E                 0x000000d4   Section        4  entry12b.o(.ARM.Collect$$$$0000000E)
    .ARM.Collect$$$$0000000F                 0x000000d8   Section        0  entry10a.o(.ARM.Collect$$$$0000000F)
    .ARM.Collect$$$$00000011                 0x000000d8   Section        0  entry11a.o(.ARM.Collect$$$$00000011)
    .ARM.Collect$$$$000000FF                 0x000000d8   Section        0  rtx_conf_cm.o(.ARM.Collect$$$$000000FF)
    .ARM.Collect$$$$00002712                 0x000000f0   Section        4  entry2.o(.ARM.Collect$$$$00002712)
    __lit__00000000                          0x000000f0   Data           4  entry2.o(.ARM.Collect$$$$00002712)
    .emb_text                                0x000000f4   Section      304  hal_cm3.o(.emb_text)
    .text                                    0x00000224   Section       36  startup_lpc17xx.o(.text)
    .text                                    0x00000248   Section        0  strcat.o(.text)
    .text                                    0x00000260   Section       36  init.o(.text)
    SVC_TABLE                                0x00000284   Section        4  svc_table.o(SVC_TABLE)
    i.LED_Init                               0x00000288   Section        0  led.o(i.LED_Init)
    i.Thread5                                0x000002b8   Section        0  thread.o(i.Thread5)
    i.__scatterload_copy                     0x000002e0   Section       14  handlers.o(i.__scatterload_copy)
    i.__scatterload_null                     0x000002ee   Section        2  handlers.o(i.__scatterload_null)
    i._sputc                                 0x000002f0   Section        0  printfb.o(i._sputc)
    _sputc                                   0x000002f1   Thumb Code    10  printfb.o(i._sputc)
    i.os_tick_irqack                         0x000002fa   Section        0  rt_system.o(i.os_tick_irqack)
    .ARM.__at_0x02FC                         0x000002fc   Section        4  startup_lpc17xx.o(.ARM.__at_0x02FC)
    i.Init_Thread                            0x00000300   Section        0  thread.o(i.Init_Thread)
    i.SystemInit                             0x000003b8   Section        0  system_lpc17xx.o(i.SystemInit)
    i.Thread1                                0x000004f8   Section        0  thread.o(i.Thread1)
    i.Thread2                                0x00000540   Section        0  thread.o(i.Thread2)
    i.Thread3                                0x000005c4   Section        0  thread.o(i.Thread3)
    i.Thread4                                0x00000658   Section        0  thread.o(i.Thread4)
    i.__0sprintf$bare                        0x000006cc   Section        0  printfb.o(i.__0sprintf$bare)
    i.__scatterload_zeroinit                 0x000006f0   Section       14  handlers.o(i.__scatterload_zeroinit)
    i._init_box                              0x000006fe   Section        0  rt_membox.o(i._init_box)
    i._printf_core                           0x00000744   Section        0  printfb.o(i._printf_core)
    _printf_core                             0x00000745   Thumb Code    34  printfb.o(i._printf_core)
    i.dbg_init                               0x00000768   Section        0  hal_cm.o(i.dbg_init)
    i.dbg_task_notify                        0x00000798   Section        0  hal_cm.o(i.dbg_task_notify)
    i.dbg_task_switch                        0x000007b8   Section        0  hal_cm.o(i.dbg_task_switch)
    i.isrMessageGet                          0x000007c8   Section        0  rt_cmsis.o(i.isrMessageGet)
    i.isrMessagePut                          0x000007f2   Section        0  rt_cmsis.o(i.isrMessagePut)
    i.isrSignalSet                           0x0000081e   Section        0  rt_cmsis.o(i.isrSignalSet)
    i.isr_evt_set                            0x00000844   Section        0  rt_event.o(i.isr_evt_set)
    i.isr_mbx_receive                        0x0000086c   Section        0  rt_mailbox.o(i.isr_mbx_receive)
    i.isr_mbx_send                           0x000008c2   Section        0  rt_mailbox.o(i.isr_mbx_send)
    i.main                                   0x000008d0   Section        0  main.o(i.main)
    i.osDelay                                0x000008f0   Section        0  rt_cmsis.o(i.osDelay)
    i.osKernelInitialize                     0x00000908   Section        0  rt_cmsis.o(i.osKernelInitialize)
    i.osKernelStart                          0x0000092c   Section        0  rt_cmsis.o(i.osKernelStart)
    i.osMessageGet                           0x00000998   Section        0  rt_cmsis.o(i.osMessageGet)
    i.osMutexCreate                          0x000009b0   Section        0  rt_cmsis.o(i.osMutexCreate)
    i.osMutexWait                            0x000009dc   Section        0  rt_cmsis.o(i.osMutexWait)
    i.osSignalSet                            0x000009f4   Section        0  rt_cmsis.o(i.osSignalSet)
    i.osSignalWait                           0x00000a0c   Section        0  rt_cmsis.o(i.osSignalWait)
    i.osThreadCreate                         0x00000a24   Section        0  rt_cmsis.o(i.osThreadCreate)
    i.osThreadExit                           0x00000a50   Section        0  rt_cmsis.o(i.osThreadExit)
    i.osThreadTerminate                      0x00000a68   Section        0  rt_cmsis.o(i.osThreadTerminate)
    i.osThreadYield                          0x00000a80   Section        0  rt_cmsis.o(i.osThreadYield)
    i.osTimerCall                            0x00000a98   Section        0  rt_cmsis.o(i.osTimerCall)
    i.osTimerThread                          0x00000aa4   Section        0  rt_cmsis.o(i.osTimerThread)
    i.os_error                               0x00000ad0   Section        0  rtx_conf_cm.o(i.os_error)
    i.os_idle_demon                          0x00000af4   Section        0  rtx_conf_cm.o(i.os_idle_demon)
    i.os_tick_init                           0x00000b08   Section        0  rt_system.o(i.os_tick_init)
    i.rt_alloc_box                           0x00000b30   Section        0  rt_membox.o(i.rt_alloc_box)
    i.rt_alloc_mem                           0x00000b4a   Section        0  rt_memory.o(i.rt_alloc_mem)
    i.rt_block                               0x00000b88   Section        0  rt_task.o(i.rt_block)
    i.rt_chk_robin                           0x00000bc0   Section        0  rt_robin.o(i.rt_chk_robin)
    i.rt_dec_dly                             0x00000c08   Section        0  rt_list.o(i.rt_dec_dly)
    i.rt_dispatch                            0x00000c78   Section        0  rt_task.o(i.rt_dispatch)
    i.rt_dly_wait                            0x00000cbc   Section        0  rt_time.o(i.rt_dly_wait)
    i.rt_evt_psh                             0x00000cc4   Section        0  rt_event.o(i.rt_evt_psh)
    i.rt_evt_set                             0x00000d14   Section        0  rt_event.o(i.rt_evt_set)
    i.rt_evt_wait                            0x00000d70   Section        0  rt_event.o(i.rt_evt_wait)
    i.rt_free_box                            0x00000dac   Section        0  rt_membox.o(i.rt_free_box)
    i.rt_free_mem                            0x00000dd8   Section        0  rt_memory.o(i.rt_free_mem)
    i.rt_get_first                           0x00000e00   Section        0  rt_list.o(i.rt_get_first)
    i.rt_get_same_rdy_prio                   0x00000e28   Section        0  rt_list.o(i.rt_get_same_rdy_prio)
    i.rt_id2obj                              0x00000e4c   Section        0  rt_cmsis.o(i.rt_id2obj)
    rt_id2obj                                0x00000e4d   Thumb Code     8  rt_cmsis.o(i.rt_id2obj)
    i.rt_init_context                        0x00000e54   Section        0  rt_task.o(i.rt_init_context)
    rt_init_context                          0x00000e55   Thumb Code    66  rt_task.o(i.rt_init_context)
    i.rt_init_mem                            0x00000e9c   Section        0  rt_memory.o(i.rt_init_mem)
    i.rt_init_robin                          0x00000eb8   Section        0  rt_robin.o(i.rt_init_robin)
    i.rt_init_stack                          0x00000ed0   Section        0  hal_cm.o(i.rt_init_stack)
    i.rt_mbx_check                           0x00000f50   Section        0  rt_mailbox.o(i.rt_mbx_check)
    i.rt_mbx_init                            0x00000f58   Section        0  rt_mailbox.o(i.rt_mbx_init)
    i.rt_mbx_psh                             0x00000f74   Section        0  rt_mailbox.o(i.rt_mbx_psh)
    i.rt_mbx_wait                            0x00001064   Section        0  rt_mailbox.o(i.rt_mbx_wait)
    i.rt_ms2tick                             0x00001118   Section        0  rt_cmsis.o(i.rt_ms2tick)
    rt_ms2tick                               0x00001119   Thumb Code    58  rt_cmsis.o(i.rt_ms2tick)
    i.rt_mut_init                            0x0000115c   Section        0  rt_mutex.o(i.rt_mut_init)
    i.rt_mut_wait                            0x0000116c   Section        0  rt_mutex.o(i.rt_mut_wait)
    i.rt_pop_req                             0x000011e4   Section        0  rt_system.o(i.rt_pop_req)
    i.rt_psh_req                             0x00001260   Section        0  rt_system.o(i.rt_psh_req)
    i.rt_psq_enq                             0x00001280   Section        0  rt_list.o(i.rt_psq_enq)
    i.rt_put_dly                             0x000012dc   Section        0  rt_list.o(i.rt_put_dly)
    i.rt_put_prio                            0x00001324   Section        0  rt_list.o(i.rt_put_prio)
    i.rt_put_rdy_first                       0x0000135c   Section        0  rt_list.o(i.rt_put_rdy_first)
    i.rt_resort_prio                         0x00001370   Section        0  rt_list.o(i.rt_resort_prio)
    i.rt_ret_val                             0x000013a4   Section        0  hal_cm.o(i.rt_ret_val)
    i.rt_ret_val2                            0x000013aa   Section        0  hal_cm.o(i.rt_ret_val2)
    i.rt_rmv_dly                             0x000013b2   Section        0  rt_list.o(i.rt_rmv_dly)
    i.rt_rmv_list                            0x000013dc   Section        0  rt_list.o(i.rt_rmv_list)
    i.rt_sem_psh                             0x0000140c   Section        0  rt_semaphore.o(i.rt_sem_psh)
    i.rt_stk_check                           0x00001440   Section        0  rt_system.o(i.rt_stk_check)
    i.rt_switch_req                          0x00001464   Section        0  rt_task.o(i.rt_switch_req)
    i.rt_sys_init                            0x0000148c   Section        0  rt_task.o(i.rt_sys_init)
    i.rt_sys_start                           0x00001558   Section        0  rt_task.o(i.rt_sys_start)
    i.rt_systick                             0x000015d0   Section        0  rt_system.o(i.rt_systick)
    i.rt_tid2ptcb                            0x00001610   Section        0  rt_cmsis.o(i.rt_tid2ptcb)
    rt_tid2ptcb                              0x00001611   Thumb Code    18  rt_cmsis.o(i.rt_tid2ptcb)
    i.rt_timer_insert                        0x00001624   Section        0  rt_cmsis.o(i.rt_timer_insert)
    rt_timer_insert                          0x00001625   Thumb Code    48  rt_cmsis.o(i.rt_timer_insert)
    i.rt_tsk_create                          0x00001658   Section        0  rt_task.o(i.rt_tsk_create)
    i.rt_tsk_delete                          0x000016e0   Section        0  rt_task.o(i.rt_tsk_delete)
    i.rt_tsk_pass                            0x0000185c   Section        0  rt_task.o(i.rt_tsk_pass)
    i.rt_tsk_prio                            0x0000188c   Section        0  rt_task.o(i.rt_tsk_prio)
    i.rt_tsk_self                            0x00001908   Section        0  rt_task.o(i.rt_tsk_self)
    i.svcDelay                               0x00001918   Section        0  rt_cmsis.o(i.svcDelay)
    i.svcKernelInitialize                    0x0000192c   Section        0  rt_cmsis.o(i.svcKernelInitialize)
    i.svcKernelStart                         0x0000199c   Section        0  rt_cmsis.o(i.svcKernelStart)
    i.svcMessageCreate                       0x000019e4   Section        0  rt_cmsis.o(i.svcMessageCreate)
    i.svcMessageGet                          0x00001a08   Section        0  rt_cmsis.o(i.svcMessageGet)
    i.svcMutexCreate                         0x00001a42   Section        0  rt_cmsis.o(i.svcMutexCreate)
    i.svcMutexWait                           0x00001a5e   Section        0  rt_cmsis.o(i.svcMutexWait)
    i.svcSignalSet                           0x00001a98   Section        0  rt_cmsis.o(i.svcSignalSet)
    i.svcSignalWait                          0x00001abc   Section        0  rt_cmsis.o(i.svcSignalWait)
    i.svcThreadCreate                        0x00001b10   Section        0  rt_cmsis.o(i.svcThreadCreate)
    i.svcThreadGetId                         0x00001b7c   Section        0  rt_cmsis.o(i.svcThreadGetId)
    i.svcThreadTerminate                     0x00001b98   Section        0  rt_cmsis.o(i.svcThreadTerminate)
    i.svcThreadYield                         0x00001bd0   Section        0  rt_cmsis.o(i.svcThreadYield)
    i.svcTimerCall                           0x00001bda   Section        0  rt_cmsis.o(i.svcTimerCall)
    i.sysTimerTick                           0x00001bf4   Section        0  rt_cmsis.o(i.sysTimerTick)
    .constdata                               0x00001c50   Section       84  thread.o(.constdata)
    .constdata                               0x00001ca4   Section      104  rtx_conf_cm.o(.constdata)
    __tagsym$$used                           0x00001cc0   Number         0  rtx_conf_cm.o(.constdata)
    __tagsym$$used                           0x00001cc4   Number         0  rtx_conf_cm.o(.constdata)
    __tagsym$$used                           0x00001cc8   Number         0  rtx_conf_cm.o(.constdata)
    __tagsym$$used                           0x00001ccc   Number         0  rtx_conf_cm.o(.constdata)
    .bss                                     0x10000000   Section     2216  rtx_conf_cm.o(.bss)
    .data                                    0x2007c000   Section       60  thread.o(.data)
    .data                                    0x2007c03c   Section       20  rtx_conf_cm.o(.data)
    .data                                    0x2007c050   Section        8  rt_cmsis.o(.data)
    .data                                    0x2007c058   Section        8  rt_task.o(.data)
    .data                                    0x2007c060   Section        8  rt_system.o(.data)
    os_lock                                  0x2007c060   Data           1  rt_system.o(.data)
    os_psh_flag                              0x2007c061   Data           1  rt_system.o(.data)
    pend_flags                               0x2007c062   Data           1  rt_system.o(.data)
    .data                                    0x2007c068   Section        4  rt_time.o(.data)
    .data                                    0x2007c06c   Section        1  hal_cm.o(.data)
    .data                                    0x2007c070   Section        8  rt_robin.o(.data)
    .bss                                     0x2007c078   Section      116  thread.o(.bss)
    .bss                                     0x2007c0ec   Section       52  rt_task.o(.bss)
    .bss                                     0x2007c120   Section       48  rt_list.o(.bss)
    STACK                                    0x2007c150   Section      512  startup_lpc17xx.o(STACK)

    Global Symbols

    Symbol Name                              Value     Ov Type        Size  Object(Section)

    BuildAttributes$$THM_ISAv4$P$D$K$B$S$PE$A:L22UL41UL21$X:L11$S22US41US21$IEEE1$IW$USESV6$~STKCKD$USESV7$~SHL$OSPACE$ROPI$EBA8$MICROLIB$REQ8$PRES8$EABIv2 0x00000000   Number         0  anon$$obj.o ABSOLUTE
    __ARM_use_no_argv                        0x00000000   Number         0  main.o ABSOLUTE
    __Vectors                                0x00000000   Data           4  startup_lpc17xx.o(RESET)
    __arm_fini_                               - Undefined Weak Reference
    __cpp_initialize__aeabi_                  - Undefined Weak Reference
    __cxa_finalize                            - Undefined Weak Reference
    __decompress                              - Undefined Weak Reference
    _clock_init                               - Undefined Weak Reference
    _microlib_exit                            - Undefined Weak Reference
    __main                                   0x000000cd   Thumb Code     0  entry.o(.ARM.Collect$$$$00000000)
    _main_stk                                0x000000cd   Thumb Code     0  entry2.o(.ARM.Collect$$$$00000001)
    _main_scatterload                        0x000000d1   Thumb Code     0  entry5.o(.ARM.Collect$$$$00000004)
    __main_after_scatterload                 0x000000d5   Thumb Code     0  entry5.o(.ARM.Collect$$$$00000004)
    __rt_lib_shutdown_fini                   0x000000d5   Thumb Code     0  entry12b.o(.ARM.Collect$$$$0000000E)
    _main_clock                              0x000000d5   Thumb Code     0  entry7b.o(.ARM.Collect$$$$00000008)
    _main_cpp_init                           0x000000d5   Thumb Code     0  entry8b.o(.ARM.Collect$$$$0000000A)
    __rt_final_cpp                           0x000000d9   Thumb Code     0  entry10a.o(.ARM.Collect$$$$0000000F)
    __rt_final_exit                          0x000000d9   Thumb Code     0  entry11a.o(.ARM.Collect$$$$00000011)
    _main_init                               0x000000d9   Thumb Code    18  rtx_conf_cm.o(.ARM.Collect$$$$000000FF)
    rt_set_PSP                               0x000000f5   Thumb Code     6  hal_cm3.o(.emb_text)
    rt_get_PSP                               0x000000fb   Thumb Code     6  hal_cm3.o(.emb_text)
    os_set_env                               0x00000101   Thumb Code    24  hal_cm3.o(.emb_text)
    _alloc_box                               0x0000011d   Thumb Code    28  hal_cm3.o(.emb_text)
    _free_box                                0x0000013d   Thumb Code    28  hal_cm3.o(.emb_text)
    SVC_Handler                              0x0000015d   Thumb Code   108  hal_cm3.o(.emb_text)
    PendSV_Handler                           0x000001d5   Thumb Code    56  hal_cm3.o(.emb_text)
    SysTick_Handler                          0x00000211   Thumb Code     8  hal_cm3.o(.emb_text)
    OS_Tick_Handler                          0x00000219   Thumb Code    12  hal_cm3.o(.emb_text)
    Reset_Handler                            0x00000225   Thumb Code     8  startup_lpc17xx.o(.text)
    NMI_Handler                              0x0000022d   Thumb Code     2  startup_lpc17xx.o(.text)
    HardFault_Handler                        0x0000022f   Thumb Code     2  startup_lpc17xx.o(.text)
    MemManage_Handler                        0x00000231   Thumb Code     2  startup_lpc17xx.o(.text)
    BusFault_Handler                         0x00000233   Thumb Code     2  startup_lpc17xx.o(.text)
    UsageFault_Handler                       0x00000235   Thumb Code     2  startup_lpc17xx.o(.text)
    DebugMon_Handler                         0x00000239   Thumb Code     2  startup_lpc17xx.o(.text)
    ADC_IRQHandler                           0x0000023f   Thumb Code     0  startup_lpc17xx.o(.text)
    BOD_IRQHandler                           0x0000023f   Thumb Code     0  startup_lpc17xx.o(.text)
    CANActivity_IRQHandler                   0x0000023f   Thumb Code     0  startup_lpc17xx.o(.text)
    CAN_IRQHandler                           0x0000023f   Thumb Code     0  startup_lpc17xx.o(.text)
    DMA_IRQHandler                           0x0000023f   Thumb Code     0  startup_lpc17xx.o(.text)
    EINT0_IRQHandler                         0x0000023f   Thumb Code     0  startup_lpc17xx.o(.text)
    EINT1_IRQHandler                         0x0000023f   Thumb Code     0  startup_lpc17xx.o(.text)
    EINT2_IRQHandler                         0x0000023f   Thumb Code     0  startup_lpc17xx.o(.text)
    EINT3_IRQHandler                         0x0000023f   Thumb Code     0  startup_lpc17xx.o(.text)
    ENET_IRQHandler                          0x0000023f   Thumb Code     0  startup_lpc17xx.o(.text)
    I2C0_IRQHandler                          0x0000023f   Thumb Code     0  startup_lpc17xx.o(.text)
    I2C1_IRQHandler                          0x0000023f   Thumb Code     0  startup_lpc17xx.o(.text)
    I2C2_IRQHandler                          0x0000023f   Thumb Code     0  startup_lpc17xx.o(.text)
    I2S_IRQHandler                           0x0000023f   Thumb Code     0  startup_lpc17xx.o(.text)
    MCPWM_IRQHandler                         0x0000023f   Thumb Code     0  startup_lpc17xx.o(.text)
    PLL0_IRQHandler                          0x0000023f   Thumb Code     0  startup_lpc17xx.o(.text)
    PLL1_IRQHandler                          0x0000023f   Thumb Code     0  startup_lpc17xx.o(.text)
    PWM1_IRQHandler                          0x0000023f   Thumb Code     0  startup_lpc17xx.o(.text)
    QEI_IRQHandler                           0x0000023f   Thumb Code     0  startup_lpc17xx.o(.text)
    RIT_IRQHandler                           0x0000023f   Thumb Code     0  startup_lpc17xx.o(.text)
    RTC_IRQHandler                           0x0000023f   Thumb Code     0  startup_lpc17xx.o(.text)
    SPI_IRQHandler                           0x0000023f   Thumb Code     0  startup_lpc17xx.o(.text)
    SSP0_IRQHandler                          0x0000023f   Thumb Code     0  startup_lpc17xx.o(.text)
    SSP1_IRQHandler                          0x0000023f   Thumb Code     0  startup_lpc17xx.o(.text)
    TIMER0_IRQHandler                        0x0000023f   Thumb Code     0  startup_lpc17xx.o(.text)
    TIMER1_IRQHandler                        0x0000023f   Thumb Code     0  startup_lpc17xx.o(.text)
    TIMER2_IRQHandler                        0x0000023f   Thumb Code     0  startup_lpc17xx.o(.text)
    TIMER3_IRQHandler                        0x0000023f   Thumb Code     0  startup_lpc17xx.o(.text)
    UART0_IRQHandler                         0x0000023f   Thumb Code     0  startup_lpc17xx.o(.text)
    UART1_IRQHandler                         0x0000023f   Thumb Code     0  startup_lpc17xx.o(.text)
    UART2_IRQHandler                         0x0000023f   Thumb Code     0  startup_lpc17xx.o(.text)
    UART3_IRQHandler                         0x0000023f   Thumb Code     0  startup_lpc17xx.o(.text)
    USBActivity_IRQHandler                   0x0000023f   Thumb Code     0  startup_lpc17xx.o(.text)
    USB_IRQHandler                           0x0000023f   Thumb Code     0  startup_lpc17xx.o(.text)
    WDT_IRQHandler                           0x0000023f   Thumb Code     0  startup_lpc17xx.o(.text)
    strcat                                   0x00000249   Thumb Code    24  strcat.o(.text)
    __scatterload                            0x00000261   Thumb Code    28  init.o(.text)
    __scatterload_rt2                        0x00000261   Thumb Code     0  init.o(.text)
    SVC_Count                                0x00000284   Data           4  svc_table.o(SVC_TABLE)
    LED_Init                                 0x00000289   Thumb Code    40  led.o(i.LED_Init)
    SVC_Table                                0x00000288   Data           0  svc_table.o(SVC_TABLE)
    Thread5                                  0x000002b9   Thumb Code    30  thread.o(i.Thread5)
    __scatterload_copy                       0x000002e1   Thumb Code    14  handlers.o(i.__scatterload_copy)
    __scatterload_null                       0x000002ef   Thumb Code     2  handlers.o(i.__scatterload_null)
    os_tick_irqack                           0x000002fb   Thumb Code     2  rt_system.o(i.os_tick_irqack)
    Init_Thread                              0x00000301   Thumb Code   136  thread.o(i.Init_Thread)
    SystemInit                               0x000003b9   Thumb Code   302  system_lpc17xx.o(i.SystemInit)
    __RL_RTX_VER                             0x00000482   Number         0  rt_system.o ABSOLUTE
    Thread1                                  0x000004f9   Thumb Code    54  thread.o(i.Thread1)
    Thread2                                  0x00000541   Thumb Code   106  thread.o(i.Thread2)
    Thread3                                  0x000005c5   Thumb Code    78  thread.o(i.Thread3)
    Thread4                                  0x00000659   Thumb Code    66  thread.o(i.Thread4)
    __0sprintf$bare                          0x000006cd   Thumb Code    32  printfb.o(i.__0sprintf$bare)
    __1sprintf$bare                          0x000006cd   Thumb Code     0  printfb.o(i.__0sprintf$bare)
    __2sprintf                               0x000006cd   Thumb Code     0  printfb.o(i.__0sprintf$bare)
    __scatterload_zeroinit                   0x000006f1   Thumb Code    14  handlers.o(i.__scatterload_zeroinit)
    _init_box                                0x000006ff   Thumb Code    70  rt_membox.o(i._init_box)
    dbg_init                                 0x00000769   Thumb Code    34  hal_cm.o(i.dbg_init)
    dbg_task_notify                          0x00000799   Thumb Code    32  hal_cm.o(i.dbg_task_notify)
    dbg_task_switch                          0x000007b9   Thumb Code    16  hal_cm.o(i.dbg_task_switch)
    isrMessageGet                            0x000007c9   Thumb Code    42  rt_cmsis.o(i.isrMessageGet)
    isrMessagePut                            0x000007f3   Thumb Code    44  rt_cmsis.o(i.isrMessagePut)
    isrSignalSet                             0x0000081f   Thumb Code    36  rt_cmsis.o(i.isrSignalSet)
    isr_evt_set                              0x00000845   Thumb Code    34  rt_event.o(i.isr_evt_set)
    isr_mbx_receive                          0x0000086d   Thumb Code    86  rt_mailbox.o(i.isr_mbx_receive)
    isr_mbx_send                             0x000008c3   Thumb Code    14  rt_mailbox.o(i.isr_mbx_send)
    main                                     0x000008d1   Thumb Code    30  main.o(i.main)
    osDelay                                  0x000008f1   Thumb Code    18  rt_cmsis.o(i.osDelay)
    osKernelInitialize                       0x00000909   Thumb Code    30  rt_cmsis.o(i.osKernelInitialize)
    osKernelStart                            0x0000092d   Thumb Code    98  rt_cmsis.o(i.osKernelStart)
    osMessageGet                             0x00000999   Thumb Code    18  rt_cmsis.o(i.osMessageGet)
    osMutexCreate                            0x000009b1   Thumb Code    36  rt_cmsis.o(i.osMutexCreate)
    osMutexWait                              0x000009dd   Thumb Code    18  rt_cmsis.o(i.osMutexWait)
    osSignalSet                              0x000009f5   Thumb Code    18  rt_cmsis.o(i.osSignalSet)
    osSignalWait                             0x00000a0d   Thumb Code    18  rt_cmsis.o(i.osSignalWait)
    osThreadCreate                           0x00000a25   Thumb Code    36  rt_cmsis.o(i.osThreadCreate)
    osThreadExit                             0x00000a51   Thumb Code    14  rt_cmsis.o(i.osThreadExit)
    osThreadTerminate                        0x00000a69   Thumb Code    18  rt_cmsis.o(i.osThreadTerminate)
    osThreadYield                            0x00000a81   Thumb Code    18  rt_cmsis.o(i.osThreadYield)
    osTimerCall                              0x00000a99   Thumb Code     8  rt_cmsis.o(i.osTimerCall)
    osTimerThread                            0x00000aa5   Thumb Code    38  rt_cmsis.o(i.osTimerThread)
    os_error                                 0x00000ad1   Thumb Code    34  rtx_conf_cm.o(i.os_error)
    os_idle_demon                            0x00000af5   Thumb Code    14  rtx_conf_cm.o(i.os_idle_demon)
    os_tick_init                             0x00000b09   Thumb Code    32  rt_system.o(i.os_tick_init)
    rt_alloc_box                             0x00000b31   Thumb Code    26  rt_membox.o(i.rt_alloc_box)
    rt_alloc_mem                             0x00000b4b   Thumb Code    62  rt_memory.o(i.rt_alloc_mem)
    rt_block                                 0x00000b89   Thumb Code    48  rt_task.o(i.rt_block)
    rt_chk_robin                             0x00000bc1   Thumb Code    60  rt_robin.o(i.rt_chk_robin)
    rt_dec_dly                               0x00000c09   Thumb Code   102  rt_list.o(i.rt_dec_dly)
    rt_dispatch                              0x00000c79   Thumb Code    60  rt_task.o(i.rt_dispatch)
    rt_dly_wait                              0x00000cbd   Thumb Code     6  rt_time.o(i.rt_dly_wait)
    rt_evt_psh                               0x00000cc5   Thumb Code    76  rt_event.o(i.rt_evt_psh)
    rt_evt_set                               0x00000d15   Thumb Code    88  rt_event.o(i.rt_evt_set)
    rt_evt_wait                              0x00000d71   Thumb Code    56  rt_event.o(i.rt_evt_wait)
    rt_free_box                              0x00000dad   Thumb Code    44  rt_membox.o(i.rt_free_box)
    rt_free_mem                              0x00000dd9   Thumb Code    40  rt_memory.o(i.rt_free_mem)
    rt_get_first                             0x00000e01   Thumb Code    40  rt_list.o(i.rt_get_first)
    rt_get_same_rdy_prio                     0x00000e29   Thumb Code    26  rt_list.o(i.rt_get_same_rdy_prio)
    rt_init_mem                              0x00000e9d   Thumb Code    26  rt_memory.o(i.rt_init_mem)
    rt_init_robin                            0x00000eb9   Thumb Code    14  rt_robin.o(i.rt_init_robin)
    rt_init_stack                            0x00000ed1   Thumb Code   118  hal_cm.o(i.rt_init_stack)
    rt_mbx_check                             0x00000f51   Thumb Code     8  rt_mailbox.o(i.rt_mbx_check)
    rt_mbx_init                              0x00000f59   Thumb Code    26  rt_mailbox.o(i.rt_mbx_init)
    rt_mbx_psh                               0x00000f75   Thumb Code   236  rt_mailbox.o(i.rt_mbx_psh)
    rt_mbx_wait                              0x00001065   Thumb Code   174  rt_mailbox.o(i.rt_mbx_wait)
    rt_mut_init                              0x0000115d   Thumb Code    16  rt_mutex.o(i.rt_mut_init)
    rt_mut_wait                              0x0000116d   Thumb Code   114  rt_mutex.o(i.rt_mut_wait)
    rt_pop_req                               0x000011e5   Thumb Code   112  rt_system.o(i.rt_pop_req)
    rt_psh_req                               0x00001261   Thumb Code    22  rt_system.o(i.rt_psh_req)
    rt_psq_enq                               0x00001281   Thumb Code    88  rt_list.o(i.rt_psq_enq)
    rt_put_dly                               0x000012dd   Thumb Code    68  rt_list.o(i.rt_put_dly)
    rt_put_prio                              0x00001325   Thumb Code    54  rt_list.o(i.rt_put_prio)
    rt_put_rdy_first                         0x0000135d   Thumb Code    14  rt_list.o(i.rt_put_rdy_first)
    rt_resort_prio                           0x00001371   Thumb Code    46  rt_list.o(i.rt_resort_prio)
    rt_ret_val                               0x000013a5   Thumb Code     6  hal_cm.o(i.rt_ret_val)
    rt_ret_val2                              0x000013ab   Thumb Code     8  hal_cm.o(i.rt_ret_val2)
    rt_rmv_dly                               0x000013b3   Thumb Code    40  rt_list.o(i.rt_rmv_dly)
    rt_rmv_list                              0x000013dd   Thumb Code    44  rt_list.o(i.rt_rmv_list)
    rt_sem_psh                               0x0000140d   Thumb Code    48  rt_semaphore.o(i.rt_sem_psh)
    rt_stk_check                             0x00001441   Thumb Code    28  rt_system.o(i.rt_stk_check)
    rt_switch_req                            0x00001465   Thumb Code    30  rt_task.o(i.rt_switch_req)
    rt_sys_init                              0x0000148d   Thumb Code   138  rt_task.o(i.rt_sys_init)
    rt_sys_start                             0x00001559   Thumb Code   110  rt_task.o(i.rt_sys_start)
    rt_systick                               0x000015d1   Thumb Code    50  rt_system.o(i.rt_systick)
    rt_tsk_create                            0x00001659   Thumb Code   118  rt_task.o(i.rt_tsk_create)
    rt_tsk_delete                            0x000016e1   Thumb Code   352  rt_task.o(i.rt_tsk_delete)
    rt_tsk_pass                              0x0000185d   Thumb Code    38  rt_task.o(i.rt_tsk_pass)
    rt_tsk_prio                              0x0000188d   Thumb Code   108  rt_task.o(i.rt_tsk_prio)
    rt_tsk_self                              0x00001909   Thumb Code    12  rt_task.o(i.rt_tsk_self)
    svcDelay                                 0x00001919   Thumb Code    18  rt_cmsis.o(i.svcDelay)
    svcKernelInitialize                      0x0000192d   Thumb Code    80  rt_cmsis.o(i.svcKernelInitialize)
    svcKernelStart                           0x0000199d   Thumb Code    62  rt_cmsis.o(i.svcKernelStart)
    svcMessageCreate                         0x000019e5   Thumb Code    36  rt_cmsis.o(i.svcMessageCreate)
    svcMessageGet                            0x00001a09   Thumb Code    58  rt_cmsis.o(i.svcMessageGet)
    svcMutexCreate                           0x00001a43   Thumb Code    28  rt_cmsis.o(i.svcMutexCreate)
    svcMutexWait                             0x00001a5f   Thumb Code    58  rt_cmsis.o(i.svcMutexWait)
    svcSignalSet                             0x00001a99   Thumb Code    36  rt_cmsis.o(i.svcSignalSet)
    svcSignalWait                            0x00001abd   Thumb Code    80  rt_cmsis.o(i.svcSignalWait)
    svcThreadCreate                          0x00001b11   Thumb Code    96  rt_cmsis.o(i.svcThreadCreate)
    svcThreadGetId                           0x00001b7d   Thumb Code    22  rt_cmsis.o(i.svcThreadGetId)
    svcThreadTerminate                       0x00001b99   Thumb Code    50  rt_cmsis.o(i.svcThreadTerminate)
    svcThreadYield                           0x00001bd1   Thumb Code    10  rt_cmsis.o(i.svcThreadYield)
    svcTimerCall                             0x00001bdb   Thumb Code    24  rt_cmsis.o(i.svcTimerCall)
    sysTimerTick                             0x00001bf5   Thumb Code    84  rt_cmsis.o(i.sysTimerTick)
    os_mutex_def_LOGGER_MUTEX                0x00001c50   Data           4  thread.o(.constdata)
    os_thread_def_Thread1                    0x00001c54   Data          16  thread.o(.constdata)
    os_thread_def_Thread2                    0x00001c64   Data          16  thread.o(.constdata)
    os_thread_def_Thread3                    0x00001c74   Data          16  thread.o(.constdata)
    os_thread_def_Thread4                    0x00001c84   Data          16  thread.o(.constdata)
    os_thread_def_Thread5                    0x00001c94   Data          16  thread.o(.constdata)
    os_maxtaskrun                            0x00001ca4   Data           2  rtx_conf_cm.o(.constdata)
    os_stackinfo                             0x00001ca8   Data           4  rtx_conf_cm.o(.constdata)
    os_rrobin                                0x00001cac   Data           4  rtx_conf_cm.o(.constdata)
    os_tickfreq                              0x00001cb0   Data           4  rtx_conf_cm.o(.constdata)
    os_tickus_i                              0x00001cb4   Data           2  rtx_conf_cm.o(.constdata)
    os_tickus_f                              0x00001cb6   Data           2  rtx_conf_cm.o(.constdata)
    os_trv                                   0x00001cb8   Data           4  rtx_conf_cm.o(.constdata)
    os_flags                                 0x00001cbc   Data           1  rtx_conf_cm.o(.constdata)
    CMSIS_RTOS_API_Version                   0x00001cc0   Data           4  rtx_conf_cm.o(.constdata)
    CMSIS_RTOS_RTX_Version                   0x00001cc4   Data           4  rtx_conf_cm.o(.constdata)
    os_clockrate                             0x00001cc8   Data           4  rtx_conf_cm.o(.constdata)
    os_timernum                              0x00001ccc   Data           4  rtx_conf_cm.o(.constdata)
    mp_tcb_size                              0x00001cd0   Data           2  rtx_conf_cm.o(.constdata)
    mp_stk_size                              0x00001cd4   Data           4  rtx_conf_cm.o(.constdata)
    os_stack_sz                              0x00001cd8   Data           4  rtx_conf_cm.o(.constdata)
    os_fifo_size                             0x00001cdc   Data           1  rtx_conf_cm.o(.constdata)
    os_thread_def_osTimerThread              0x00001ce0   Data          16  rtx_conf_cm.o(.constdata)
    os_messageQ_def_osTimerMessageQ          0x00001cf0   Data           8  rtx_conf_cm.o(.constdata)
    mp_tmr_size                              0x00001cf8   Data           2  rtx_conf_cm.o(.constdata)
    os_thread_def_main                       0x00001cfc   Data          16  rtx_conf_cm.o(.constdata)
    Region$$Table$$Base                      0x00001d0c   Number         0  anon$$obj.o(Region$$Table)
    Region$$Table$$Limit                     0x00001d3c   Number         0  anon$$obj.o(Region$$Table)
    mp_tcb                                   0x10000000   Data         376  rtx_conf_cm.o(.bss)
    mp_stk                                   0x10000178   Data        1216  rtx_conf_cm.o(.bss)
    os_stack_mem                             0x10000638   Data         432  rtx_conf_cm.o(.bss)
    os_fifo                                  0x100007e8   Data         132  rtx_conf_cm.o(.bss)
    os_active_TCB                            0x1000086c   Data          28  rtx_conf_cm.o(.bss)
    os_messageQ_q_osTimerMessageQ            0x10000888   Data          32  rtx_conf_cm.o(.bss)
    bit                                      0x2007c000   Data           4  thread.o(.data)
    a                                        0x2007c004   Data           4  thread.o(.data)
    b                                        0x2007c008   Data           4  thread.o(.data)
    c                                        0x2007c00c   Data           4  thread.o(.data)
    memory_access_counter                    0x2007c010   Data           4  thread.o(.data)
    cpu_mgmt_access_counter                  0x2007c014   Data           4  thread.o(.data)
    app_interface_counter                    0x2007c018   Data           4  thread.o(.data)
    device_mgmt_counter                      0x2007c01c   Data           4  thread.o(.data)
    num_of_users                             0x2007c020   Data           4  thread.o(.data)
    logger_mutex                             0x2007c024   Data           4  thread.o(.data)
    tid_Thread                               0x2007c028   Data           4  thread.o(.data)
    tid2_Thread                              0x2007c02c   Data           4  thread.o(.data)
    tid3_Thread                              0x2007c030   Data           4  thread.o(.data)
    tid4_Thread                              0x2007c034   Data           4  thread.o(.data)
    tid5_Thread                              0x2007c038   Data           4  thread.o(.data)
    countIDLE                                0x2007c03c   Data           4  rtx_conf_cm.o(.data)
    osThreadId_osTimerThread                 0x2007c040   Data           4  rtx_conf_cm.o(.data)
    osMessageQId_osTimerMessageQ             0x2007c044   Data           4  rtx_conf_cm.o(.data)
    os_tmr                                   0x2007c048   Data           4  rtx_conf_cm.o(.data)
    m_tmr                                    0x2007c04c   Data           4  rtx_conf_cm.o(.data)
    os_initialized                           0x2007c050   Data           1  rt_cmsis.o(.data)
    os_running                               0x2007c051   Data           1  rt_cmsis.o(.data)
    os_timer_head                            0x2007c054   Data           4  rt_cmsis.o(.data)
    os_tsk                                   0x2007c058   Data           8  rt_task.o(.data)
    os_tick_irqn                             0x2007c064   Data           4  rt_system.o(.data)
    os_time                                  0x2007c068   Data           4  rt_time.o(.data)
    dbg_msg                                  0x2007c06c   Data           1  hal_cm.o(.data)
    os_robin                                 0x2007c070   Data           8  rt_robin.o(.data)
    logger                                   0x2007c078   Data         100  thread.o(.bss)
    os_mutex_cb_LOGGER_MUTEX                 0x2007c0dc   Data          16  thread.o(.bss)
    os_idle_TCB                              0x2007c0ec   Data          52  rt_task.o(.bss)
    os_rdy                                   0x2007c120   Data          24  rt_list.o(.bss)
    os_dly                                   0x2007c138   Data          24  rt_list.o(.bss)
    __initial_sp                             0x2007c350   Data           0  startup_lpc17xx.o(STACK)



==============================================================================

Memory Map of the image

  Image Entry point : 0x000000cd

  Load Region LR_IROM1 (Base: 0x00000000, Size: 0x00001db4, Max: 0x00080000, ABSOLUTE)

    Execution Region ER_IROM1 (Exec base: 0x00000000, Load base: 0x00000000, Size: 0x00001d3c, Max: 0x00080000, ABSOLUTE)

    Exec Addr    Load Addr    Size         Type   Attr      Idx    E Section Name        Object

    0x00000000   0x00000000   0x000000cc   Data   RO          402    RESET               startup_lpc17xx.o
    0x000000cc   0x000000cc   0x00000000   Code   RO         1657  * .ARM.Collect$$$$00000000  mc_w.l(entry.o)
    0x000000cc   0x000000cc   0x00000004   Code   RO         1924    .ARM.Collect$$$$00000001  mc_w.l(entry2.o)
    0x000000d0   0x000000d0   0x00000004   Code   RO         1927    .ARM.Collect$$$$00000004  mc_w.l(entry5.o)
    0x000000d4   0x000000d4   0x00000000   Code   RO         1929    .ARM.Collect$$$$00000008  mc_w.l(entry7b.o)
    0x000000d4   0x000000d4   0x00000000   Code   RO         1931    .ARM.Collect$$$$0000000A  mc_w.l(entry8b.o)
    0x000000d4   0x000000d4   0x00000004   Code   RO         1937    .ARM.Collect$$$$0000000E  mc_w.l(entry12b.o)
    0x000000d8   0x000000d8   0x00000000   Code   RO         1932    .ARM.Collect$$$$0000000F  mc_w.l(entry10a.o)
    0x000000d8   0x000000d8   0x00000000   Code   RO         1934    .ARM.Collect$$$$00000011  mc_w.l(entry11a.o)
    0x000000d8   0x000000d8   0x00000018   Code   RO          365    .ARM.Collect$$$$000000FF  rtx_conf_cm.o
    0x000000f0   0x000000f0   0x00000004   Code   RO         1925    .ARM.Collect$$$$00002712  mc_w.l(entry2.o)
    0x000000f4   0x000000f4   0x00000130   Code   RO         1644    .emb_text           RTX_CM3.lib(hal_cm3.o)
    0x00000224   0x00000224   0x00000024   Code   RO          404    .text               startup_lpc17xx.o
    0x00000248   0x00000248   0x00000018   Code   RO         1662    .text               mc_w.l(strcat.o)
    0x00000260   0x00000260   0x00000024   Code   RO         1958    .text               mc_w.l(init.o)
    0x00000284   0x00000284   0x00000004   Code   RO         1654    SVC_TABLE           RTX_CM3.lib(svc_table.o)
    0x00000288   0x00000288   0x00000030   Code   RO          329    i.LED_Init          led.o
    0x000002b8   0x000002b8   0x00000028   Code   RO           42    i.Thread5           thread.o
    0x000002e0   0x000002e0   0x0000000e   Code   RO         1968    i.__scatterload_copy  mc_w.l(handlers.o)
    0x000002ee   0x000002ee   0x00000002   Code   RO         1969    i.__scatterload_null  mc_w.l(handlers.o)
    0x000002f0   0x000002f0   0x0000000a   Code   RO         1674    i._sputc            mc_w.l(printfb.o)
    0x000002fa   0x000002fa   0x00000002   Code   RO         1157    i.os_tick_irqack    RTX_CM3.lib(rt_system.o)
    0x000002fc   0x000002fc   0x00000004   Code   RO          403    .ARM.__at_0x02FC    startup_lpc17xx.o
    0x00000300   0x00000300   0x000000b8   Code   RO           37    i.Init_Thread       thread.o
    0x000003b8   0x000003b8   0x00000140   Code   RO          414    i.SystemInit        system_lpc17xx.o
    0x000004f8   0x000004f8   0x00000048   Code   RO           38    i.Thread1           thread.o
    0x00000540   0x00000540   0x00000084   Code   RO           39    i.Thread2           thread.o
    0x000005c4   0x000005c4   0x00000094   Code   RO           40    i.Thread3           thread.o
    0x00000658   0x00000658   0x00000074   Code   RO           41    i.Thread4           thread.o
    0x000006cc   0x000006cc   0x00000024   Code   RO         1667    i.__0sprintf$bare   mc_w.l(printfb.o)
    0x000006f0   0x000006f0   0x0000000e   Code   RO         1970    i.__scatterload_zeroinit  mc_w.l(handlers.o)
    0x000006fe   0x000006fe   0x00000046   Code   RO         1522    i._init_box         RTX_CM3.lib(rt_membox.o)
    0x00000744   0x00000744   0x00000022   Code   RO         1672    i._printf_core      mc_w.l(printfb.o)
    0x00000766   0x00000766   0x00000002   PAD
    0x00000768   0x00000768   0x00000030   Code   RO         1575    i.dbg_init          RTX_CM3.lib(hal_cm.o)
    0x00000798   0x00000798   0x00000020   Code   RO         1576    i.dbg_task_notify   RTX_CM3.lib(hal_cm.o)
    0x000007b8   0x000007b8   0x00000010   Code   RO         1577    i.dbg_task_switch   RTX_CM3.lib(hal_cm.o)
    0x000007c8   0x000007c8   0x0000002a   Code   RO          449    i.isrMessageGet     RTX_CM3.lib(rt_cmsis.o)
    0x000007f2   0x000007f2   0x0000002c   Code   RO          450    i.isrMessagePut     RTX_CM3.lib(rt_cmsis.o)
    0x0000081e   0x0000081e   0x00000024   Code   RO          452    i.isrSignalSet      RTX_CM3.lib(rt_cmsis.o)
    0x00000842   0x00000842   0x00000002   PAD
    0x00000844   0x00000844   0x00000028   Code   RO         1246    i.isr_evt_set       RTX_CM3.lib(rt_event.o)
    0x0000086c   0x0000086c   0x00000056   Code   RO         1368    i.isr_mbx_receive   RTX_CM3.lib(rt_mailbox.o)
    0x000008c2   0x000008c2   0x0000000e   Code   RO         1369    i.isr_mbx_send      RTX_CM3.lib(rt_mailbox.o)
    0x000008d0   0x000008d0   0x0000001e   Code   RO            1    i.main              main.o
    0x000008ee   0x000008ee   0x00000002   PAD
    0x000008f0   0x000008f0   0x00000018   Code   RO          453    i.osDelay           RTX_CM3.lib(rt_cmsis.o)
    0x00000908   0x00000908   0x00000024   Code   RO          454    i.osKernelInitialize  RTX_CM3.lib(rt_cmsis.o)
    0x0000092c   0x0000092c   0x0000006c   Code   RO          456    i.osKernelStart     RTX_CM3.lib(rt_cmsis.o)
    0x00000998   0x00000998   0x00000018   Code   RO          465    i.osMessageGet      RTX_CM3.lib(rt_cmsis.o)
    0x000009b0   0x000009b0   0x0000002c   Code   RO          467    i.osMutexCreate     RTX_CM3.lib(rt_cmsis.o)
    0x000009dc   0x000009dc   0x00000018   Code   RO          470    i.osMutexWait       RTX_CM3.lib(rt_cmsis.o)
    0x000009f4   0x000009f4   0x00000018   Code   RO          480    i.osSignalSet       RTX_CM3.lib(rt_cmsis.o)
    0x00000a0c   0x00000a0c   0x00000018   Code   RO          481    i.osSignalWait      RTX_CM3.lib(rt_cmsis.o)
    0x00000a24   0x00000a24   0x0000002c   Code   RO          482    i.osThreadCreate    RTX_CM3.lib(rt_cmsis.o)
    0x00000a50   0x00000a50   0x00000018   Code   RO          483    i.osThreadExit      RTX_CM3.lib(rt_cmsis.o)
    0x00000a68   0x00000a68   0x00000018   Code   RO          487    i.osThreadTerminate  RTX_CM3.lib(rt_cmsis.o)
    0x00000a80   0x00000a80   0x00000018   Code   RO          488    i.osThreadYield     RTX_CM3.lib(rt_cmsis.o)
    0x00000a98   0x00000a98   0x0000000c   Code   RO          489    i.osTimerCall       RTX_CM3.lib(rt_cmsis.o)
    0x00000aa4   0x00000aa4   0x0000002c   Code   RO          494    i.osTimerThread     RTX_CM3.lib(rt_cmsis.o)
    0x00000ad0   0x00000ad0   0x00000022   Code   RO          366    i.os_error          rtx_conf_cm.o
    0x00000af2   0x00000af2   0x00000002   PAD
    0x00000af4   0x00000af4   0x00000014   Code   RO          367    i.os_idle_demon     rtx_conf_cm.o
    0x00000b08   0x00000b08   0x00000028   Code   RO         1156    i.os_tick_init      RTX_CM3.lib(rt_system.o)
    0x00000b30   0x00000b30   0x0000001a   Code   RO         1523    i.rt_alloc_box      RTX_CM3.lib(rt_membox.o)
    0x00000b4a   0x00000b4a   0x0000003e   Code   RO         1551    i.rt_alloc_mem      RTX_CM3.lib(rt_memory.o)
    0x00000b88   0x00000b88   0x00000038   Code   RO         1071    i.rt_block          RTX_CM3.lib(rt_task.o)
    0x00000bc0   0x00000bc0   0x00000048   Code   RO         1623    i.rt_chk_robin      RTX_CM3.lib(rt_robin.o)
    0x00000c08   0x00000c08   0x00000070   Code   RO         1292    i.rt_dec_dly        RTX_CM3.lib(rt_list.o)
    0x00000c78   0x00000c78   0x00000044   Code   RO         1072    i.rt_dispatch       RTX_CM3.lib(rt_task.o)
    0x00000cbc   0x00000cbc   0x00000006   Code   RO         1458    i.rt_dly_wait       RTX_CM3.lib(rt_time.o)
    0x00000cc2   0x00000cc2   0x00000002   PAD
    0x00000cc4   0x00000cc4   0x00000050   Code   RO         1249    i.rt_evt_psh        RTX_CM3.lib(rt_event.o)
    0x00000d14   0x00000d14   0x0000005c   Code   RO         1250    i.rt_evt_set        RTX_CM3.lib(rt_event.o)
    0x00000d70   0x00000d70   0x0000003c   Code   RO         1251    i.rt_evt_wait       RTX_CM3.lib(rt_event.o)
    0x00000dac   0x00000dac   0x0000002c   Code   RO         1524    i.rt_free_box       RTX_CM3.lib(rt_membox.o)
    0x00000dd8   0x00000dd8   0x00000028   Code   RO         1552    i.rt_free_mem       RTX_CM3.lib(rt_memory.o)
    0x00000e00   0x00000e00   0x00000028   Code   RO         1293    i.rt_get_first      RTX_CM3.lib(rt_list.o)
    0x00000e28   0x00000e28   0x00000024   Code   RO         1294    i.rt_get_same_rdy_prio  RTX_CM3.lib(rt_list.o)
    0x00000e4c   0x00000e4c   0x00000008   Code   RO          499    i.rt_id2obj         RTX_CM3.lib(rt_cmsis.o)
    0x00000e54   0x00000e54   0x00000048   Code   RO         1073    i.rt_init_context   RTX_CM3.lib(rt_task.o)
    0x00000e9c   0x00000e9c   0x0000001a   Code   RO         1553    i.rt_init_mem       RTX_CM3.lib(rt_memory.o)
    0x00000eb6   0x00000eb6   0x00000002   PAD
    0x00000eb8   0x00000eb8   0x00000018   Code   RO         1624    i.rt_init_robin     RTX_CM3.lib(rt_robin.o)
    0x00000ed0   0x00000ed0   0x00000080   Code   RO         1578    i.rt_init_stack     RTX_CM3.lib(hal_cm.o)
    0x00000f50   0x00000f50   0x00000008   Code   RO         1370    i.rt_mbx_check      RTX_CM3.lib(rt_mailbox.o)
    0x00000f58   0x00000f58   0x0000001a   Code   RO         1371    i.rt_mbx_init       RTX_CM3.lib(rt_mailbox.o)
    0x00000f72   0x00000f72   0x00000002   PAD
    0x00000f74   0x00000f74   0x000000f0   Code   RO         1372    i.rt_mbx_psh        RTX_CM3.lib(rt_mailbox.o)
    0x00001064   0x00001064   0x000000b4   Code   RO         1374    i.rt_mbx_wait       RTX_CM3.lib(rt_mailbox.o)
    0x00001118   0x00001118   0x00000044   Code   RO          500    i.rt_ms2tick        RTX_CM3.lib(rt_cmsis.o)
    0x0000115c   0x0000115c   0x00000010   Code   RO         1492    i.rt_mut_init       RTX_CM3.lib(rt_mutex.o)
    0x0000116c   0x0000116c   0x00000078   Code   RO         1494    i.rt_mut_wait       RTX_CM3.lib(rt_mutex.o)
    0x000011e4   0x000011e4   0x0000007c   Code   RO         1160    i.rt_pop_req        RTX_CM3.lib(rt_system.o)
    0x00001260   0x00001260   0x00000020   Code   RO         1161    i.rt_psh_req        RTX_CM3.lib(rt_system.o)
    0x00001280   0x00001280   0x0000005c   Code   RO         1295    i.rt_psq_enq        RTX_CM3.lib(rt_list.o)
    0x000012dc   0x000012dc   0x00000048   Code   RO         1296    i.rt_put_dly        RTX_CM3.lib(rt_list.o)
    0x00001324   0x00001324   0x00000036   Code   RO         1297    i.rt_put_prio       RTX_CM3.lib(rt_list.o)
    0x0000135a   0x0000135a   0x00000002   PAD
    0x0000135c   0x0000135c   0x00000014   Code   RO         1298    i.rt_put_rdy_first  RTX_CM3.lib(rt_list.o)
    0x00001370   0x00001370   0x00000034   Code   RO         1299    i.rt_resort_prio    RTX_CM3.lib(rt_list.o)
    0x000013a4   0x000013a4   0x00000006   Code   RO         1579    i.rt_ret_val        RTX_CM3.lib(hal_cm.o)
    0x000013aa   0x000013aa   0x00000008   Code   RO         1580    i.rt_ret_val2       RTX_CM3.lib(hal_cm.o)
    0x000013b2   0x000013b2   0x00000028   Code   RO         1300    i.rt_rmv_dly        RTX_CM3.lib(rt_list.o)
    0x000013da   0x000013da   0x00000002   PAD
    0x000013dc   0x000013dc   0x00000030   Code   RO         1301    i.rt_rmv_list       RTX_CM3.lib(rt_list.o)
    0x0000140c   0x0000140c   0x00000034   Code   RO         1419    i.rt_sem_psh        RTX_CM3.lib(rt_semaphore.o)
    0x00001440   0x00001440   0x00000024   Code   RO         1163    i.rt_stk_check      RTX_CM3.lib(rt_system.o)
    0x00001464   0x00001464   0x00000028   Code   RO         1074    i.rt_switch_req     RTX_CM3.lib(rt_task.o)
    0x0000148c   0x0000148c   0x000000cc   Code   RO         1075    i.rt_sys_init       RTX_CM3.lib(rt_task.o)
    0x00001558   0x00001558   0x00000078   Code   RO         1076    i.rt_sys_start      RTX_CM3.lib(rt_task.o)
    0x000015d0   0x000015d0   0x00000040   Code   RO         1165    i.rt_systick        RTX_CM3.lib(rt_system.o)
    0x00001610   0x00001610   0x00000012   Code   RO          501    i.rt_tid2ptcb       RTX_CM3.lib(rt_cmsis.o)
    0x00001622   0x00001622   0x00000002   PAD
    0x00001624   0x00001624   0x00000034   Code   RO          502    i.rt_timer_insert   RTX_CM3.lib(rt_cmsis.o)
    0x00001658   0x00001658   0x00000088   Code   RO         1077    i.rt_tsk_create     RTX_CM3.lib(rt_task.o)
    0x000016e0   0x000016e0   0x0000017c   Code   RO         1078    i.rt_tsk_delete     RTX_CM3.lib(rt_task.o)
    0x0000185c   0x0000185c   0x00000030   Code   RO         1079    i.rt_tsk_pass       RTX_CM3.lib(rt_task.o)
    0x0000188c   0x0000188c   0x0000007c   Code   RO         1080    i.rt_tsk_prio       RTX_CM3.lib(rt_task.o)
    0x00001908   0x00001908   0x00000010   Code   RO         1081    i.rt_tsk_self       RTX_CM3.lib(rt_task.o)
    0x00001918   0x00001918   0x00000012   Code   RO          504    i.svcDelay          RTX_CM3.lib(rt_cmsis.o)
    0x0000192a   0x0000192a   0x00000002   PAD
    0x0000192c   0x0000192c   0x00000070   Code   RO          505    i.svcKernelInitialize  RTX_CM3.lib(rt_cmsis.o)
    0x0000199c   0x0000199c   0x00000048   Code   RO          507    i.svcKernelStart    RTX_CM3.lib(rt_cmsis.o)
    0x000019e4   0x000019e4   0x00000024   Code   RO          510    i.svcMessageCreate  RTX_CM3.lib(rt_cmsis.o)
    0x00001a08   0x00001a08   0x0000003a   Code   RO          511    i.svcMessageGet     RTX_CM3.lib(rt_cmsis.o)
    0x00001a42   0x00001a42   0x0000001c   Code   RO          513    i.svcMutexCreate    RTX_CM3.lib(rt_cmsis.o)
    0x00001a5e   0x00001a5e   0x0000003a   Code   RO          516    i.svcMutexWait      RTX_CM3.lib(rt_cmsis.o)
    0x00001a98   0x00001a98   0x00000024   Code   RO          523    i.svcSignalSet      RTX_CM3.lib(rt_cmsis.o)
    0x00001abc   0x00001abc   0x00000054   Code   RO          524    i.svcSignalWait     RTX_CM3.lib(rt_cmsis.o)
    0x00001b10   0x00001b10   0x0000006c   Code   RO          525    i.svcThreadCreate   RTX_CM3.lib(rt_cmsis.o)
    0x00001b7c   0x00001b7c   0x0000001c   Code   RO          526    i.svcThreadGetId    RTX_CM3.lib(rt_cmsis.o)
    0x00001b98   0x00001b98   0x00000038   Code   RO          529    i.svcThreadTerminate  RTX_CM3.lib(rt_cmsis.o)
    0x00001bd0   0x00001bd0   0x0000000a   Code   RO          530    i.svcThreadYield    RTX_CM3.lib(rt_cmsis.o)
    0x00001bda   0x00001bda   0x00000018   Code   RO          531    i.svcTimerCall      RTX_CM3.lib(rt_cmsis.o)
    0x00001bf2   0x00001bf2   0x00000002   PAD
    0x00001bf4   0x00001bf4   0x0000005c   Code   RO          540    i.sysTimerTick      RTX_CM3.lib(rt_cmsis.o)
    0x00001c50   0x00001c50   0x00000054   Data   RO           45    .constdata          thread.o
    0x00001ca4   0x00001ca4   0x00000068   Data   RO          369    .constdata          rtx_conf_cm.o
    0x00001d0c   0x00001d0c   0x00000030   Data   RO         1966    Region$$Table       anon$$obj.o


    Execution Region RW_IRAM1 (Exec base: 0x10000000, Load base: 0x00001d3c, Size: 0x000008a8, Max: 0x00008000, ABSOLUTE)

    Exec Addr    Load Addr    Size         Type   Attr      Idx    E Section Name        Object

    0x10000000        -       0x000008a8   Zero   RW          368    .bss                rtx_conf_cm.o


    Execution Region RW_IRAM2 (Exec base: 0x2007c000, Load base: 0x00001d3c, Size: 0x00000350, Max: 0x00008000, ABSOLUTE)

    Exec Addr    Load Addr    Size         Type   Attr      Idx    E Section Name        Object

    0x2007c000   0x00001d3c   0x0000003c   Data   RW           46    .data               thread.o
    0x2007c03c   0x00001d78   0x00000014   Data   RW          370    .data               rtx_conf_cm.o
    0x2007c050   0x00001d8c   0x00000008   Data   RW          543    .data               RTX_CM3.lib(rt_cmsis.o)
    0x2007c058   0x00001d94   0x00000008   Data   RW         1083    .data               RTX_CM3.lib(rt_task.o)
    0x2007c060   0x00001d9c   0x00000008   Data   RW         1168    .data               RTX_CM3.lib(rt_system.o)
    0x2007c068   0x00001da4   0x00000004   Data   RW         1462    .data               RTX_CM3.lib(rt_time.o)
    0x2007c06c   0x00001da8   0x00000001   Data   RW         1581    .data               RTX_CM3.lib(hal_cm.o)
    0x2007c06d   0x00001da9   0x00000003   PAD
    0x2007c070   0x00001dac   0x00000008   Data   RW         1625    .data               RTX_CM3.lib(rt_robin.o)
    0x2007c078        -       0x00000074   Zero   RW           44    .bss                thread.o
    0x2007c0ec        -       0x00000034   Zero   RW         1082    .bss                RTX_CM3.lib(rt_task.o)
    0x2007c120        -       0x00000030   Zero   RW         1302    .bss                RTX_CM3.lib(rt_list.o)
    0x2007c150        -       0x00000200   Zero   RW          400    STACK               startup_lpc17xx.o


==============================================================================

Image component sizes


      Code (inc. data)   RO Data    RW Data    ZI Data      Debug   Object Name

        48          8          0          0          0        383   led.o
        30          0          0          0          0       9069   main.o
        78         12        104         20       2216       7750   rtx_conf_cm.o
        40         12        204          0        512       1020   startup_lpc17xx.o
       320         18          0          0          0        589   system_lpc17xx.o
       692        222         84         60        116       5205   thread.o

    ----------------------------------------------------------------------
      1212        272        440         80       2844      24016   Object Totals
         0          0         48          0          0          0   (incl. Generated)
         4          0          0          0          0          0   (incl. Padding)

    ----------------------------------------------------------------------

      Code (inc. data)   RO Data    RW Data    ZI Data      Debug   Library Member Name

       238         24          0          1          0       3244   hal_cm.o
       304         36          0          0          0        756   hal_cm3.o
      1568        186          0          8          0      40788   rt_cmsis.o
       272         18          0          0          0       2606   rt_event.o
       566         44          0          0         48       8688   rt_list.o
       554         10          0          0          0       3889   rt_mailbox.o
       140          0          0          0          0       1889   rt_membox.o
       128          0          0          0          0       2267   rt_memory.o
       136          6          0          0          0       1208   rt_mutex.o
        96         22          0          8          0       1134   rt_robin.o
        52          4          0          0          0        565   rt_semaphore.o
       298         52          0          8          0       6139   rt_system.o
      1264        184          0          8         52      10023   rt_task.o
         6          0          0          4          0        636   rt_time.o
         4          4          0          0          0        196   svc_table.o
         0          0          0          0          0          0   entry.o
         0          0          0          0          0          0   entry10a.o
         0          0          0          0          0          0   entry11a.o
         4          0          0          0          0          0   entry12b.o
         8          4          0          0          0          0   entry2.o
         4          0          0          0          0          0   entry5.o
         0          0          0          0          0          0   entry7b.o
         0          0          0          0          0          0   entry8b.o
        30          0          0          0          0          0   handlers.o
        36          8          0          0          0         68   init.o
        80          4          0          0          0        236   printfb.o
        24          0          0          0          0         68   strcat.o

    ----------------------------------------------------------------------
      5832        606          0         40        100      84400   Library Totals
        20          0          0          3          0          0   (incl. Padding)

    ----------------------------------------------------------------------

      Code (inc. data)   RO Data    RW Data    ZI Data      Debug   Library Name

      5626        590          0         37        100      84028   RTX_CM3.lib
       186         16          0          0          0        372   mc_w.l

    ----------------------------------------------------------------------
      5832        606          0         40        100      84400   Library Totals

    ----------------------------------------------------------------------

==============================================================================


      Code (inc. data)   RO Data    RW Data    ZI Data      Debug   

      7044        878        440        120       2944     103316   Grand Totals
      7044        878        440        120       2944     103316   ELF Image Totals
      7044        878        440        120          0          0   ROM Totals

==============================================================================

    Total RO  Size (Code + RO Data)                 7484 (   7.31kB)
    Total RW  Size (RW Data + ZI Data)              3064 (   2.99kB)
    Total ROM Size (Code + RO Data + RW Data)       7604 (   7.43kB)

==============================================================================

