Component: ARM Compiler 5.06 update 7 (build 960) Tool: armlink [4d3601]

==============================================================================

Section Cross References

    main.o(i.main) refers to rt_cmsis.o(i.osKernelInitialize) for osKernelInitialize
    main.o(i.main) refers to led.o(i.LED_Init) for LED_Init
    main.o(i.main) refers to thread.o(i.Init_Thread) for Init_Thread
    main.o(i.main) refers to rt_cmsis.o(i.osKernelStart) for osKernelStart
    main.o(i.main) refers to rt_cmsis.o(i.osDelay) for osDelay
    thread.o(i.Init_Thread) refers to rt_cmsis.o(i.osMutexCreate) for osMutexCreate
    thread.o(i.Init_Thread) refers to rt_cmsis.o(i.osThreadCreate) for osThreadCreate
    thread.o(i.Init_Thread) refers to thread.o(.constdata) for os_mutex_def_LOGGER_MUTEX
    thread.o(i.Init_Thread) refers to thread.o(.data) for logger_mutex
    thread.o(i.Thread1) refers to thread.o(.data) for a
    thread.o(i.Thread2) refers to thread.o(i.factorial) for factorial
    thread.o(i.Thread2) refers to dflti.o(.text) for __aeabi_i2d
    thread.o(i.Thread2) refers to ddiv.o(.text) for __aeabi_ddiv
    thread.o(i.Thread2) refers to dadd.o(.text) for __aeabi_dadd
    thread.o(i.Thread2) refers to thread.o(.data) for b
    thread.o(i.Thread3) refers to dfltui.o(.text) for __aeabi_ui2d
    thread.o(i.Thread3) refers to ddiv.o(.text) for __aeabi_ddiv
    thread.o(i.Thread3) refers to dadd.o(.text) for __aeabi_dadd
    thread.o(i.Thread3) refers to thread.o(.data) for c
    thread.o(i.Thread4) refers to thread.o(i.factorial) for factorial
    thread.o(i.Thread4) refers to ddiv.o(.text) for __aeabi_ddiv
    thread.o(i.Thread4) refers to dadd.o(.text) for __aeabi_dadd
    thread.o(i.Thread4) refers to dmul.o(.text) for __aeabi_dmul
    thread.o(i.Thread4) refers to thread.o(.data) for resultd
    thread.o(i.Thread5) refers to sqrt.o(i.sqrt) for sqrt
    thread.o(i.Thread5) refers to dadd.o(.text) for __aeabi_dadd
    thread.o(i.Thread5) refers to ddiv.o(.text) for __aeabi_ddiv
    thread.o(i.Thread5) refers to dfltui.o(.text) for __aeabi_ui2d
    thread.o(i.Thread5) refers to dmul.o(.text) for __aeabi_dmul
    thread.o(i.Thread5) refers to thread.o(.data) for d
    thread.o(i.factorial) refers to dflti.o(.text) for __aeabi_i2d
    thread.o(i.factorial) refers to dmul.o(.text) for __aeabi_dmul
    thread.o(.constdata) refers to thread.o(.bss) for os_mutex_cb_LOGGER_MUTEX
    thread.o(.constdata) refers to thread.o(i.Thread1) for Thread1
    thread.o(.constdata) refers to thread.o(i.Thread2) for Thread2
    thread.o(.constdata) refers to thread.o(i.Thread3) for Thread3
    thread.o(.constdata) refers to thread.o(i.Thread4) for Thread4
    thread.o(.constdata) refers to thread.o(i.Thread5) for Thread5
    glcd_spi_lpc1700.o(i.GLCD_Bargraph) refers to glcd_spi_lpc1700.o(i.GLCD_SetWindow) for GLCD_SetWindow
    glcd_spi_lpc1700.o(i.GLCD_Bargraph) refers to glcd_spi_lpc1700.o(i.wr_cmd) for wr_cmd
    glcd_spi_lpc1700.o(i.GLCD_Bargraph) refers to glcd_spi_lpc1700.o(i.wr_dat_start) for wr_dat_start
    glcd_spi_lpc1700.o(i.GLCD_Bargraph) refers to glcd_spi_lpc1700.o(i.wr_dat_only) for wr_dat_only
    glcd_spi_lpc1700.o(i.GLCD_Bargraph) refers to glcd_spi_lpc1700.o(i.wr_dat_stop) for wr_dat_stop
    glcd_spi_lpc1700.o(i.GLCD_Bargraph) refers to glcd_spi_lpc1700.o(.data) for Color
    glcd_spi_lpc1700.o(i.GLCD_Bitmap) refers to glcd_spi_lpc1700.o(i.GLCD_SetWindow) for GLCD_SetWindow
    glcd_spi_lpc1700.o(i.GLCD_Bitmap) refers to glcd_spi_lpc1700.o(i.wr_cmd) for wr_cmd
    glcd_spi_lpc1700.o(i.GLCD_Bitmap) refers to glcd_spi_lpc1700.o(i.wr_dat_start) for wr_dat_start
    glcd_spi_lpc1700.o(i.GLCD_Bitmap) refers to glcd_spi_lpc1700.o(i.wr_dat_only) for wr_dat_only
    glcd_spi_lpc1700.o(i.GLCD_Bitmap) refers to glcd_spi_lpc1700.o(i.wr_dat_stop) for wr_dat_stop
    glcd_spi_lpc1700.o(i.GLCD_Clear) refers to glcd_spi_lpc1700.o(i.GLCD_WindowMax) for GLCD_WindowMax
    glcd_spi_lpc1700.o(i.GLCD_Clear) refers to glcd_spi_lpc1700.o(i.wr_cmd) for wr_cmd
    glcd_spi_lpc1700.o(i.GLCD_Clear) refers to glcd_spi_lpc1700.o(i.wr_dat_start) for wr_dat_start
    glcd_spi_lpc1700.o(i.GLCD_Clear) refers to glcd_spi_lpc1700.o(i.wr_dat_only) for wr_dat_only
    glcd_spi_lpc1700.o(i.GLCD_Clear) refers to glcd_spi_lpc1700.o(i.wr_dat_stop) for wr_dat_stop
    glcd_spi_lpc1700.o(i.GLCD_ClearLn) refers to glcd_spi_lpc1700.o(i.GLCD_WindowMax) for GLCD_WindowMax
    glcd_spi_lpc1700.o(i.GLCD_ClearLn) refers to glcd_spi_lpc1700.o(i.GLCD_DisplayString) for GLCD_DisplayString
    glcd_spi_lpc1700.o(i.GLCD_DisplayChar) refers to glcd_spi_lpc1700.o(i.GLCD_DrawChar) for GLCD_DrawChar
    glcd_spi_lpc1700.o(i.GLCD_DisplayChar) refers to glcd_spi_lpc1700.o(.constdata) for Font_6x8_h
    glcd_spi_lpc1700.o(i.GLCD_DisplayString) refers to glcd_spi_lpc1700.o(i.GLCD_DisplayChar) for GLCD_DisplayChar
[...]
    rt_task.o(i.rt_tsk_delete) refers to rt_task.o(.data) for .data
    rt_task.o(i.rt_tsk_delete) refers to rt_list.o(.bss) for os_rdy
    rt_task.o(i.rt_tsk_delete) refers to rtx_conf_cm.o(.constdata) for os_maxtaskrun
    rt_task.o(i.rt_tsk_pass) refers to rt_list.o(i.rt_get_same_rdy_prio) for rt_get_same_rdy_prio
    rt_task.o(i.rt_tsk_pass) refers to rt_list.o(i.rt_put_prio) for rt_put_prio
    rt_task.o(i.rt_tsk_pass) refers to rt_task.o(i.rt_switch_req) for rt_switch_req
    rt_task.o(i.rt_tsk_pass) refers to rt_task.o(.data) for .data
    rt_task.o(i.rt_tsk_pass) refers to rt_list.o(.bss) for os_rdy
    rt_task.o(i.rt_tsk_prio) refers to rt_list.o(i.rt_put_prio) for rt_put_prio
    rt_task.o(i.rt_tsk_prio) refers to rt_list.o(i.rt_resort_prio) for rt_resort_prio
    rt_task.o(i.rt_tsk_prio) refers to rt_list.o(i.rt_get_first) for rt_get_first
    rt_task.o(i.rt_tsk_prio) refers to rt_task.o(i.rt_dispatch) for rt_dispatch
    rt_task.o(i.rt_tsk_prio) refers to rt_task.o(.data) for .data
    rt_task.o(i.rt_tsk_prio) refers to rtx_conf_cm.o(.constdata) for os_maxtaskrun
    rt_task.o(i.rt_tsk_prio) refers to rtx_conf_cm.o(.bss) for os_active_TCB
    rt_task.o(i.rt_tsk_prio) refers to rt_list.o(.bss) for os_rdy
    rt_task.o(i.rt_tsk_self) refers to rt_task.o(.data) for .data
    rt_system.o(i.os_tick_init) refers to rtx_conf_cm.o(.constdata) for os_trv
    rt_system.o(i.os_tick_val) refers to rtx_conf_cm.o(.constdata) for os_trv
    rt_system.o(i.rt_pop_req) refers to rt_list.o(i.rt_put_rdy_first) for rt_put_rdy_first
    rt_system.o(i.rt_pop_req) refers to rt_semaphore.o(i.rt_sem_psh) for rt_sem_psh
    rt_system.o(i.rt_pop_req) refers to rt_list.o(i.rt_get_first) for rt_get_first
    rt_system.o(i.rt_pop_req) refers to rt_task.o(i.rt_switch_req) for rt_switch_req
    rt_system.o(i.rt_pop_req) refers to rt_event.o(i.rt_evt_psh) for rt_evt_psh
    rt_system.o(i.rt_pop_req) refers to rt_mailbox.o(i.rt_mbx_psh) for rt_mbx_psh
    rt_system.o(i.rt_pop_req) refers to rt_task.o(.data) for os_tsk
    rt_system.o(i.rt_pop_req) refers to rtx_conf_cm.o(.bss) for os_fifo
    rt_system.o(i.rt_pop_req) refers to rt_list.o(.bss) for os_rdy
    rt_system.o(i.rt_psh_req) refers to rt_system.o(.data) for .data
    rt_system.o(i.rt_resume) refers to rt_list.o(i.rt_put_rdy_first) for rt_put_rdy_first
    rt_system.o(i.rt_resume) refers to rt_list.o(i.rt_dec_dly) for rt_dec_dly
    rt_system.o(i.rt_resume) refers to rt_cmsis.o(i.sysUserTimerUpdate) for sysUserTimerUpdate
    rt_system.o(i.rt_resume) refers to rt_list.o(i.rt_get_first) for rt_get_first
    rt_system.o(i.rt_resume) refers to rt_task.o(i.rt_switch_req) for rt_switch_req
    rt_system.o(i.rt_resume) refers to rt_system.o(i.rt_tsk_unlock) for rt_tsk_unlock
    rt_system.o(i.rt_resume) refers to rt_task.o(.data) for os_tsk
    rt_system.o(i.rt_resume) refers to rt_robin.o(.data) for os_robin
    rt_system.o(i.rt_resume) refers to rt_list.o(.bss) for os_dly
    rt_system.o(i.rt_resume) refers to rt_time.o(.data) for os_time
    rt_system.o(i.rt_stk_check) refers to rtx_conf_cm.o(i.os_error) for os_error
    rt_system.o(i.rt_stk_check) refers to rt_task.o(.data) for os_tsk
    rt_system.o(i.rt_suspend) refers to rt_system.o(i.rt_tsk_lock) for rt_tsk_lock
    rt_system.o(i.rt_suspend) refers to rt_cmsis.o(i.sysUserTimerWakeupTime) for sysUserTimerWakeupTime
    rt_system.o(i.rt_suspend) refers to rt_list.o(.bss) for os_dly
    rt_system.o(i.rt_systick) refers to rt_list.o(i.rt_put_rdy_first) for rt_put_rdy_first
    rt_system.o(i.rt_systick) refers to rtx_conf_cm.o(i.rt_chk_robin) for rt_chk_robin
    rt_system.o(i.rt_systick) refers to rt_list.o(i.rt_dec_dly) for rt_dec_dly
    rt_system.o(i.rt_systick) refers to rt_cmsis.o(i.sysTimerTick) for sysTimerTick
    rt_system.o(i.rt_systick) refers to rt_list.o(i.rt_get_first) for rt_get_first
    rt_system.o(i.rt_systick) refers to rt_task.o(i.rt_switch_req) for rt_switch_req
    rt_system.o(i.rt_systick) refers to rt_task.o(.data) for os_tsk
    rt_system.o(i.rt_systick) refers to rt_time.o(.data) for os_time
    rt_system.o(i.rt_systick) refers to rt_list.o(.bss) for os_rdy
    rt_system.o(i.rt_tsk_lock) refers to rt_system.o(.data) for .data
    rt_system.o(i.rt_tsk_unlock) refers to rt_system.o(.data) for .data
    rt_event.o(i.isr_evt_set) refers to rt_list.o(i.rt_psq_enq) for rt_psq_enq
    rt_event.o(i.isr_evt_set) refers to rt_system.o(i.rt_psh_req) for rt_psh_req
    rt_event.o(i.isr_evt_set) refers to rtx_conf_cm.o(.bss) for os_active_TCB
    rt_event.o(i.rt_evt_clr) refers to rtx_conf_cm.o(.bss) for os_active_TCB
    rt_event.o(i.rt_evt_get) refers to rt_task.o(.data) for os_tsk
    rt_event.o(i.rt_evt_psh) refers to rt_list.o(i.rt_rmv_dly) for rt_rmv_dly
    rt_event.o(i.rt_evt_psh) refers to hal_cm.o(i.rt_ret_val2) for rt_ret_val2
    rt_event.o(i.rt_evt_psh) refers to rt_list.o(i.rt_put_prio) for rt_put_prio
    rt_event.o(i.rt_evt_psh) refers to rt_list.o(.bss) for os_rdy
    rt_event.o(i.rt_evt_set) refers to rt_list.o(i.rt_rmv_dly) for rt_rmv_dly
    rt_event.o(i.rt_evt_set) refers to hal_cm.o(i.rt_ret_val2) for rt_ret_val2
    rt_event.o(i.rt_evt_set) refers to rt_task.o(i.rt_dispatch) for rt_dispatch
    rt_event.o(i.rt_evt_set) refers to rtx_conf_cm.o(.bss) for os_active_TCB
    rt_event.o(i.rt_evt_wait) refers to rt_task.o(i.rt_block) for rt_block
    rt_event.o(i.rt_evt_wait) refers to rt_task.o(.data) for os_tsk
    rt_list.o(i.rt_dec_dly) refers to rt_list.o(i.rt_put_prio) for rt_put_prio
    rt_list.o(i.rt_dec_dly) refers to rt_list.o(.bss) for .bss
    rt_list.o(i.rt_dec_dly) refers to rt_time.o(.data) for os_time
    rt_list.o(i.rt_get_same_rdy_prio) refers to rt_list.o(.bss) for .bss
    rt_list.o(i.rt_get_same_rdy_prio) refers to rt_task.o(.data) for os_tsk
    rt_list.o(i.rt_psq_enq) refers to rtx_conf_cm.o(i.os_error) for os_error
    rt_list.o(i.rt_psq_enq) refers to rtx_conf_cm.o(.bss) for os_fifo
    rt_list.o(i.rt_put_dly) refers to rt_list.o(.bss) for .bss
    rt_list.o(i.rt_put_rdy_first) refers to rt_list.o(.bss) for .bss
    rt_list.o(i.rt_resort_prio) refers to rt_list.o(i.rt_rmv_list) for rt_rmv_list
    rt_list.o(i.rt_resort_prio) refers to rt_list.o(i.rt_put_prio) for rt_put_prio
    rt_list.o(i.rt_resort_prio) refers to rt_list.o(.bss) for .bss
    rt_list.o(i.rt_rmv_list) refers to rt_list.o(.bss) for .bss
    rt_mailbox.o(i.isr_mbx_receive) refers to rt_list.o(i.rt_psq_enq) for rt_psq_enq
    rt_mailbox.o(i.isr_mbx_receive) refers to rt_system.o(i.rt_psh_req) for rt_psh_req
    rt_mailbox.o(i.isr_mbx_send) refers to rt_list.o(i.rt_psq_enq) for rt_psq_enq
    rt_mailbox.o(i.isr_mbx_send) refers to rt_system.o(i.rt_psh_req) for rt_psh_req
    rt_mailbox.o(i.rt_mbx_psh) refers to rt_membox.o(i.rt_alloc_box) for rt_alloc_box
    rt_mailbox.o(i.rt_mbx_psh) refers to rt_list.o(i.rt_get_first) for rt_get_first
    rt_mailbox.o(i.rt_mbx_psh) refers to hal_cm.o(i.rt_ret_val) for rt_ret_val
    rt_mailbox.o(i.rt_mbx_psh) refers to rt_list.o(i.rt_rmv_dly) for rt_rmv_dly
    rt_mailbox.o(i.rt_mbx_psh) refers to rt_list.o(i.rt_put_prio) for rt_put_prio
    rt_mailbox.o(i.rt_mbx_psh) refers to hal_cm.o(i.rt_ret_val2) for rt_ret_val2
    rt_mailbox.o(i.rt_mbx_psh) refers to rtx_conf_cm.o(i.os_error) for os_error
    rt_mailbox.o(i.rt_mbx_psh) refers to rt_list.o(.bss) for os_rdy
    rt_mailbox.o(i.rt_mbx_send) refers to rt_list.o(i.rt_put_prio) for rt_put_prio
    rt_mailbox.o(i.rt_mbx_send) refers to rt_list.o(i.rt_get_first) for rt_get_first
    rt_mailbox.o(i.rt_mbx_send) refers to hal_cm.o(i.rt_ret_val2) for rt_ret_val2
    rt_mailbox.o(i.rt_mbx_send) refers to rt_list.o(i.rt_rmv_dly) for rt_rmv_dly
    rt_mailbox.o(i.rt_mbx_send) refers to rt_task.o(i.rt_dispatch) for rt_dispatch
    rt_mailbox.o(i.rt_mbx_send) refers to rt_task.o(i.rt_block) for rt_block
    rt_mailbox.o(i.rt_mbx_send) refers to rt_task.o(.data) for os_tsk
    rt_mailbox.o(i.rt_mbx_wait) refers to rt_list.o(i.rt_get_first) for rt_get_first
    rt_mailbox.o(i.rt_mbx_wait) refers to hal_cm.o(i.rt_ret_val) for rt_ret_val
    rt_mailbox.o(i.rt_mbx_wait) refers to rt_list.o(i.rt_rmv_dly) for rt_rmv_dly
    rt_mailbox.o(i.rt_mbx_wait) refers to rt_task.o(i.rt_dispatch) for rt_dispatch
    rt_mailbox.o(i.rt_mbx_wait) refers to rt_list.o(i.rt_put_prio) for rt_put_prio
    rt_mailbox.o(i.rt_mbx_wait) refers to rt_task.o(i.rt_block) for rt_block
    rt_mailbox.o(i.rt_mbx_wait) refers to rt_task.o(.data) for os_tsk
    rt_semaphore.o(i.isr_sem_send) refers to rt_list.o(i.rt_psq_enq) for rt_psq_enq
    rt_semaphore.o(i.isr_sem_send) refers to rt_system.o(i.rt_psh_req) for rt_psh_req
    rt_semaphore.o(i.rt_sem_delete) refers to rt_list.o(i.rt_get_first) for rt_get_first
    rt_semaphore.o(i.rt_sem_delete) refers to hal_cm.o(i.rt_ret_val) for rt_ret_val
    rt_semaphore.o(i.rt_sem_delete) refers to rt_list.o(i.rt_rmv_dly) for rt_rmv_dly
    rt_semaphore.o(i.rt_sem_delete) refers to rt_list.o(i.rt_put_prio) for rt_put_prio
    rt_semaphore.o(i.rt_sem_delete) refers to rt_task.o(i.rt_dispatch) for rt_dispatch
    rt_semaphore.o(i.rt_sem_delete) refers to rt_list.o(.bss) for os_rdy
    rt_semaphore.o(i.rt_sem_delete) refers to rt_task.o(.data) for os_tsk
    rt_semaphore.o(i.rt_sem_psh) refers to rt_list.o(i.rt_get_first) for rt_get_first
    rt_semaphore.o(i.rt_sem_psh) refers to rt_list.o(i.rt_rmv_dly) for rt_rmv_dly
    rt_semaphore.o(i.rt_sem_psh) refers to hal_cm.o(i.rt_ret_val) for rt_ret_val
    rt_semaphore.o(i.rt_sem_psh) refers to rt_list.o(i.rt_put_prio) for rt_put_prio
    rt_semaphore.o(i.rt_sem_psh) refers to rt_list.o(.bss) for os_rdy
    rt_semaphore.o(i.rt_sem_send) refers to rt_list.o(i.rt_get_first) for rt_get_first
    rt_semaphore.o(i.rt_sem_send) refers to hal_cm.o(i.rt_ret_val) for rt_ret_val
    rt_semaphore.o(i.rt_sem_send) refers to rt_list.o(i.rt_rmv_dly) for rt_rmv_dly
    rt_semaphore.o(i.rt_sem_send) refers to rt_task.o(i.rt_dispatch) for rt_dispatch
    rt_semaphore.o(i.rt_sem_wait) refers to rt_list.o(i.rt_put_prio) for rt_put_prio
    rt_semaphore.o(i.rt_sem_wait) refers to rt_task.o(i.rt_block) for rt_block
    rt_semaphore.o(i.rt_sem_wait) refers to rt_task.o(.data) for os_tsk
    rt_time.o(i.rt_dly_wait) refers to rt_task.o(i.rt_block) for rt_block
    rt_time.o(i.rt_itv_set) refers to rt_task.o(.data) for os_tsk
    rt_time.o(i.rt_itv_set) refers to rt_time.o(.data) for .data
    rt_time.o(i.rt_itv_wait) refers to rt_task.o(i.rt_block) for rt_block
    rt_time.o(i.rt_itv_wait) refers to rt_task.o(.data) for os_tsk
    rt_time.o(i.rt_itv_wait) refers to rt_time.o(.data) for .data
    rt_time.o(i.rt_time_get) refers to rt_time.o(.data) for .data
    rt_mutex.o(i.rt_mut_delete) refers to rt_list.o(i.rt_resort_prio) for rt_resort_prio
    rt_mutex.o(i.rt_mut_delete) refers to rt_list.o(i.rt_get_first) for rt_get_first
    rt_mutex.o(i.rt_mut_delete) refers to hal_cm.o(i.rt_ret_val) for rt_ret_val
    rt_mutex.o(i.rt_mut_delete) refers to rt_list.o(i.rt_rmv_dly) for rt_rmv_dly
    rt_mutex.o(i.rt_mut_delete) refers to rt_list.o(i.rt_put_prio) for rt_put_prio
    rt_mutex.o(i.rt_mut_delete) refers to rt_task.o(i.rt_dispatch) for rt_dispatch
    rt_mutex.o(i.rt_mut_delete) refers to rt_task.o(.data) for os_tsk
    rt_mutex.o(i.rt_mut_delete) refers to rt_list.o(.bss) for os_rdy
    rt_mutex.o(i.rt_mut_release) refers to rt_list.o(i.rt_get_first) for rt_get_first
    rt_mutex.o(i.rt_mut_release) refers to hal_cm.o(i.rt_ret_val) for rt_ret_val
    rt_mutex.o(i.rt_mut_release) refers to rt_list.o(i.rt_rmv_dly) for rt_rmv_dly
    rt_mutex.o(i.rt_mut_release) refers to rt_list.o(i.rt_put_prio) for rt_put_prio
    rt_mutex.o(i.rt_mut_release) refers to rt_task.o(i.rt_dispatch) for rt_dispatch
    rt_mutex.o(i.rt_mut_release) refers to rt_task.o(.data) for os_tsk
    rt_mutex.o(i.rt_mut_release) refers to rt_list.o(.bss) for os_rdy
    rt_mutex.o(i.rt_mut_wait) refers to rt_list.o(i.rt_resort_prio) for rt_resort_prio
    rt_mutex.o(i.rt_mut_wait) refers to rt_list.o(i.rt_put_prio) for rt_put_prio
    rt_mutex.o(i.rt_mut_wait) refers to rt_task.o(i.rt_block) for rt_block
    rt_mutex.o(i.rt_mut_wait) refers to rt_task.o(.data) for os_tsk
    rt_membox.o(i._calloc_box) refers to hal_cm3.o(.emb_text) for _alloc_box
    hal_cm.o(i.dbg_init) refers to hal_cm.o(.data) for .data
    hal_cm.o(i.rt_init_stack) refers to rtx_conf_cm.o(.constdata) for os_stackinfo
    rt_robin.o(i.rt_chk_robin) refers to rt_list.o(i.rt_get_first) for rt_get_first
    rt_robin.o(i.rt_chk_robin) refers to rt_list.o(i.rt_put_prio) for rt_put_prio
    rt_robin.o(i.rt_chk_robin) refers to rt_robin.o(.data) for .data
    rt_robin.o(i.rt_chk_robin) refers to rt_list.o(.bss) for os_rdy
    rt_robin.o(i.rt_chk_robin) refers to rt_time.o(.data) for os_time
    rt_robin.o(i.rt_init_robin) refers to rt_robin.o(.data) for .data
    rt_robin.o(i.rt_init_robin) refers to rtx_conf_cm.o(.constdata) for os_rrobin
    hal_cm3.o(.emb_text) refers to rtx_conf_cm.o(.constdata) for os_flags
    hal_cm3.o(.emb_text) refers to rt_membox.o(i.rt_alloc_box) for rt_alloc_box
    hal_cm3.o(.emb_text) refers to rt_membox.o(i.rt_free_box) for rt_free_box
    hal_cm3.o(.emb_text) refers to rt_system.o(i.rt_stk_check) for rt_stk_check
    hal_cm3.o(.emb_text) refers to rt_task.o(.data) for os_tsk
    hal_cm3.o(.emb_text) refers to svc_table.o(SVC_TABLE) for SVC_Count
    hal_cm3.o(.emb_text) refers to rt_system.o(i.rt_pop_req) for rt_pop_req
    hal_cm3.o(.emb_text) refers to rt_system.o(i.rt_systick) for rt_systick
    hal_cm3.o(.emb_text) refers to rt_system.o(i.os_tick_irqack) for os_tick_irqack
    sqrt.o(i.__softfp_sqrt) refers (Special) to iusefp.o(.text) for __I$use$fp
    sqrt.o(i.__softfp_sqrt) refers to dsqrt.o(.text) for _dsqrt
    sqrt.o(i.__softfp_sqrt) refers to errno.o(i.__set_errno) for __set_errno
    sqrt.o(i.sqrt) refers (Special) to iusefp.o(.text) for __I$use$fp
    sqrt.o(i.sqrt) refers to dsqrt.o(.text) for _dsqrt
    sqrt.o(i.sqrt) refers to errno.o(i.__set_errno) for __set_errno
    sqrt_x.o(i.____softfp_sqrt$lsc) refers (Special) to iusefp.o(.text) for __I$use$fp
    sqrt_x.o(i.____softfp_sqrt$lsc) refers to cdcmple.o(.text) for __aeabi_cdcmple
    sqrt_x.o(i.____softfp_sqrt$lsc) refers to errno.o(i.__set_errno) for __set_errno
    sqrt_x.o(i.____softfp_sqrt$lsc) refers to dsqrt.o(.text) for _dsqrt
    sqrt_x.o(i.__sqrt$lsc) refers (Special) to iusefp.o(.text) for __I$use$fp
    sqrt_x.o(i.__sqrt$lsc) refers to cdcmple.o(.text) for __aeabi_cdcmple
    sqrt_x.o(i.__sqrt$lsc) refers to errno.o(i.__set_errno) for __set_errno
    sqrt_x.o(i.__sqrt$lsc) refers to dsqrt.o(.text) for _dsqrt
    entry.o(.ARM.Collect$$$$00000000) refers (Special) to entry10a.o(.ARM.Collect$$$$0000000F) for __rt_final_cpp
    entry.o(.ARM.Collect$$$$00000000) refers (Special) to entry11a.o(.ARM.Collect$$$$00000011) for __rt_final_exit
    entry.o(.ARM.Collect$$$$00000000) refers (Special) to entry12b.o(.ARM.Collect$$$$0000000E) for __rt_lib_shutdown_fini
    entry.o(.ARM.Collect$$$$00000000) refers (Special) to entry7b.o(.ARM.Collect$$$$00000008) for _main_clock
    entry.o(.ARM.Collect$$$$00000000) refers (Special) to entry8b.o(.ARM.Collect$$$$0000000A) for _main_cpp_init
    entry.o(.ARM.Collect$$$$00000000) refers (Special) to rtx_conf_cm.o(.ARM.Collect$$$$000000FF) for _main_init
    entry.o(.ARM.Collect$$$$00000000) refers (Special) to entry5.o(.ARM.Collect$$$$00000004) for _main_scatterload
    entry.o(.ARM.Collect$$$$00000000) refers (Special) to entry2.o(.ARM.Collect$$$$00000001) for _main_stk
    uldiv.o(.text) refers to llushr.o(.text) for __aeabi_llsr
    uldiv.o(.text) refers to llshl.o(.text) for __aeabi_llsl
    dadd.o(.text) refers (Special) to iusefp.o(.text) for __I$use$fp
    dadd.o(.text) refers to llshl.o(.text) for __aeabi_llsl
    dadd.o(.text) refers to llsshr.o(.text) for __aeabi_lasr
    dadd.o(.text) refers to depilogue.o(.text) for _double_epilogue
    dmul.o(.text) refers (Special) to iusefp.o(.text) for __I$use$fp
    dmul.o(.text) refers to depilogue.o(.text) for _double_epilogue
    ddiv.o(.text) refers (Special) to iusefp.o(.text) for __I$use$fp
    ddiv.o(.text) refers to depilogue.o(.text) for _double_round
    dflti.o(.text) refers (Special) to iusefp.o(.text) for __I$use$fp
    dflti.o(.text) refers to depilogue.o(.text) for _double_epilogue
    dfltui.o(.text) refers (Special) to iusefp.o(.text) for __I$use$fp
    dfltui.o(.text) refers to depilogue.o(.text) for _double_epilogue
    entry2.o(.ARM.Collect$$$$00000001) refers to entry2.o(.ARM.Collect$$$$00002712) for __lit__00000000
    entry2.o(.ARM.Collect$$$$00002712) refers to startup_lpc17xx.o(STACK) for __initial_sp
    entry2.o(__vectab_stack_and_reset_area) refers to startup_lpc17xx.o(STACK) for __initial_sp
    entry2.o(__vectab_stack_and_reset_area) refers to entry.o(.ARM.Collect$$$$00000000) for __main
    entry5.o(.ARM.Collect$$$$00000004) refers to init.o(.text) for __scatterload
    errno.o(i.__aeabi_errno_addr) refers to errno.o(.data) for .data
    errno.o(i.__read_errno) refers to errno.o(.data) for .data
    errno.o(i.__set_errno) refers to errno.o(.data) for .data
    depilogue.o(.text) refers to llshl.o(.text) for __aeabi_llsl
    depilogue.o(.text) refers to llushr.o(.text) for __aeabi_llsr
    dsqrt.o(.text) refers to llushr.o(.text) for __aeabi_llsr
    dsqrt.o(.text) refers to depilogue.o(.text) for _double_round
    init.o(.text) refers to entry5.o(.ARM.Collect$$$$00000004) for __main_after_scatterload


==============================================================================

Removing Unused input sections from the image.

    Removing thread.o(.rev16_text), (4 bytes).
    Removing thread.o(.revsh_text), (4 bytes).
    Removing thread.o(.rrx_text), (6 bytes).
    Removing glcd_spi_lpc1700.o(.rev16_text), (4 bytes).
    Removing glcd_spi_lpc1700.o(.revsh_text), (4 bytes).
    Removing glcd_spi_lpc1700.o(.rrx_text), (6 bytes).
    Removing glcd_spi_lpc1700.o(i.GLCD_Bargraph), (104 bytes).
    Removing glcd_spi_lpc1700.o(i.GLCD_Bitmap), (82 bytes).
    Removing glcd_spi_lpc1700.o(i.GLCD_Clear), (42 bytes).
    Removing glcd_spi_lpc1700.o(i.GLCD_ClearLn), (94 bytes).
    Removing glcd_spi_lpc1700.o(i.GLCD_DisplayChar), (92 bytes).
    Removing glcd_spi_lpc1700.o(i.GLCD_DisplayString), (40 bytes).
    Removing glcd_spi_lpc1700.o(i.GLCD_DrawChar), (156 bytes).
    Removing glcd_spi_lpc1700.o(i.GLCD_Init), (1512 bytes).
    Removing glcd_spi_lpc1700.o(i.GLCD_PutPixel), (128 bytes).
    Removing glcd_spi_lpc1700.o(i.GLCD_ScrollVertical), (2 bytes).
    Removing glcd_spi_lpc1700.o(i.GLCD_SetBackColor), (12 bytes).
    Removing glcd_spi_lpc1700.o(i.GLCD_SetTextColor), (12 bytes).
    Removing glcd_spi_lpc1700.o(i.GLCD_SetWindow), (172 bytes).
    Removing glcd_spi_lpc1700.o(i.GLCD_WindowMax), (18 bytes).
    Removing glcd_spi_lpc1700.o(i.GLCD_WrCmd), (12 bytes).
    Removing glcd_spi_lpc1700.o(i.GLCD_WrReg), (16 bytes).
    Removing glcd_spi_lpc1700.o(i.delay), (14 bytes).
    Removing glcd_spi_lpc1700.o(i.rd_id_man), (140 bytes).
    Removing glcd_spi_lpc1700.o(i.rd_reg), (72 bytes).
    Removing glcd_spi_lpc1700.o(i.spi_tran), (32 bytes).
    Removing glcd_spi_lpc1700.o(i.spi_tran_man), (128 bytes).
    Removing glcd_spi_lpc1700.o(i.wr_cmd), (40 bytes).
    Removing glcd_spi_lpc1700.o(i.wr_dat), (40 bytes).
    Removing glcd_spi_lpc1700.o(i.wr_dat_only), (18 bytes).
    Removing glcd_spi_lpc1700.o(i.wr_dat_start), (20 bytes).
    Removing glcd_spi_lpc1700.o(i.wr_dat_stop), (12 bytes).
    Removing glcd_spi_lpc1700.o(i.wr_reg), (20 bytes).
    Removing glcd_spi_lpc1700.o(.constdata), (6272 bytes).
    Removing glcd_spi_lpc1700.o(.data), (5 bytes).
    Removing led.o(.rev16_text), (4 bytes).
    Removing led.o(.revsh_text), (4 bytes).
    Removing led.o(.rrx_text), (6 bytes).
    Removing led.o(i.LED_Off), (48 bytes).
    Removing led.o(i.LED_On), (48 bytes).
    Removing led.o(.constdata), (32 bytes).
    Removing startup_lpc17xx.o(HEAP), (0 bytes).
    Removing system_lpc17xx.o(.rev16_text), (4 bytes).
    Removing system_lpc17xx.o(.revsh_text), (4 bytes).
    Removing system_lpc17xx.o(.rrx_text), (6 bytes).
    Removing system_lpc17xx.o(i.SystemCoreClockUpdate), (424 bytes).
    Removing system_lpc17xx.o(.data), (4 bytes).
    Removing rt_cmsis.o(.rev16_text), (4 bytes).
    Removing rt_cmsis.o(.revsh_text), (4 bytes).
    Removing rt_cmsis.o(.rrx_text), (6 bytes).
    Removing rt_cmsis.o(i.isrSemaphoreRelease), (40 bytes).
    Removing rt_cmsis.o(i.isrSignalSet), (36 bytes).
    Removing rt_cmsis.o(i.osKernelRunning), (36 bytes).
    Removing rt_cmsis.o(i.osKernelSysTick), (24 bytes).
    Removing rt_cmsis.o(i.osMailAlloc), (28 bytes).
    Removing rt_cmsis.o(i.osMailCAlloc), (48 bytes).
    Removing rt_cmsis.o(i.osMailCreate), (44 bytes).
    Removing rt_cmsis.o(i.osMailFree), (28 bytes).
    Removing rt_cmsis.o(i.osMailGet), (22 bytes).
    Removing rt_cmsis.o(i.osMailPut), (20 bytes).
    Removing rt_cmsis.o(i.osMessageCreate), (44 bytes).
    Removing rt_cmsis.o(i.osMessagePut), (24 bytes).
    Removing rt_cmsis.o(i.osMutexDelete), (24 bytes).
    Removing rt_cmsis.o(i.osMutexRelease), (24 bytes).
    Removing rt_cmsis.o(i.osMutexWait), (24 bytes).
    Removing rt_cmsis.o(i.osPoolAlloc), (32 bytes).
    Removing rt_cmsis.o(i.osPoolCAlloc), (52 bytes).
    Removing rt_cmsis.o(i.osPoolCreate), (44 bytes).
    Removing rt_cmsis.o(i.osPoolFree), (32 bytes).
    Removing rt_cmsis.o(i.osSemaphoreCreate), (44 bytes).
    Removing rt_cmsis.o(i.osSemaphoreDelete), (24 bytes).
    Removing rt_cmsis.o(i.osSemaphoreRelease), (24 bytes).
    Removing rt_cmsis.o(i.osSemaphoreWait), (24 bytes).
    Removing rt_cmsis.o(i.osSignalClear), (24 bytes).
    Removing rt_cmsis.o(i.osSignalSet), (24 bytes).
    Removing rt_cmsis.o(i.osSignalWait), (24 bytes).
    Removing rt_cmsis.o(i.osThreadGetId), (24 bytes).
    Removing rt_cmsis.o(i.osThreadGetPriority), (24 bytes).
    Removing rt_cmsis.o(i.osThreadSetPriority), (24 bytes).
    Removing rt_cmsis.o(i.osThreadTerminate), (24 bytes).
    Removing rt_cmsis.o(i.osThreadYield), (24 bytes).
    Removing rt_cmsis.o(i.osTimerCreate), (44 bytes).
    Removing rt_cmsis.o(i.osTimerDelete), (24 bytes).
    Removing rt_cmsis.o(i.osTimerStart), (24 bytes).
    Removing rt_cmsis.o(i.osTimerStop), (24 bytes).
    Removing rt_cmsis.o(i.osWait), (4 bytes).
    Removing rt_cmsis.o(i.os_resume), (12 bytes).
    Removing rt_cmsis.o(i.os_suspend), (12 bytes).
    Removing rt_cmsis.o(i.rt_clr_box), (24 bytes).
    Removing rt_cmsis.o(i.rt_timer_remove), (60 bytes).
    Removing rt_cmsis.o(i.svcKernelRunning), (12 bytes).
    Removing rt_cmsis.o(i.svcKernelSysTick), (56 bytes).
    Removing rt_cmsis.o(i.svcMailCreate), (66 bytes).
    Removing rt_cmsis.o(i.svcMessagePut), (54 bytes).
    Removing rt_cmsis.o(i.svcMutexDelete), (26 bytes).
    Removing rt_cmsis.o(i.svcMutexRelease), (34 bytes).
    Removing rt_cmsis.o(i.svcMutexWait), (58 bytes).
    Removing rt_cmsis.o(i.svcPoolCreate), (40 bytes).
    Removing rt_cmsis.o(i.svcSemaphoreCreate), (36 bytes).
    Removing rt_cmsis.o(i.svcSemaphoreDelete), (26 bytes).
    Removing rt_cmsis.o(i.svcSemaphoreRelease), (40 bytes).
    Removing rt_cmsis.o(i.svcSemaphoreWait), (50 bytes).
    Removing rt_cmsis.o(i.svcSignalClear), (36 bytes).
    Removing rt_cmsis.o(i.svcSignalSet), (36 bytes).
    Removing rt_cmsis.o(i.svcSignalWait), (84 bytes).
    Removing rt_cmsis.o(i.svcThreadGetPriority), (18 bytes).
    Removing rt_cmsis.o(i.svcThreadSetPriority), (46 bytes).
    Removing rt_cmsis.o(i.svcThreadYield), (10 bytes).
    Removing rt_cmsis.o(i.svcTimerCreate), (56 bytes).
    Removing rt_cmsis.o(i.svcTimerDelete), (40 bytes).
    Removing rt_cmsis.o(i.svcTimerStart), (100 bytes).
    Removing rt_cmsis.o(i.svcTimerStop), (36 bytes).
    Removing rt_cmsis.o(i.sysMailAlloc), (88 bytes).
    Removing rt_cmsis.o(i.sysMailFree), (96 bytes).
    Removing rt_cmsis.o(i.sysPoolAlloc), (10 bytes).
    Removing rt_cmsis.o(i.sysPoolFree), (20 bytes).
    Removing rt_cmsis.o(i.sysUserTimerUpdate), (48 bytes).
    Removing rt_cmsis.o(i.sysUserTimerWakeupTime), (20 bytes).
    Removing rt_task.o(i.rt_tsk_pass), (48 bytes).
    Removing rt_system.o(.emb_text), (0 bytes).
    Removing rt_system.o(i.os_tick_ovf), (16 bytes).
    Removing rt_system.o(i.os_tick_val), (20 bytes).
    Removing rt_system.o(i.rt_resume), (136 bytes).
    Removing rt_system.o(i.rt_suspend), (36 bytes).
    Removing rt_system.o(i.rt_tsk_lock), (80 bytes).
    Removing rt_system.o(i.rt_tsk_unlock), (80 bytes).
    Removing rt_event.o(i.isr_evt_set), (40 bytes).
    Removing rt_event.o(i.rt_evt_clr), (28 bytes).
    Removing rt_event.o(i.rt_evt_get), (12 bytes).
    Removing rt_event.o(i.rt_evt_set), (92 bytes).
    Removing rt_event.o(i.rt_evt_wait), (60 bytes).
    Removing rt_list.o(i.rt_get_same_rdy_prio), (36 bytes).
    Removing rt_mailbox.o(i.rt_mbx_send), (152 bytes).
    Removing rt_semaphore.o(i.isr_sem_send), (16 bytes).
    Removing rt_semaphore.o(i.rt_sem_delete), (92 bytes).
    Removing rt_semaphore.o(i.rt_sem_init), (12 bytes).
    Removing rt_semaphore.o(i.rt_sem_send), (42 bytes).
    Removing rt_semaphore.o(i.rt_sem_wait), (64 bytes).
    Removing rt_time.o(i.rt_itv_set), (24 bytes).
    Removing rt_time.o(i.rt_itv_wait), (40 bytes).
    Removing rt_time.o(i.rt_time_get), (12 bytes).
    Removing rt_mutex.o(i.rt_mut_delete), (176 bytes).
    Removing rt_mutex.o(i.rt_mut_release), (216 bytes).
    Removing rt_mutex.o(i.rt_mut_wait), (120 bytes).
    Removing rt_membox.o(i._calloc_box), (30 bytes).
    Removing rt_robin.o(i.rt_chk_robin), (72 bytes).
    Removing rt_robin.o(i.rt_init_robin), (24 bytes).
    Removing rt_robin.o(.data), (8 bytes).
    Removing cdcmple.o(.text), (48 bytes).

149 unused section(s) (total 14169 bytes) removed from the image.

==============================================================================

Image Symbol Table

    Local Symbols

    Symbol Name                              Value     Ov Type        Size  Object(Section)

    RESET                                    0x00000000   Section      204  startup_lpc17xx.o(RESET)
    ../clib/microlib/division.c              0x00000000   Number         0  uldiv.o ABSOLUTE
    ../clib/microlib/errno.c                 0x00000000   Number         0  errno.o ABSOLUTE
    ../clib/microlib/init/entry.s            0x00000000   Number         0  entry5.o ABSOLUTE
    ../clib/microlib/init/entry.s            0x00000000   Number         0  entry11b.o ABSOLUTE
    ../clib/microlib/init/entry.s            0x00000000   Number         0  entry.o ABSOLUTE
    ../clib/microlib/init/entry.s            0x00000000   Number         0  entry2.o ABSOLUTE
    ../clib/microlib/init/entry.s            0x00000000   Number         0  entry8b.o ABSOLUTE
    ../clib/microlib/init/entry.s            0x00000000   Number         0  entry11a.o ABSOLUTE
    ../clib/microlib/init/entry.s            0x00000000   Number         0  entry12a.o ABSOLUTE
    ../clib/microlib/init/entry.s            0x00000000   Number         0  entry12b.o ABSOLUTE
    ../clib/microlib/init/entry.s            0x00000000   Number         0  entry10b.o ABSOLUTE
    ../clib/microlib/init/entry.s            0x00000000   Number         0  entry10a.o ABSOLUTE
    ../clib/microlib/init/entry.s            0x00000000   Number         0  entry8a.o ABSOLUTE
    ../clib/microlib/init/entry.s            0x00000000   Number         0  entry7b.o ABSOLUTE
    ../clib/microlib/init/entry.s            0x00000000   Number         0  entry7a.o ABSOLUTE
    ../clib/microlib/longlong.c              0x00000000   Number         0  llshl.o ABSOLUTE
    ../clib/microlib/longlong.c              0x00000000   Number         0  llsshr.o ABSOLUTE
    ../clib/microlib/longlong.c              0x00000000   Number         0  llushr.o ABSOLUTE
    ../clib/microlib/stubs.s                 0x00000000   Number         0  iusefp.o ABSOLUTE
    ../fplib/microlib/fpadd.c                0x00000000   Number         0  dadd.o ABSOLUTE
    ../fplib/microlib/fpdiv.c                0x00000000   Number         0  ddiv.o ABSOLUTE
    ../fplib/microlib/fpepilogue.c           0x00000000   Number         0  depilogue.o ABSOLUTE
    ../fplib/microlib/fpflt.c                0x00000000   Number         0  dfltui.o ABSOLUTE
    ../fplib/microlib/fpflt.c                0x00000000   Number         0  dflti.o ABSOLUTE
    ../fplib/microlib/fpmul.c                0x00000000   Number         0  dmul.o ABSOLUTE
    ../fplib/microlib/fpsqrt.c               0x00000000   Number         0  dsqrt.o ABSOLUTE
    ../mathlib/sqrt.c                        0x00000000   Number         0  sqrt.o ABSOLUTE
    ../mathlib/sqrt.c                        0x00000000   Number         0  sqrt_x.o ABSOLUTE
    ..\HAL_CM.c                              0x00000000   Number         0  hal_cm.o ABSOLUTE
    ..\\rt_CMSIS.c                           0x00000000   Number         0  rt_cmsis.o ABSOLUTE
    ..\\rt_System.c                          0x00000000   Number         0  rt_system.o ABSOLUTE
    ..\rt_CMSIS.c                            0x00000000   Number         0  rt_cmsis.o ABSOLUTE
    ..\rt_Event.c                            0x00000000   Number         0  rt_event.o ABSOLUTE
    ..\rt_List.c                             0x00000000   Number         0  rt_list.o ABSOLUTE
    ..\rt_Mailbox.c                          0x00000000   Number         0  rt_mailbox.o ABSOLUTE
    ..\rt_MemBox.c                           0x00000000   Number         0  rt_membox.o ABSOLUTE
    ..\rt_Memory.c                           0x00000000   Number         0  rt_memory.o ABSOLUTE
    ..\rt_Mutex.c                            0x00000000   Number         0  rt_mutex.o ABSOLUTE
    ..\rt_Robin.c                            0x00000000   Number         0  rt_robin.o ABSOLUTE
    ..\rt_Semaphore.c                        0x00000000   Number         0  rt_semaphore.o ABSOLUTE
    ..\rt_System.c                           0x00000000   Number         0  rt_system.o ABSOLUTE
    ..\rt_Task.c                             0x00000000   Number         0  rt_task.o ABSOLUTE
    ..\rt_Time.c                             0x00000000   Number         0  rt_time.o ABSOLUTE
    GLCD_SPI_LPC1700.c                       0x00000000   Number         0  glcd_spi_lpc1700.o ABSOLUTE
    GLCD_SPI_LPC1700.c                       0x00000000   Number         0  glcd_spi_lpc1700.o ABSOLUTE
    HAL_CM3.c                                0x00000000   Number         0  hal_cm3.o ABSOLUTE
    HAL_CM3.c                                0x00000000   Number         0  hal_cm3.o ABSOLUTE
    LED.c                                    0x00000000   Number         0  led.o ABSOLUTE
    LED.c                                    0x00000000   Number         0  led.o ABSOLUTE
    RTE/CMSIS/RTX_Conf_CM.c                  0x00000000   Number         0  rtx_conf_cm.o ABSOLUTE
    RTE/Device/LPC1768/startup_LPC17xx.s     0x00000000   Number         0  startup_lpc17xx.o ABSOLUTE
    RTE/Device/LPC1768/system_LPC17xx.c      0x00000000   Number         0  system_lpc17xx.o ABSOLUTE
    RTE\Device\LPC1768\system_LPC17xx.c      0x00000000   Number         0  system_lpc17xx.o ABSOLUTE
    SVC_Table.s                              0x00000000   Number         0  svc_table.o ABSOLUTE
    Thread.c                                 0x00000000   Number         0  thread.o ABSOLUTE
    Thread.c                                 0x00000000   Number         0  thread.o ABSOLUTE
    cdcmple.s                                0x00000000   Number         0  cdcmple.o ABSOLUTE
    dc.s                                     0x00000000   Number         0  dc.o ABSOLUTE
    handlers.s                               0x00000000   Number         0  handlers.o ABSOLUTE
    init.s                                   0x00000000   Number         0  init.o ABSOLUTE
    main.c                                   0x00000000   Number         0  main.o ABSOLUTE
    .ARM.Collect$$$$00000000                 0x000000cc   Section        0  entry.o(.ARM.Collect$$$$00000000)
    .ARM.Collect$$$$00000001                 0x000000cc   Section        4  entry2.o(.ARM.Collect$$$$00000001)
    .ARM.Collect$$$$00000004                 0x000000d0   Section        4  entry5.o(.ARM.Collect$$$$00000004)
    .ARM.Collect$$$$00000008                 0x000000d4   Section        0  entry7b.o(.ARM.Collect$$$$00000008)
    .ARM.Collect$$$$0000000A                 0x000000d4   Section        0  entry8b.o(.ARM.Collect$$$$0000000A)
    .ARM.Collect$$$$0000000E                 0x000000d4   Section        4  entry12b.o(.ARM.Collect$$$$0000000E)
    .ARM.Collect$$$$0000000F                 0x000000d8   Section        0  entry10a.o(.ARM.Collect$$$$0000000F)
    .ARM.Collect$$$$00000011                 0x000000d8   Section        0  entry11a.o(.ARM.Collect$$$$00000011)
    .ARM.Collect$$$$000000FF                 0x000000d8   Section        0  rtx_conf_cm.o(.ARM.Collect$$$$000000FF)
    .ARM.Collect$$$$00002712                 0x000000f0   Section        4  entry2.o(.ARM.Collect$$$$00002712)
    __lit__00000000                          0x000000f0   Data           4  entry2.o(.ARM.Collect$$$$00002712)
    .emb_text                                0x000000f4   Section      304  hal_cm3.o(.emb_text)
    .text                                    0x00000224   Section       36  startup_lpc17xx.o(.text)
    .text                                    0x00000248   Section        0  dflti.o(.text)
    .text                                    0x0000026a   Section        0  dfltui.o(.text)
    .text                                    0x00000284   Section        0  llshl.o(.text)
    .text                                    0x000002a2   Section        0  llushr.o(.text)
    .text                                    0x000002c2   Section        0  llsshr.o(.text)
    .text                                    0x000002e6   Section        0  iusefp.o(.text)
    SVC_TABLE                                0x000002e8   Section        4  svc_table.o(SVC_TABLE)
    i.__scatterload_copy                     0x000002ec   Section       14  handlers.o(i.__scatterload_copy)
    i.__scatterload_null                     0x000002fa   Section        2  handlers.o(i.__scatterload_null)
    .ARM.__at_0x02FC                         0x000002fc   Section        4  startup_lpc17xx.o(.ARM.__at_0x02FC)
    .text                                    0x00000300   Section        0  dadd.o(.text)
    .text                                    0x0000044e   Section        0  dmul.o(.text)
    .text                                    0x00000532   Section        0  ddiv.o(.text)
    .text                                    0x00000610   Section        0  depilogue.o(.text)
    .text                                    0x000006ca   Section        0  dsqrt.o(.text)
    .text                                    0x0000076c   Section       36  init.o(.text)
    i.Init_Thread                            0x00000790   Section        0  thread.o(i.Init_Thread)
    i.LED_Init                               0x00000848   Section        0  led.o(i.LED_Init)
    i.SystemInit                             0x00000878   Section        0  system_lpc17xx.o(i.SystemInit)
    i.Thread1                                0x000009b8   Section        0  thread.o(i.Thread1)
    i.Thread2                                0x000009f4   Section        0  thread.o(i.Thread2)
    i.Thread3                                0x00000a54   Section        0  thread.o(i.Thread3)
    i.Thread4                                0x00000ab0   Section        0  thread.o(i.Thread4)
    i.Thread5                                0x00000b30   Section        0  thread.o(i.Thread5)
    i.__scatterload_zeroinit                 0x00000bc8   Section       14  handlers.o(i.__scatterload_zeroinit)
    i.__set_errno                            0x00000bd8   Section        0  errno.o(i.__set_errno)
    i._init_box                              0x00000be4   Section        0  rt_membox.o(i._init_box)
    i.dbg_init                               0x00000c2c   Section        0  hal_cm.o(i.dbg_init)
    i.dbg_task_notify                        0x00000c5c   Section        0  hal_cm.o(i.dbg_task_notify)
    i.dbg_task_switch                        0x00000c7c   Section        0  hal_cm.o(i.dbg_task_switch)
    i.factorial                              0x00000c8c   Section        0  thread.o(i.factorial)
    i.isrMessageGet                          0x00000cbc   Section        0  rt_cmsis.o(i.isrMessageGet)
    i.isrMessagePut                          0x00000ce6   Section        0  rt_cmsis.o(i.isrMessagePut)
    i.isr_mbx_receive                        0x00000d14   Section        0  rt_mailbox.o(i.isr_mbx_receive)
    i.isr_mbx_send                           0x00000d6a   Section        0  rt_mailbox.o(i.isr_mbx_send)
    i.main                                   0x00000d78   Section        0  main.o(i.main)
    i.osDelay                                0x00000d98   Section        0  rt_cmsis.o(i.osDelay)
    i.osKernelInitialize                     0x00000db0   Section        0  rt_cmsis.o(i.osKernelInitialize)
    i.osKernelStart                          0x00000dd4   Section        0  rt_cmsis.o(i.osKernelStart)
    i.osMessageGet                           0x00000e40   Section        0  rt_cmsis.o(i.osMessageGet)
    i.osMutexCreate                          0x00000e58   Section        0  rt_cmsis.o(i.osMutexCreate)
    i.osThreadCreate                         0x00000e84   Section        0  rt_cmsis.o(i.osThreadCreate)
    i.osThreadExit                           0x00000eb0   Section        0  rt_cmsis.o(i.osThreadExit)
    i.osTimerCall                            0x00000ec8   Section        0  rt_cmsis.o(i.osTimerCall)
    i.osTimerThread                          0x00000ed4   Section        0  rt_cmsis.o(i.osTimerThread)
    i.os_error                               0x00000f00   Section        0  rtx_conf_cm.o(i.os_error)
    i.os_idle_demon                          0x00000f24   Section        0  rtx_conf_cm.o(i.os_idle_demon)
    i.os_tick_init                           0x00000f38   Section        0  rt_system.o(i.os_tick_init)
    i.os_tick_irqack                         0x00000f60   Section        0  rt_system.o(i.os_tick_irqack)
    i.rt_alloc_box                           0x00000f62   Section        0  rt_membox.o(i.rt_alloc_box)
    i.rt_alloc_mem                           0x00000f7c   Section        0  rt_memory.o(i.rt_alloc_mem)
    i.rt_block                               0x00000fbc   Section        0  rt_task.o(i.rt_block)
    i.rt_chk_robin                           0x00000ff4   Section        0  rtx_conf_cm.o(i.rt_chk_robin)
    i.rt_dec_dly                             0x00000ff8   Section        0  rt_list.o(i.rt_dec_dly)
    i.rt_dispatch                            0x00001068   Section        0  rt_task.o(i.rt_dispatch)
    i.rt_dly_wait                            0x000010ac   Section        0  rt_time.o(i.rt_dly_wait)
    i.rt_evt_psh                             0x000010b4   Section        0  rt_event.o(i.rt_evt_psh)
    i.rt_free_box                            0x00001104   Section        0  rt_membox.o(i.rt_free_box)
    i.rt_free_mem                            0x00001130   Section        0  rt_memory.o(i.rt_free_mem)
    i.rt_get_first                           0x00001158   Section        0  rt_list.o(i.rt_get_first)
    i.rt_id2obj                              0x00001180   Section        0  rt_cmsis.o(i.rt_id2obj)
    rt_id2obj                                0x00001181   Thumb Code     8  rt_cmsis.o(i.rt_id2obj)
    i.rt_init_context                        0x00001188   Section        0  rt_task.o(i.rt_init_context)
    rt_init_context                          0x00001189   Thumb Code    66  rt_task.o(i.rt_init_context)
    i.rt_init_mem                            0x000011d0   Section        0  rt_memory.o(i.rt_init_mem)
    i.rt_init_robin                          0x000011ea   Section        0  rtx_conf_cm.o(i.rt_init_robin)
    i.rt_init_stack                          0x000011ec   Section        0  hal_cm.o(i.rt_init_stack)
    i.rt_mbx_check                           0x0000126c   Section        0  rt_mailbox.o(i.rt_mbx_check)
    i.rt_mbx_init                            0x00001274   Section        0  rt_mailbox.o(i.rt_mbx_init)
    i.rt_mbx_psh                             0x00001290   Section        0  rt_mailbox.o(i.rt_mbx_psh)
    i.rt_mbx_wait                            0x00001380   Section        0  rt_mailbox.o(i.rt_mbx_wait)
    i.rt_ms2tick                             0x00001434   Section        0  rt_cmsis.o(i.rt_ms2tick)
    rt_ms2tick                               0x00001435   Thumb Code    58  rt_cmsis.o(i.rt_ms2tick)
    i.rt_mut_init                            0x00001478   Section        0  rt_mutex.o(i.rt_mut_init)
    i.rt_pop_req                             0x00001488   Section        0  rt_system.o(i.rt_pop_req)
    i.rt_psh_req                             0x00001504   Section        0  rt_system.o(i.rt_psh_req)
    i.rt_psq_enq                             0x00001524   Section        0  rt_list.o(i.rt_psq_enq)
    i.rt_put_dly                             0x00001580   Section        0  rt_list.o(i.rt_put_dly)
    i.rt_put_prio                            0x000015c8   Section        0  rt_list.o(i.rt_put_prio)
    i.rt_put_rdy_first                       0x00001600   Section        0  rt_list.o(i.rt_put_rdy_first)
    i.rt_resort_prio                         0x00001614   Section        0  rt_list.o(i.rt_resort_prio)
    i.rt_ret_val                             0x00001648   Section        0  hal_cm.o(i.rt_ret_val)
    i.rt_ret_val2                            0x0000164e   Section        0  hal_cm.o(i.rt_ret_val2)
    i.rt_rmv_dly                             0x00001656   Section        0  rt_list.o(i.rt_rmv_dly)
    i.rt_rmv_list                            0x00001680   Section        0  rt_list.o(i.rt_rmv_list)
    i.rt_sem_psh                             0x000016b0   Section        0  rt_semaphore.o(i.rt_sem_psh)
    i.rt_stk_check                           0x000016e4   Section        0  rt_system.o(i.rt_stk_check)
    i.rt_switch_req                          0x00001708   Section        0  rt_task.o(i.rt_switch_req)
    i.rt_sys_init                            0x00001730   Section        0  rt_task.o(i.rt_sys_init)
    i.rt_sys_start                           0x000017fc   Section        0  rt_task.o(i.rt_sys_start)
    i.rt_systick                             0x00001874   Section        0  rt_system.o(i.rt_systick)
    i.rt_tid2ptcb                            0x000018b4   Section        0  rt_cmsis.o(i.rt_tid2ptcb)
    rt_tid2ptcb                              0x000018b5   Thumb Code    18  rt_cmsis.o(i.rt_tid2ptcb)
    i.rt_timer_insert                        0x000018c8   Section        0  rt_cmsis.o(i.rt_timer_insert)
    rt_timer_insert                          0x000018c9   Thumb Code    48  rt_cmsis.o(i.rt_timer_insert)
    i.rt_tsk_create                          0x000018fc   Section        0  rt_task.o(i.rt_tsk_create)
    i.rt_tsk_delete                          0x00001984   Section        0  rt_task.o(i.rt_tsk_delete)
    i.rt_tsk_prio                            0x00001b00   Section        0  rt_task.o(i.rt_tsk_prio)
    i.rt_tsk_self                            0x00001b7c   Section        0  rt_task.o(i.rt_tsk_self)
    i.sqrt                                   0x00001b8c   Section        0  sqrt.o(i.sqrt)
    i.svcDelay                               0x00001bd8   Section        0  rt_cmsis.o(i.svcDelay)
    i.svcKernelInitialize                    0x00001bec   Section        0  rt_cmsis.o(i.svcKernelInitialize)
    i.svcKernelStart                         0x00001c5c   Section        0  rt_cmsis.o(i.svcKernelStart)
    i.svcMessageCreate                       0x00001ca4   Section        0  rt_cmsis.o(i.svcMessageCreate)
    i.svcMessageGet                          0x00001cc8   Section        0  rt_cmsis.o(i.svcMessageGet)
    i.svcMutexCreate                         0x00001d02   Section        0  rt_cmsis.o(i.svcMutexCreate)
    i.svcThreadCreate                        0x00001d20   Section        0  rt_cmsis.o(i.svcThreadCreate)
    i.svcThreadGetId                         0x00001d8c   Section        0  rt_cmsis.o(i.svcThreadGetId)
    i.svcThreadTerminate                     0x00001da8   Section        0  rt_cmsis.o(i.svcThreadTerminate)
    i.svcTimerCall                           0x00001de0   Section        0  rt_cmsis.o(i.svcTimerCall)
    i.sysTimerTick                           0x00001df8   Section        0  rt_cmsis.o(i.sysTimerTick)
    .constdata                               0x00001e54   Section       84  thread.o(.constdata)
    .constdata                               0x00001ea8   Section      104  rtx_conf_cm.o(.constdata)
    __tagsym$$used                           0x00001ec4   Number         0  rtx_conf_cm.o(.constdata)
    __tagsym$$used                           0x00001ec8   Number         0  rtx_conf_cm.o(.constdata)
    __tagsym$$used                           0x00001ecc   Number         0  rtx_conf_cm.o(.constdata)
    __tagsym$$used                           0x00001ed0   Number         0  rtx_conf_cm.o(.constdata)
    .bss                                     0x10000000   Section    25592  rtx_conf_cm.o(.bss)
    .data                                    0x2007c000   Section      104  thread.o(.data)
    .data                                    0x2007c068   Section       20  rtx_conf_cm.o(.data)
    .data                                    0x2007c07c   Section        8  rt_cmsis.o(.data)
    .data                                    0x2007c084   Section        8  rt_task.o(.data)
    .data                                    0x2007c08c   Section        8  rt_system.o(.data)
    os_lock                                  0x2007c08c   Data           1  rt_system.o(.data)
    os_psh_flag                              0x2007c08d   Data           1  rt_system.o(.data)
    pend_flags                               0x2007c08e   Data           1  rt_system.o(.data)
    .data                                    0x2007c094   Section        4  rt_time.o(.data)
    .data                                    0x2007c098   Section        1  hal_cm.o(.data)
    .data                                    0x2007c09c   Section        4  errno.o(.data)
    _errno                                   0x2007c09c   Data           4  errno.o(.data)
    .bss                                     0x2007c0a0   Section       16  thread.o(.bss)
    .bss                                     0x2007c0b0   Section       52  rt_task.o(.bss)
    .bss                                     0x2007c0e4   Section       48  rt_list.o(.bss)
    STACK                                    0x2007c118   Section      512  startup_lpc17xx.o(STACK)

    Global Symbols

    Symbol Name                              Value     Ov Type        Size  Object(Section)

    BuildAttributes$$THM_ISAv4$P$D$K$B$S$PE$A:L22UL41UL21$X:L11$S22US41US21$IEEE1$IW$USESV6$~STKCKD$USESV7$~SHL$OTIME$ROPI$IEEEJ$EBA8$MICROLIB$REQ8$PRES8$EABIv2 0x00000000   Number         0  anon$$obj.o ABSOLUTE
    __ARM_use_no_argv                        0x00000000   Number         0  main.o ABSOLUTE
    __Vectors                                0x00000000   Data           4  startup_lpc17xx.o(RESET)
    __arm_fini_                               - Undefined Weak Reference
    __cpp_initialize__aeabi_                  - Undefined Weak Reference
    __cxa_finalize                            - Undefined Weak Reference
    __decompress                              - Undefined Weak Reference
    _clock_init                               - Undefined Weak Reference
    _microlib_exit                            - Undefined Weak Reference
    __main                                   0x000000cd   Thumb Code     0  entry.o(.ARM.Collect$$$$00000000)
    _main_stk                                0x000000cd   Thumb Code     0  entry2.o(.ARM.Collect$$$$00000001)
    _main_scatterload                        0x000000d1   Thumb Code     0  entry5.o(.ARM.Collect$$$$00000004)
    __main_after_scatterload                 0x000000d5   Thumb Code     0  entry5.o(.ARM.Collect$$$$00000004)
    __rt_lib_shutdown_fini                   0x000000d5   Thumb Code     0  entry12b.o(.ARM.Collect$$$$0000000E)
    _main_clock                              0x000000d5   Thumb Code     0  entry7b.o(.ARM.Collect$$$$00000008)
    _main_cpp_init                           0x000000d5   Thumb Code     0  entry8b.o(.ARM.Collect$$$$0000000A)
    __rt_final_cpp                           0x000000d9   Thumb Code     0  entry10a.o(.ARM.Collect$$$$0000000F)
    __rt_final_exit                          0x000000d9   Thumb Code     0  entry11a.o(.ARM.Collect$$$$00000011)
    _main_init                               0x000000d9   Thumb Code    18  rtx_conf_cm.o(.ARM.Collect$$$$000000FF)
    rt_set_PSP                               0x000000f5   Thumb Code     6  hal_cm3.o(.emb_text)
    rt_get_PSP                               0x000000fb   Thumb Code     6  hal_cm3.o(.emb_text)
    os_set_env                               0x00000101   Thumb Code    24  hal_cm3.o(.emb_text)
    _alloc_box                               0x0000011d   Thumb Code    28  hal_cm3.o(.emb_text)
    _free_box                                0x0000013d   Thumb Code    28  hal_cm3.o(.emb_text)
    SVC_Handler                              0x0000015d   Thumb Code   108  hal_cm3.o(.emb_text)
    PendSV_Handler                           0x000001d5   Thumb Code    56  hal_cm3.o(.emb_text)
    SysTick_Handler                          0x00000211   Thumb Code     8  hal_cm3.o(.emb_text)
    OS_Tick_Handler                          0x00000219   Thumb Code    12  hal_cm3.o(.emb_text)
    Reset_Handler                            0x00000225   Thumb Code     8  startup_lpc17xx.o(.text)
    NMI_Handler                              0x0000022d   Thumb Code     2  startup_lpc17xx.o(.text)
    HardFault_Handler                        0x0000022f   Thumb Code     2  startup_lpc17xx.o(.text)
    MemManage_Handler                        0x00000231   Thumb Code     2  startup_lpc17xx.o(.text)
    BusFault_Handler                         0x00000233   Thumb Code     2  startup_lpc17xx.o(.text)
    UsageFault_Handler                       0x00000235   Thumb Code     2  startup_lpc17xx.o(.text)
    DebugMon_Handler                         0x00000239   Thumb Code     2  startup_lpc17xx.o(.text)
    ADC_IRQHandler                           0x0000023f   Thumb Code     0  startup_lpc17xx.o(.text)
    BOD_IRQHandler                           0x0000023f   Thumb Code     0  startup_lpc17xx.o(.text)
    CANActivity_IRQHandler                   0x0000023f   Thumb Code     0  startup_lpc17xx.o(.text)
    CAN_IRQHandler                           0x0000023f   Thumb Code     0  startup_lpc17xx.o(.text)
    DMA_IRQHandler                           0x0000023f   Thumb Code     0  startup_lpc17xx.o(.text)
    EINT0_IRQHandler                         0x0000023f   Thumb Code     0  startup_lpc17xx.o(.text)
    EINT1_IRQHandler                         0x0000023f   Thumb Code     0  startup_lpc17xx.o(.text)
    EINT2_IRQHandler                         0x0000023f   Thumb Code     0  startup_lpc17xx.o(.text)
    EINT3_IRQHandler                         0x0000023f   Thumb Code     0  startup_lpc17xx.o(.text)
    ENET_IRQHandler                          0x0000023f   Thumb Code     0  startup_lpc17xx.o(.text)
    I2C0_IRQHandler                          0x0000023f   Thumb Code     0  startup_lpc17xx.o(.text)
    I2C1_IRQHandler                          0x0000023f   Thumb Code     0  startup_lpc17xx.o(.text)
    I2C2_IRQHandler                          0x0000023f   Thumb Code     0  startup_lpc17xx.o(.text)
    I2S_IRQHandler                           0x0000023f   Thumb Code     0  startup_lpc17xx.o(.text)
    MCPWM_IRQHandler                         0x0000023f   Thumb Code     0  startup_lpc17xx.o(.text)
    PLL0_IRQHandler                          0x0000023f   Thumb Code     0  startup_lpc17xx.o(.text)
    PLL1_IRQHandler                          0x0000023f   Thumb Code     0  startup_lpc17xx.o(.text)
    PWM1_IRQHandler                          0x0000023f   Thumb Code     0  startup_lpc17xx.o(.text)
    QEI_IRQHandler                           0x0000023f   Thumb Code     0  startup_lpc17xx.o(.text)
    RIT_IRQHandler                           0x0000023f   Thumb Code     0  startup_lpc17xx.o(.text)
    RTC_IRQHandler                           0x0000023f   Thumb Code     0  startup_lpc17xx.o(.text)
    SPI_IRQHandler                           0x0000023f   Thumb Code     0  startup_lpc17xx.o(.text)
    SSP0_IRQHandler                          0x0000023f   Thumb Code     0  startup_lpc17xx.o(.text)
    SSP1_IRQHandler                          0x0000023f   Thumb Code     0  startup_lpc17xx.o(.text)
    TIMER0_IRQHandler                        0x0000023f   Thumb Code     0  startup_lpc17xx.o(.text)
    TIMER1_IRQHandler                        0x0000023f   Thumb Code     0  startup_lpc17xx.o(.text)
    TIMER2_IRQHandler                        0x0000023f   Thumb Code     0  startup_lpc17xx.o(.text)
    TIMER3_IRQHandler                        0x0000023f   Thumb Code     0  startup_lpc17xx.o(.text)
    UART0_IRQHandler                         0x0000023f   Thumb Code     0  startup_lpc17xx.o(.text)
    UART1_IRQHandler                         0x0000023f   Thumb Code     0  startup_lpc17xx.o(.text)
    UART2_IRQHandler                         0x0000023f   Thumb Code     0  startup_lpc17xx.o(.text)
    UART3_IRQHandler                         0x0000023f   Thumb Code     0  startup_lpc17xx.o(.text)
    USBActivity_IRQHandler                   0x0000023f   Thumb Code     0  startup_lpc17xx.o(.text)
    USB_IRQHandler                           0x0000023f   Thumb Code     0  startup_lpc17xx.o(.text)
    WDT_IRQHandler                           0x0000023f   Thumb Code     0  startup_lpc17xx.o(.text)
    __aeabi_i2d                              0x00000249   Thumb Code    34  dflti.o(.text)
    __aeabi_ui2d                             0x0000026b   Thumb Code    26  dfltui.o(.text)
    __aeabi_llsl                             0x00000285   Thumb Code    30  llshl.o(.text)
    _ll_shift_l                              0x00000285   Thumb Code     0  llshl.o(.text)
    __aeabi_llsr                             0x000002a3   Thumb Code    32  llushr.o(.text)
    _ll_ushift_r                             0x000002a3   Thumb Code     0  llushr.o(.text)
    __aeabi_lasr                             0x000002c3   Thumb Code    36  llsshr.o(.text)
    _ll_sshift_r                             0x000002c3   Thumb Code     0  llsshr.o(.text)
    __I$use$fp                               0x000002e7   Thumb Code     0  iusefp.o(.text)
    SVC_Count                                0x000002e8   Data           4  svc_table.o(SVC_TABLE)
    SVC_Table                                0x000002ec   Data           0  svc_table.o(SVC_TABLE)
    __scatterload_copy                       0x000002ed   Thumb Code    14  handlers.o(i.__scatterload_copy)
    __scatterload_null                       0x000002fb   Thumb Code     2  handlers.o(i.__scatterload_null)
    __aeabi_dadd                             0x00000301   Thumb Code   322  dadd.o(.text)
    __aeabi_dsub                             0x00000443   Thumb Code     6  dadd.o(.text)
    __aeabi_drsub                            0x00000449   Thumb Code     6  dadd.o(.text)
    __aeabi_dmul                             0x0000044f   Thumb Code   228  dmul.o(.text)
    __RL_RTX_VER                             0x00000482   Number         0  rt_system.o ABSOLUTE
    __aeabi_ddiv                             0x00000533   Thumb Code   222  ddiv.o(.text)
    _double_round                            0x00000611   Thumb Code    30  depilogue.o(.text)
    _double_epilogue                         0x0000062f   Thumb Code   156  depilogue.o(.text)
    _dsqrt                                   0x000006cb   Thumb Code   162  dsqrt.o(.text)
    __scatterload                            0x0000076d   Thumb Code    28  init.o(.text)
    __scatterload_rt2                        0x0000076d   Thumb Code     0  init.o(.text)
    Init_Thread                              0x00000791   Thumb Code   136  thread.o(i.Init_Thread)
    LED_Init                                 0x00000849   Thumb Code    40  led.o(i.LED_Init)
    SystemInit                               0x00000879   Thumb Code   302  system_lpc17xx.o(i.SystemInit)
    Thread1                                  0x000009b9   Thumb Code    50  thread.o(i.Thread1)
    Thread2                                  0x000009f5   Thumb Code    88  thread.o(i.Thread2)
    Thread3                                  0x00000a55   Thumb Code    84  thread.o(i.Thread3)
    Thread4                                  0x00000ab1   Thumb Code   108  thread.o(i.Thread4)
    Thread5                                  0x00000b31   Thumb Code   126  thread.o(i.Thread5)
    __scatterload_zeroinit                   0x00000bc9   Thumb Code    14  handlers.o(i.__scatterload_zeroinit)
    __set_errno                              0x00000bd9   Thumb Code     6  errno.o(i.__set_errno)
    _init_box                                0x00000be5   Thumb Code    70  rt_membox.o(i._init_box)
    dbg_init                                 0x00000c2d   Thumb Code    34  hal_cm.o(i.dbg_init)
    dbg_task_notify                          0x00000c5d   Thumb Code    32  hal_cm.o(i.dbg_task_notify)
    dbg_task_switch                          0x00000c7d   Thumb Code    16  hal_cm.o(i.dbg_task_switch)
    factorial                                0x00000c8d   Thumb Code    44  thread.o(i.factorial)
    isrMessageGet                            0x00000cbd   Thumb Code    42  rt_cmsis.o(i.isrMessageGet)
    isrMessagePut                            0x00000ce7   Thumb Code    44  rt_cmsis.o(i.isrMessagePut)
    isr_mbx_receive                          0x00000d15   Thumb Code    86  rt_mailbox.o(i.isr_mbx_receive)
    isr_mbx_send                             0x00000d6b   Thumb Code    14  rt_mailbox.o(i.isr_mbx_send)
    main                                     0x00000d79   Thumb Code    30  main.o(i.main)
    osDelay                                  0x00000d99   Thumb Code    18  rt_cmsis.o(i.osDelay)
    osKernelInitialize                       0x00000db1   Thumb Code    30  rt_cmsis.o(i.osKernelInitialize)
    osKernelStart                            0x00000dd5   Thumb Code    98  rt_cmsis.o(i.osKernelStart)
    osMessageGet                             0x00000e41   Thumb Code    18  rt_cmsis.o(i.osMessageGet)
    osMutexCreate                            0x00000e59   Thumb Code    36  rt_cmsis.o(i.osMutexCreate)
    osThreadCreate                           0x00000e85   Thumb Code    36  rt_cmsis.o(i.osThreadCreate)
    osThreadExit                             0x00000eb1   Thumb Code    14  rt_cmsis.o(i.osThreadExit)
    osTimerCall                              0x00000ec9   Thumb Code     8  rt_cmsis.o(i.osTimerCall)
    osTimerThread                            0x00000ed5   Thumb Code    38  rt_cmsis.o(i.osTimerThread)
    os_error                                 0x00000f01   Thumb Code    34  rtx_conf_cm.o(i.os_error)
    os_idle_demon                            0x00000f25   Thumb Code    14  rtx_conf_cm.o(i.os_idle_demon)
    os_tick_init                             0x00000f39   Thumb Code    32  rt_system.o(i.os_tick_init)
    os_tick_irqack                           0x00000f61   Thumb Code     2  rt_system.o(i.os_tick_irqack)
    rt_alloc_box                             0x00000f63   Thumb Code    26  rt_membox.o(i.rt_alloc_box)
    rt_alloc_mem                             0x00000f7d   Thumb Code    62  rt_memory.o(i.rt_alloc_mem)
    rt_block                                 0x00000fbd   Thumb Code    48  rt_task.o(i.rt_block)
    rt_chk_robin                             0x00000ff5   Thumb Code     2  rtx_conf_cm.o(i.rt_chk_robin)
    rt_dec_dly                               0x00000ff9   Thumb Code   102  rt_list.o(i.rt_dec_dly)
    rt_dispatch                              0x00001069   Thumb Code    60  rt_task.o(i.rt_dispatch)
    rt_dly_wait                              0x000010ad   Thumb Code     6  rt_time.o(i.rt_dly_wait)
    rt_evt_psh                               0x000010b5   Thumb Code    76  rt_event.o(i.rt_evt_psh)
    rt_free_box                              0x00001105   Thumb Code    44  rt_membox.o(i.rt_free_box)
    rt_free_mem                              0x00001131   Thumb Code    40  rt_memory.o(i.rt_free_mem)
    rt_get_first                             0x00001159   Thumb Code    40  rt_list.o(i.rt_get_first)
    rt_init_mem                              0x000011d1   Thumb Code    26  rt_memory.o(i.rt_init_mem)
    rt_init_robin                            0x000011eb   Thumb Code     2  rtx_conf_cm.o(i.rt_init_robin)
    rt_init_stack                            0x000011ed   Thumb Code   118  hal_cm.o(i.rt_init_stack)
    rt_mbx_check                             0x0000126d   Thumb Code     8  rt_mailbox.o(i.rt_mbx_check)
    rt_mbx_init                              0x00001275   Thumb Code    26  rt_mailbox.o(i.rt_mbx_init)
    rt_mbx_psh                               0x00001291   Thumb Code   236  rt_mailbox.o(i.rt_mbx_psh)
    rt_mbx_wait                              0x00001381   Thumb Code   174  rt_mailbox.o(i.rt_mbx_wait)
    rt_mut_init                              0x00001479   Thumb Code    16  rt_mutex.o(i.rt_mut_init)
    rt_pop_req                               0x00001489   Thumb Code   112  rt_system.o(i.rt_pop_req)
    rt_psh_req                               0x00001505   Thumb Code    22  rt_system.o(i.rt_psh_req)
    rt_psq_enq                               0x00001525   Thumb Code    88  rt_list.o(i.rt_psq_enq)
    rt_put_dly                               0x00001581   Thumb Code    68  rt_list.o(i.rt_put_dly)
    rt_put_prio                              0x000015c9   Thumb Code    54  rt_list.o(i.rt_put_prio)
    rt_put_rdy_first                         0x00001601   Thumb Code    14  rt_list.o(i.rt_put_rdy_first)
    rt_resort_prio                           0x00001615   Thumb Code    46  rt_list.o(i.rt_resort_prio)
    rt_ret_val                               0x00001649   Thumb Code     6  hal_cm.o(i.rt_ret_val)
    rt_ret_val2                              0x0000164f   Thumb Code     8  hal_cm.o(i.rt_ret_val2)
    rt_rmv_dly                               0x00001657   Thumb Code    40  rt_list.o(i.rt_rmv_dly)
    rt_rmv_list                              0x00001681   Thumb Code    44  rt_list.o(i.rt_rmv_list)
    rt_sem_psh                               0x000016b1   Thumb Code    48  rt_semaphore.o(i.rt_sem_psh)
    rt_stk_check                             0x000016e5   Thumb Code    28  rt_system.o(i.rt_stk_check)
    rt_switch_req                            0x00001709   Thumb Code    30  rt_task.o(i.rt_switch_req)
    rt_sys_init                              0x00001731   Thumb Code   138  rt_task.o(i.rt_sys_init)
    rt_sys_start                             0x000017fd   Thumb Code   110  rt_task.o(i.rt_sys_start)
    rt_systick                               0x00001875   Thumb Code    50  rt_system.o(i.rt_systick)
    rt_tsk_create                            0x000018fd   Thumb Code   118  rt_task.o(i.rt_tsk_create)
    rt_tsk_delete                            0x00001985   Thumb Code   352  rt_task.o(i.rt_tsk_delete)
    rt_tsk_prio                              0x00001b01   Thumb Code   108  rt_task.o(i.rt_tsk_prio)
    rt_tsk_self                              0x00001b7d   Thumb Code    12  rt_task.o(i.rt_tsk_self)
    sqrt                                     0x00001b8d   Thumb Code    76  sqrt.o(i.sqrt)
    svcDelay                                 0x00001bd9   Thumb Code    18  rt_cmsis.o(i.svcDelay)
    svcKernelInitialize                      0x00001bed   Thumb Code    80  rt_cmsis.o(i.svcKernelInitialize)
    svcKernelStart                           0x00001c5d   Thumb Code    62  rt_cmsis.o(i.svcKernelStart)
    svcMessageCreate                         0x00001ca5   Thumb Code    36  rt_cmsis.o(i.svcMessageCreate)
    svcMessageGet                            0x00001cc9   Thumb Code    58  rt_cmsis.o(i.svcMessageGet)
    svcMutexCreate                           0x00001d03   Thumb Code    28  rt_cmsis.o(i.svcMutexCreate)
    svcThreadCreate                          0x00001d21   Thumb Code    96  rt_cmsis.o(i.svcThreadCreate)
    svcThreadGetId                           0x00001d8d   Thumb Code    22  rt_cmsis.o(i.svcThreadGetId)
    svcThreadTerminate                       0x00001da9   Thumb Code    50  rt_cmsis.o(i.svcThreadTerminate)
    svcTimerCall                             0x00001de1   Thumb Code    24  rt_cmsis.o(i.svcTimerCall)
    sysTimerTick                             0x00001df9   Thumb Code    84  rt_cmsis.o(i.sysTimerTick)
    os_mutex_def_LOGGER_MUTEX                0x00001e54   Data           4  thread.o(.constdata)
    os_thread_def_Thread1                    0x00001e58   Data          16  thread.o(.constdata)
    os_thread_def_Thread2                    0x00001e68   Data          16  thread.o(.constdata)
    os_thread_def_Thread3                    0x00001e78   Data          16  thread.o(.constdata)
    os_thread_def_Thread4                    0x00001e88   Data          16  thread.o(.constdata)
    os_thread_def_Thread5                    0x00001e98   Data          16  thread.o(.constdata)
    os_maxtaskrun                            0x00001ea8   Data           2  rtx_conf_cm.o(.constdata)
    os_stackinfo                             0x00001eac   Data           4  rtx_conf_cm.o(.constdata)
    os_rrobin                                0x00001eb0   Data           4  rtx_conf_cm.o(.constdata)
    os_tickfreq                              0x00001eb4   Data           4  rtx_conf_cm.o(.constdata)
    os_tickus_i                              0x00001eb8   Data           2  rtx_conf_cm.o(.constdata)
    os_tickus_f                              0x00001eba   Data           2  rtx_conf_cm.o(.constdata)
    os_trv                                   0x00001ebc   Data           4  rtx_conf_cm.o(.constdata)
    os_flags                                 0x00001ec0   Data           1  rtx_conf_cm.o(.constdata)
    CMSIS_RTOS_API_Version                   0x00001ec4   Data           4  rtx_conf_cm.o(.constdata)
    CMSIS_RTOS_RTX_Version                   0x00001ec8   Data           4  rtx_conf_cm.o(.constdata)
    os_clockrate                             0x00001ecc   Data           4  rtx_conf_cm.o(.constdata)
    os_timernum                              0x00001ed0   Data           4  rtx_conf_cm.o(.constdata)
    mp_tcb_size                              0x00001ed4   Data           2  rtx_conf_cm.o(.constdata)
    mp_stk_size                              0x00001ed8   Data           4  rtx_conf_cm.o(.constdata)
    os_stack_sz                              0x00001edc   Data           4  rtx_conf_cm.o(.constdata)
    os_fifo_size                             0x00001ee0   Data           1  rtx_conf_cm.o(.constdata)
    os_thread_def_osTimerThread              0x00001ee4   Data          16  rtx_conf_cm.o(.constdata)
    os_messageQ_def_osTimerMessageQ          0x00001ef4   Data           8  rtx_conf_cm.o(.constdata)
    mp_tmr_size                              0x00001efc   Data           2  rtx_conf_cm.o(.constdata)
    os_thread_def_main                       0x00001f00   Data          16  rtx_conf_cm.o(.constdata)
    Region$$Table$$Base                      0x00001f10   Number         0  anon$$obj.o(Region$$Table)
    Region$$Table$$Limit                     0x00001f40   Number         0  anon$$obj.o(Region$$Table)
    mp_tcb                                   0x10000000   Data         376  rtx_conf_cm.o(.bss)
    mp_stk                                   0x10000178   Data       24592  rtx_conf_cm.o(.bss)
    os_stack_mem                             0x10006188   Data         432  rtx_conf_cm.o(.bss)
    os_fifo                                  0x10006338   Data         132  rtx_conf_cm.o(.bss)
    os_active_TCB                            0x100063bc   Data          28  rtx_conf_cm.o(.bss)
    os_messageQ_q_osTimerMessageQ            0x100063d8   Data          32  rtx_conf_cm.o(.bss)
    a                                        0x2007c000   Data           4  thread.o(.data)
    resulta                                  0x2007c004   Data           4  thread.o(.data)
    b                                        0x2007c008   Data           4  thread.o(.data)
    resultb                                  0x2007c010   Data           8  thread.o(.data)
    c                                        0x2007c018   Data           4  thread.o(.data)
    resultc                                  0x2007c020   Data           8  thread.o(.data)
    d                                        0x2007c028   Data           4  thread.o(.data)
    resultd                                  0x2007c030   Data           8  thread.o(.data)
    power                                    0x2007c038   Data           8  thread.o(.data)
    e                                        0x2007c040   Data           4  thread.o(.data)
    resulte                                  0x2007c048   Data           8  thread.o(.data)
    logger_mutex                             0x2007c050   Data           4  thread.o(.data)
    tid_Thread                               0x2007c054   Data           4  thread.o(.data)
    tid2_Thread                              0x2007c058   Data           4  thread.o(.data)
    tid3_Thread                              0x2007c05c   Data           4  thread.o(.data)
    tid4_Thread                              0x2007c060   Data           4  thread.o(.data)
    tid5_Thread                              0x2007c064   Data           4  thread.o(.data)
    countIDLE                                0x2007c068   Data           4  rtx_conf_cm.o(.data)
    osThreadId_osTimerThread                 0x2007c06c   Data           4  rtx_conf_cm.o(.data)
    osMessageQId_osTimerMessageQ             0x2007c070   Data           4  rtx_conf_cm.o(.data)
    os_tmr                                   0x2007c074   Data           4  rtx_conf_cm.o(.data)
    m_tmr                                    0x2007c078   Data           4  rtx_conf_cm.o(.data)
    os_initialized                           0x2007c07c   Data           1  rt_cmsis.o(.data)
    os_running                               0x2007c07d   Data           1  rt_cmsis.o(.data)
    os_timer_head                            0x2007c080   Data           4  rt_cmsis.o(.data)
    os_tsk                                   0x2007c084   Data           8  rt_task.o(.data)
    os_tick_irqn                             0x2007c090   Data           4  rt_system.o(.data)
    os_time                                  0x2007c094   Data           4  rt_time.o(.data)
    dbg_msg                                  0x2007c098   Data           1  hal_cm.o(.data)
    os_mutex_cb_LOGGER_MUTEX                 0x2007c0a0   Data          16  thread.o(.bss)
    os_idle_TCB                              0x2007c0b0   Data          52  rt_task.o(.bss)
    os_rdy                                   0x2007c0e4   Data          24  rt_list.o(.bss)
    os_dly                                   0x2007c0fc   Data          24  rt_list.o(.bss)
    __initial_sp                             0x2007c318   Data           0  startup_lpc17xx.o(STACK)



==============================================================================

Memory Map of the image

  Image Entry point : 0x000000cd

  Load Region LR_IROM1 (Base: 0x00000000, Size: 0x00001fe0, Max: 0x00080000, ABSOLUTE)

    Execution Region ER_IROM1 (Exec base: 0x00000000, Load base: 0x00000000, Size: 0x00001f40, Max: 0x00080000, ABSOLUTE)

    Exec Addr    Load Addr    Size         Type   Attr      Idx    E Section Name        Object

    0x00000000   0x00000000   0x000000cc   Data   RO          414    RESET               startup_lpc17xx.o
    0x000000cc   0x000000cc   0x00000000   Code   RO         1677  * .ARM.Collect$$$$00000000  mc_w.l(entry.o)
    0x000000cc   0x000000cc   0x00000004   Code   RO         1692    .ARM.Collect$$$$00000001  mc_w.l(entry2.o)
    0x000000d0   0x000000d0   0x00000004   Code   RO         1695    .ARM.Collect$$$$00000004  mc_w.l(entry5.o)
    0x000000d4   0x000000d4   0x00000000   Code   RO         1697    .ARM.Collect$$$$00000008  mc_w.l(entry7b.o)
    0x000000d4   0x000000d4   0x00000000   Code   RO         1699    .ARM.Collect$$$$0000000A  mc_w.l(entry8b.o)
    0x000000d4   0x000000d4   0x00000004   Code   RO         1705    .ARM.Collect$$$$0000000E  mc_w.l(entry12b.o)
    0x000000d8   0x000000d8   0x00000000   Code   RO         1700    .ARM.Collect$$$$0000000F  mc_w.l(entry10a.o)
    0x000000d8   0x000000d8   0x00000000   Code   RO         1702    .ARM.Collect$$$$00000011  mc_w.l(entry11a.o)
    0x000000d8   0x000000d8   0x00000018   Code   RO          365    .ARM.Collect$$$$000000FF  rtx_conf_cm.o
    0x000000f0   0x000000f0   0x00000004   Code   RO         1693    .ARM.Collect$$$$00002712  mc_w.l(entry2.o)
    0x000000f4   0x000000f4   0x00000130   Code   RO         1656    .emb_text           RTX_CM3.lib(hal_cm3.o)
    0x00000224   0x00000224   0x00000024   Code   RO          416    .text               startup_lpc17xx.o
    0x00000248   0x00000248   0x00000022   Code   RO         1688    .text               mf_w.l(dflti.o)
    0x0000026a   0x0000026a   0x0000001a   Code   RO         1690    .text               mf_w.l(dfltui.o)
    0x00000284   0x00000284   0x0000001e   Code   RO         1706    .text               mc_w.l(llshl.o)
    0x000002a2   0x000002a2   0x00000020   Code   RO         1708    .text               mc_w.l(llushr.o)
    0x000002c2   0x000002c2   0x00000024   Code   RO         1710    .text               mc_w.l(llsshr.o)
    0x000002e6   0x000002e6   0x00000000   Code   RO         1719    .text               mc_w.l(iusefp.o)
    0x000002e6   0x000002e6   0x00000002   PAD
    0x000002e8   0x000002e8   0x00000004   Code   RO         1666    SVC_TABLE           RTX_CM3.lib(svc_table.o)
    0x000002ec   0x000002ec   0x0000000e   Code   RO         1730    i.__scatterload_copy  mc_w.l(handlers.o)
    0x000002fa   0x000002fa   0x00000002   Code   RO         1731    i.__scatterload_null  mc_w.l(handlers.o)
    0x000002fc   0x000002fc   0x00000004   Code   RO          415    .ARM.__at_0x02FC    startup_lpc17xx.o
    0x00000300   0x00000300   0x0000014e   Code   RO         1682    .text               mf_w.l(dadd.o)
    0x0000044e   0x0000044e   0x000000e4   Code   RO         1684    .text               mf_w.l(dmul.o)
    0x00000532   0x00000532   0x000000de   Code   RO         1686    .text               mf_w.l(ddiv.o)
    0x00000610   0x00000610   0x000000ba   Code   RO         1720    .text               mf_w.l(depilogue.o)
    0x000006ca   0x000006ca   0x000000a2   Code   RO         1722    .text               mf_w.l(dsqrt.o)
    0x0000076c   0x0000076c   0x00000024   Code   RO         1726    .text               mc_w.l(init.o)
    0x00000790   0x00000790   0x000000b8   Code   RO           37    i.Init_Thread       thread.o
    0x00000848   0x00000848   0x00000030   Code   RO          329    i.LED_Init          led.o
    0x00000878   0x00000878   0x00000140   Code   RO          426    i.SystemInit        system_lpc17xx.o
    0x000009b8   0x000009b8   0x0000003c   Code   RO           38    i.Thread1           thread.o
    0x000009f4   0x000009f4   0x00000060   Code   RO           39    i.Thread2           thread.o
    0x00000a54   0x00000a54   0x0000005c   Code   RO           40    i.Thread3           thread.o
    0x00000ab0   0x00000ab0   0x00000080   Code   RO           41    i.Thread4           thread.o
    0x00000b30   0x00000b30   0x00000098   Code   RO           42    i.Thread5           thread.o
    0x00000bc8   0x00000bc8   0x0000000e   Code   RO         1732    i.__scatterload_zeroinit  mc_w.l(handlers.o)
    0x00000bd6   0x00000bd6   0x00000002   PAD
    0x00000bd8   0x00000bd8   0x0000000c   Code   RO         1714    i.__set_errno       mc_w.l(errno.o)
    0x00000be4   0x00000be4   0x00000046   Code   RO         1534    i._init_box         RTX_CM3.lib(rt_membox.o)
    0x00000c2a   0x00000c2a   0x00000002   PAD
    0x00000c2c   0x00000c2c   0x00000030   Code   RO         1587    i.dbg_init          RTX_CM3.lib(hal_cm.o)
    0x00000c5c   0x00000c5c   0x00000020   Code   RO         1588    i.dbg_task_notify   RTX_CM3.lib(hal_cm.o)
    0x00000c7c   0x00000c7c   0x00000010   Code   RO         1589    i.dbg_task_switch   RTX_CM3.lib(hal_cm.o)
    0x00000c8c   0x00000c8c   0x00000030   Code   RO           43    i.factorial         thread.o
    0x00000cbc   0x00000cbc   0x0000002a   Code   RO          461    i.isrMessageGet     RTX_CM3.lib(rt_cmsis.o)
    0x00000ce6   0x00000ce6   0x0000002c   Code   RO          462    i.isrMessagePut     RTX_CM3.lib(rt_cmsis.o)
    0x00000d12   0x00000d12   0x00000002   PAD
    0x00000d14   0x00000d14   0x00000056   Code   RO         1380    i.isr_mbx_receive   RTX_CM3.lib(rt_mailbox.o)
    0x00000d6a   0x00000d6a   0x0000000e   Code   RO         1381    i.isr_mbx_send      RTX_CM3.lib(rt_mailbox.o)
    0x00000d78   0x00000d78   0x0000001e   Code   RO            1    i.main              main.o
    0x00000d96   0x00000d96   0x00000002   PAD
    0x00000d98   0x00000d98   0x00000018   Code   RO          465    i.osDelay           RTX_CM3.lib(rt_cmsis.o)
    0x00000db0   0x00000db0   0x00000024   Code   RO          466    i.osKernelInitialize  RTX_CM3.lib(rt_cmsis.o)
    0x00000dd4   0x00000dd4   0x0000006c   Code   RO          468    i.osKernelStart     RTX_CM3.lib(rt_cmsis.o)
    0x00000e40   0x00000e40   0x00000018   Code   RO          477    i.osMessageGet      RTX_CM3.lib(rt_cmsis.o)
    0x00000e58   0x00000e58   0x0000002c   Code   RO          479    i.osMutexCreate     RTX_CM3.lib(rt_cmsis.o)
    0x00000e84   0x00000e84   0x0000002c   Code   RO          494    i.osThreadCreate    RTX_CM3.lib(rt_cmsis.o)
    0x00000eb0   0x00000eb0   0x00000018   Code   RO          495    i.osThreadExit      RTX_CM3.lib(rt_cmsis.o)
    0x00000ec8   0x00000ec8   0x0000000c   Code   RO          501    i.osTimerCall       RTX_CM3.lib(rt_cmsis.o)
    0x00000ed4   0x00000ed4   0x0000002c   Code   RO          506    i.osTimerThread     RTX_CM3.lib(rt_cmsis.o)
    0x00000f00   0x00000f00   0x00000022   Code   RO          366    i.os_error          rtx_conf_cm.o
    0x00000f22   0x00000f22   0x00000002   PAD
    0x00000f24   0x00000f24   0x00000014   Code   RO          367    i.os_idle_demon     rtx_conf_cm.o
    0x00000f38   0x00000f38   0x00000028   Code   RO         1168    i.os_tick_init      RTX_CM3.lib(rt_system.o)
    0x00000f60   0x00000f60   0x00000002   Code   RO         1169    i.os_tick_irqack    RTX_CM3.lib(rt_system.o)
    0x00000f62   0x00000f62   0x0000001a   Code   RO         1535    i.rt_alloc_box      RTX_CM3.lib(rt_membox.o)
    0x00000f7c   0x00000f7c   0x0000003e   Code   RO         1563    i.rt_alloc_mem      RTX_CM3.lib(rt_memory.o)
    0x00000fba   0x00000fba   0x00000002   PAD
    0x00000fbc   0x00000fbc   0x00000038   Code   RO         1083    i.rt_block          RTX_CM3.lib(rt_task.o)
    0x00000ff4   0x00000ff4   0x00000002   Code   RO          368    i.rt_chk_robin      rtx_conf_cm.o
    0x00000ff6   0x00000ff6   0x00000002   PAD
    0x00000ff8   0x00000ff8   0x00000070   Code   RO         1304    i.rt_dec_dly        RTX_CM3.lib(rt_list.o)
    0x00001068   0x00001068   0x00000044   Code   RO         1084    i.rt_dispatch       RTX_CM3.lib(rt_task.o)
    0x000010ac   0x000010ac   0x00000006   Code   RO         1470    i.rt_dly_wait       RTX_CM3.lib(rt_time.o)
    0x000010b2   0x000010b2   0x00000002   PAD
    0x000010b4   0x000010b4   0x00000050   Code   RO         1261    i.rt_evt_psh        RTX_CM3.lib(rt_event.o)
    0x00001104   0x00001104   0x0000002c   Code   RO         1536    i.rt_free_box       RTX_CM3.lib(rt_membox.o)
    0x00001130   0x00001130   0x00000028   Code   RO         1564    i.rt_free_mem       RTX_CM3.lib(rt_memory.o)
    0x00001158   0x00001158   0x00000028   Code   RO         1305    i.rt_get_first      RTX_CM3.lib(rt_list.o)
    0x00001180   0x00001180   0x00000008   Code   RO          511    i.rt_id2obj         RTX_CM3.lib(rt_cmsis.o)
    0x00001188   0x00001188   0x00000048   Code   RO         1085    i.rt_init_context   RTX_CM3.lib(rt_task.o)
    0x000011d0   0x000011d0   0x0000001a   Code   RO         1565    i.rt_init_mem       RTX_CM3.lib(rt_memory.o)
    0x000011ea   0x000011ea   0x00000002   Code   RO          369    i.rt_init_robin     rtx_conf_cm.o
    0x000011ec   0x000011ec   0x00000080   Code   RO         1590    i.rt_init_stack     RTX_CM3.lib(hal_cm.o)
    0x0000126c   0x0000126c   0x00000008   Code   RO         1382    i.rt_mbx_check      RTX_CM3.lib(rt_mailbox.o)
    0x00001274   0x00001274   0x0000001a   Code   RO         1383    i.rt_mbx_init       RTX_CM3.lib(rt_mailbox.o)
    0x0000128e   0x0000128e   0x00000002   PAD
    0x00001290   0x00001290   0x000000f0   Code   RO         1384    i.rt_mbx_psh        RTX_CM3.lib(rt_mailbox.o)
    0x00001380   0x00001380   0x000000b4   Code   RO         1386    i.rt_mbx_wait       RTX_CM3.lib(rt_mailbox.o)
    0x00001434   0x00001434   0x00000044   Code   RO          512    i.rt_ms2tick        RTX_CM3.lib(rt_cmsis.o)
    0x00001478   0x00001478   0x00000010   Code   RO         1504    i.rt_mut_init       RTX_CM3.lib(rt_mutex.o)
    0x00001488   0x00001488   0x0000007c   Code   RO         1172    i.rt_pop_req        RTX_CM3.lib(rt_system.o)
    0x00001504   0x00001504   0x00000020   Code   RO         1173    i.rt_psh_req        RTX_CM3.lib(rt_system.o)
    0x00001524   0x00001524   0x0000005c   Code   RO         1307    i.rt_psq_enq        RTX_CM3.lib(rt_list.o)
    0x00001580   0x00001580   0x00000048   Code   RO         1308    i.rt_put_dly        RTX_CM3.lib(rt_list.o)
    0x000015c8   0x000015c8   0x00000036   Code   RO         1309    i.rt_put_prio       RTX_CM3.lib(rt_list.o)
    0x000015fe   0x000015fe   0x00000002   PAD
    0x00001600   0x00001600   0x00000014   Code   RO         1310    i.rt_put_rdy_first  RTX_CM3.lib(rt_list.o)
    0x00001614   0x00001614   0x00000034   Code   RO         1311    i.rt_resort_prio    RTX_CM3.lib(rt_list.o)
    0x00001648   0x00001648   0x00000006   Code   RO         1591    i.rt_ret_val        RTX_CM3.lib(hal_cm.o)
    0x0000164e   0x0000164e   0x00000008   Code   RO         1592    i.rt_ret_val2       RTX_CM3.lib(hal_cm.o)
    0x00001656   0x00001656   0x00000028   Code   RO         1312    i.rt_rmv_dly        RTX_CM3.lib(rt_list.o)
    0x0000167e   0x0000167e   0x00000002   PAD
    0x00001680   0x00001680   0x00000030   Code   RO         1313    i.rt_rmv_list       RTX_CM3.lib(rt_list.o)
    0x000016b0   0x000016b0   0x00000034   Code   RO         1431    i.rt_sem_psh        RTX_CM3.lib(rt_semaphore.o)
    0x000016e4   0x000016e4   0x00000024   Code   RO         1175    i.rt_stk_check      RTX_CM3.lib(rt_system.o)
    0x00001708   0x00001708   0x00000028   Code   RO         1086    i.rt_switch_req     RTX_CM3.lib(rt_task.o)
    0x00001730   0x00001730   0x000000cc   Code   RO         1087    i.rt_sys_init       RTX_CM3.lib(rt_task.o)
    0x000017fc   0x000017fc   0x00000078   Code   RO         1088    i.rt_sys_start      RTX_CM3.lib(rt_task.o)
    0x00001874   0x00001874   0x00000040   Code   RO         1177    i.rt_systick        RTX_CM3.lib(rt_system.o)
    0x000018b4   0x000018b4   0x00000012   Code   RO          513    i.rt_tid2ptcb       RTX_CM3.lib(rt_cmsis.o)
    0x000018c6   0x000018c6   0x00000002   PAD
    0x000018c8   0x000018c8   0x00000034   Code   RO          514    i.rt_timer_insert   RTX_CM3.lib(rt_cmsis.o)
    0x000018fc   0x000018fc   0x00000088   Code   RO         1089    i.rt_tsk_create     RTX_CM3.lib(rt_task.o)
    0x00001984   0x00001984   0x0000017c   Code   RO         1090    i.rt_tsk_delete     RTX_CM3.lib(rt_task.o)
    0x00001b00   0x00001b00   0x0000007c   Code   RO         1092    i.rt_tsk_prio       RTX_CM3.lib(rt_task.o)
    0x00001b7c   0x00001b7c   0x00000010   Code   RO         1093    i.rt_tsk_self       RTX_CM3.lib(rt_task.o)
    0x00001b8c   0x00001b8c   0x0000004c   Code   RO         1670    i.sqrt              m_ws.l(sqrt.o)
    0x00001bd8   0x00001bd8   0x00000012   Code   RO          516    i.svcDelay          RTX_CM3.lib(rt_cmsis.o)
    0x00001bea   0x00001bea   0x00000002   PAD
    0x00001bec   0x00001bec   0x00000070   Code   RO          517    i.svcKernelInitialize  RTX_CM3.lib(rt_cmsis.o)
    0x00001c5c   0x00001c5c   0x00000048   Code   RO          519    i.svcKernelStart    RTX_CM3.lib(rt_cmsis.o)
    0x00001ca4   0x00001ca4   0x00000024   Code   RO          522    i.svcMessageCreate  RTX_CM3.lib(rt_cmsis.o)
    0x00001cc8   0x00001cc8   0x0000003a   Code   RO          523    i.svcMessageGet     RTX_CM3.lib(rt_cmsis.o)
    0x00001d02   0x00001d02   0x0000001c   Code   RO          525    i.svcMutexCreate    RTX_CM3.lib(rt_cmsis.o)
    0x00001d1e   0x00001d1e   0x00000002   PAD
    0x00001d20   0x00001d20   0x0000006c   Code   RO          537    i.svcThreadCreate   RTX_CM3.lib(rt_cmsis.o)
    0x00001d8c   0x00001d8c   0x0000001c   Code   RO          538    i.svcThreadGetId    RTX_CM3.lib(rt_cmsis.o)
    0x00001da8   0x00001da8   0x00000038   Code   RO          541    i.svcThreadTerminate  RTX_CM3.lib(rt_cmsis.o)
    0x00001de0   0x00001de0   0x00000018   Code   RO          543    i.svcTimerCall      RTX_CM3.lib(rt_cmsis.o)
    0x00001df8   0x00001df8   0x0000005c   Code   RO          552    i.sysTimerTick      RTX_CM3.lib(rt_cmsis.o)
    0x00001e54   0x00001e54   0x00000054   Data   RO           45    .constdata          thread.o
    0x00001ea8   0x00001ea8   0x00000068   Data   RO          371    .constdata          rtx_conf_cm.o
    0x00001f10   0x00001f10   0x00000030   Data   RO         1728    Region$$Table       anon$$obj.o


    Execution Region RW_IRAM1 (Exec base: 0x10000000, Load base: 0x00001f40, Size: 0x000063f8, Max: 0x00008000, ABSOLUTE)

    Exec Addr    Load Addr    Size         Type   Attr      Idx    E Section Name        Object

    0x10000000        -       0x000063f8   Zero   RW          370    .bss                rtx_conf_cm.o


    Execution Region RW_IRAM2 (Exec base: 0x2007c000, Load base: 0x00001f40, Size: 0x00000318, Max: 0x00008000, ABSOLUTE)

    Exec Addr    Load Addr    Size         Type   Attr      Idx    E Section Name        Object

    0x2007c000   0x00001f40   0x00000068   Data   RW           46    .data               thread.o
    0x2007c068   0x00001fa8   0x00000014   Data   RW          372    .data               rtx_conf_cm.o
    0x2007c07c   0x00001fbc   0x00000008   Data   RW          555    .data               RTX_CM3.lib(rt_cmsis.o)
    0x2007c084   0x00001fc4   0x00000008   Data   RW         1095    .data               RTX_CM3.lib(rt_task.o)
    0x2007c08c   0x00001fcc   0x00000008   Data   RW         1180    .data               RTX_CM3.lib(rt_system.o)
    0x2007c094   0x00001fd4   0x00000004   Data   RW         1474    .data               RTX_CM3.lib(rt_time.o)
    0x2007c098   0x00001fd8   0x00000001   Data   RW         1593    .data               RTX_CM3.lib(hal_cm.o)
    0x2007c099   0x00001fd9   0x00000003   PAD
    0x2007c09c   0x00001fdc   0x00000004   Data   RW         1715    .data               mc_w.l(errno.o)
    0x2007c0a0        -       0x00000010   Zero   RW           44    .bss                thread.o
    0x2007c0b0        -       0x00000034   Zero   RW         1094    .bss                RTX_CM3.lib(rt_task.o)
    0x2007c0e4        -       0x00000030   Zero   RW         1314    .bss                RTX_CM3.lib(rt_list.o)
    0x2007c114   0x00001fe0   0x00000004   PAD
    0x2007c118        -       0x00000200   Zero   RW          412    STACK               startup_lpc17xx.o


==============================================================================

Image component sizes


      Code (inc. data)   RO Data    RW Data    ZI Data      Debug   Object Name

        48          8          0          0          0        379   led.o
        30          0          0          0          0       9069   main.o
        82         12        104         20      25592       8689   rtx_conf_cm.o
        40         12        204          0        512       1016   startup_lpc17xx.o
       320         18          0          0          0        585   system_lpc17xx.o
       760        124         84        104         16       5387   thread.o

    ----------------------------------------------------------------------
      1286        174        440        124      26120      25125   Object Totals
         0          0         48          0          0          0   (incl. Generated)
         6          0          0          0          0          0   (incl. Padding)

    ----------------------------------------------------------------------

      Code (inc. data)   RO Data    RW Data    ZI Data      Debug   Library Member Name

       238         24          0          1          0       3244   hal_cm.o
       304         36          0          0          0        756   hal_cm3.o
      1224        152          0          8          0      34502   rt_cmsis.o
        80          4          0          0          0        649   rt_event.o
       530         34          0          0         48       8157   rt_list.o
       554         10          0          0          0       3889   rt_mailbox.o
       140          0          0          0          0       1889   rt_membox.o
       128          0          0          0          0       2267   rt_memory.o
        16          0          0          0          0        450   rt_mutex.o
        52          4          0          0          0        565   rt_semaphore.o
       298         52          0          8          0       6139   rt_system.o
      1216        174          0          8         52       9537   rt_task.o
         6          0          0          4          0        636   rt_time.o
         4          4          0          0          0        196   svc_table.o
        76          0          0          0          0         84   sqrt.o
         0          0          0          0          0          0   entry.o
         0          0          0          0          0          0   entry10a.o
         0          0          0          0          0          0   entry11a.o
         4          0          0          0          0          0   entry12b.o
         8          4          0          0          0          0   entry2.o
         4          0          0          0          0          0   entry5.o
         0          0          0          0          0          0   entry7b.o
         0          0          0          0          0          0   entry8b.o
        12          6          0          4          0         68   errno.o
        30          0          0          0          0          0   handlers.o
        36          8          0          0          0         68   init.o
         0          0          0          0          0          0   iusefp.o
        30          0          0          0          0         68   llshl.o
        36          0          0          0          0         68   llsshr.o
        32          0          0          0          0         68   llushr.o
       334          0          0          0          0        148   dadd.o
       222          0          0          0          0        100   ddiv.o
       186          0          0          0          0        176   depilogue.o
        34          0          0          0          0         76   dflti.o
        26          0          0          0          0         76   dfltui.o
       228          0          0          0          0         96   dmul.o
       162          0          0          0          0        100   dsqrt.o

    ----------------------------------------------------------------------
      6274        512          0         36        104      74072   Library Totals
        24          0          0          3          4          0   (incl. Padding)

    ----------------------------------------------------------------------

      Code (inc. data)   RO Data    RW Data    ZI Data      Debug   Library Name

      4790        494          0         29        100      72876   RTX_CM3.lib
        76          0          0          0          0         84   m_ws.l
       192         18          0          4          0        340   mc_w.l
      1192          0          0          0          0        772   mf_w.l

    ----------------------------------------------------------------------
      6274        512          0         36        104      74072   Library Totals

    ----------------------------------------------------------------------

==============================================================================


      Code (inc. data)   RO Data    RW Data    ZI Data      Debug   

      7560        686        440        160      26224      94513   Grand Totals
      7560        686        440        160      26224      94513   ELF Image Totals
      7560        686        440        160          0          0   ROM Totals

==============================================================================

    Total RO  Size (Code + RO Data)                 8000 (   7.81kB)
    Total RW  Size (RW Data + ZI Data)             26384 (  25.77kB)
    Total ROM Size (Code + RO Data + RW Data)       8160 (   7.97kB)

==============================================================================

